******************************************************************************
                  TI ARM Linker PC v18.1.4                     
******************************************************************************
>> Linked Wed Mar 13 11:51:51 2019

OUTPUT FILE NAME:   <2-2.out>
ENTRY POINT SYMBOL: "_c_int00_noargs"  address: 0000390d


MEMORY CONFIGURATION

         name            origin    length      used     unused   attr    fill
----------------------  --------  ---------  --------  --------  ----  --------
  FLASH                 00000000   00040000  00003fea  0003c016  R  X
  SRAM                  20000000   00008000  00000474  00007b8c  RW X


SEGMENT ALLOCATION MAP

run origin  load origin   length   init length attrs members
----------  ----------- ---------- ----------- ----- -------
00000000    00000000    00003fec   00003fec    r-x
  00000000    00000000    0000026c   0000026c    r-- .intvecs
  0000026c    0000026c    00003752   00003752    r-x .text
  000039c0    000039c0    00000608   00000608    r-- .const
  00003fc8    00003fc8    00000024   00000024    r-- .cinit
20000000    20000000    00000478   00000000    rw-
  20000000    20000000    0000026c   00000000    rw- .vtable
  20000270    20000270    00000200   00000000    rw- .stack
  20000470    20000470    00000008   00000000    rw- .bss


SECTION ALLOCATION MAP

 output                                  attributes/
section   page    origin      length       input sections
--------  ----  ----------  ----------   ----------------
.intvecs   0    00000000    0000026c     
                  00000000    0000026c     tm4c123gh6pm_startup_ccs.obj (.intvecs)

.text      0    0000026c    00003752     
                  0000026c    00000f80     sysctl.obj (.text)
                  000011ec    00000b94     gpio.obj (.text)
                  00001d80    0000083a     adc.obj (.text)
                  000025ba    00000002     --HOLE-- [fill = 0]
                  000025bc    0000062e     uart.obj (.text)
                  00002bea    00000002     --HOLE-- [fill = 0]
                  00002bec    000003ec     main.obj (.text)
                  00002fd8    000003c0     interrupt.obj (.text)
                  00003398    000001b6     rtsv7M4_T_le_v4SPD16_eabi.lib : fd_add_t2.asm.obj (.text)
                  0000354e    00000136                                   : fd_div_t2.asm.obj (.text)
                  00003684    000000fc                                   : fd_mul_t2.asm.obj (.text)
                  00003780    000000c0     fpu.obj (.text)
                  00003840    00000048     rtsv7M4_T_le_v4SPD16_eabi.lib : fd_toi_t2.asm.obj (.text)
                  00003888    00000044                                   : autoinit.c.obj (.text:__TI_auto_init_nobinit_nopinit:__TI_auto_init_nobinit_nopinit)
                  000038cc    0000003e     cpu.obj (.text)
                  0000390a    00000002     --HOLE-- [fill = 0]
                  0000390c    00000038     rtsv7M4_T_le_v4SPD16_eabi.lib : boot_cortex_m.c.obj (.text:_c_int00_noargs:_c_int00_noargs)
                  00003944    0000002e                                   : i_tofd_t2.asm.obj (.text)
                  00003972    00000020                                   : u_tofd_t2.asm.obj (.text)
                  00003992    00000012                                   : copy_zero_init.c.obj (.text:decompress:ZI:__TI_zero_init_nomemset:__TI_zero_init_nomemset)
                  000039a4    0000000c     tm4c123gh6pm_startup_ccs.obj (.text)
                  000039b0    00000006     sysctl.obj (.text:SysCtlDelay)
                  000039b6    00000004     rtsv7M4_T_le_v4SPD16_eabi.lib : pre_init.c.obj (.text:_system_pre_init)
                  000039ba    00000004                                   : exit.c.obj (.text:abort:abort)

.const     0    000039c0    00000608     
                  000039c0    000001b0     sysctl.obj (.const:g_pppui32XTALtoVCO)
                  00003b70    000000d8     gpio.obj (.const:g_ppui32GPIOIntMapSnowflake)
                  00003c48    000000c0     gpio.obj (.const:g_ppui32GPIOIntMapBlizzard)
                  00003d08    0000009c     interrupt.obj (.const:g_pui32Regs)
                  00003da4    00000090     gpio.obj (.const:g_pui32GPIOBaseAddrs)
                  00003e34    0000006c     sysctl.obj (.const:g_pui32Xtals)
                  00003ea0    00000040     uart.obj (.const:g_ppui32UARTIntMap)
                  00003ee0    00000040     uart.obj (.const:g_ppui32UARTIntMapSnowflake)
                  00003f20    00000030     sysctl.obj (.const:g_sXTALtoMEMTIM)
                  00003f50    00000020     interrupt.obj (.const:g_pui32Priority)
                  00003f70    00000014     interrupt.obj (.const:g_pui32Dii16Regs)
                  00003f84    00000014     interrupt.obj (.const:g_pui32EnRegs)
                  00003f98    00000014     interrupt.obj (.const:g_pui32PendRegs)
                  00003fac    00000014     interrupt.obj (.const:g_pui32UnpendRegs)
                  00003fc0    00000008     sysctl.obj (.const:g_pui32VCOFrequencies)

.cinit     0    00003fc8    00000024     
                  00003fc8    00000008     (.cinit..bss.load) [load image, compression = zero_init]
                  00003fd0    00000008     (.cinit..vtable.load) [load image, compression = zero_init]
                  00003fd8    00000004     (__TI_handler_table)
                  00003fdc    00000010     (__TI_cinit_table)

.init_array 
*          0    00000000    00000000     UNINITIALIZED

.vtable    0    20000000    0000026c     UNINITIALIZED
                  20000000    0000026c     interrupt.obj (.vtable)

.bss       0    20000470    00000008     UNINITIALIZED
                  20000470    00000008     adc.obj (.bss:g_pui8OversampleFactor)

.stack     0    20000270    00000200     UNINITIALIZED
                  20000270    00000004     rtsv7M4_T_le_v4SPD16_eabi.lib : boot_cortex_m.c.obj (.stack)
                  20000274    000001fc     --HOLE--

MODULE SUMMARY

       Module                         code    ro data   rw data
       ------                         ----    -------   -------
    .\
       main.obj                       1004    0         0      
       tm4c123gh6pm_startup_ccs.obj   12      620       0      
    +--+------------------------------+-------+---------+---------+
       Total:                         1016    620       0      
                                                               
    .\driverlib\
       sysctl.obj                     3974    596       0      
       gpio.obj                       2964    552       0      
       adc.obj                        2106    0         8      
       interrupt.obj                  960     268       620    
       uart.obj                       1582    128       0      
       fpu.obj                        192     0         0      
       cpu.obj                        62      0         0      
    +--+------------------------------+-------+---------+---------+
       Total:                         11840   1544      628    
                                                               
    C:\ti\ccsv8\tools\compiler\ti-cgt-arm_18.1.4.LTS\lib\rtsv7M4_T_le_v4SPD16_eabi.lib
       fd_add_t2.asm.obj              438     0         0      
       fd_div_t2.asm.obj              310     0         0      
       fd_mul_t2.asm.obj              252     0         0      
       fd_toi_t2.asm.obj              72      0         0      
       autoinit.c.obj                 68      0         0      
       boot_cortex_m.c.obj            56      0         0      
       i_tofd_t2.asm.obj              46      0         0      
       u_tofd_t2.asm.obj              32      0         0      
       copy_zero_init.c.obj           18      0         0      
       exit.c.obj                     4       0         0      
       pre_init.c.obj                 4       0         0      
    +--+------------------------------+-------+---------+---------+
       Total:                         1300    0         0      
                                                               
       Stack:                         0       0         512    
       Linker Generated:              0       36        0      
    +--+------------------------------+-------+---------+---------+
       Grand Total:                   14156   2200      1140   


LINKER GENERATED COPY TABLES

__TI_cinit_table @ 00003fdc records: 2, size/record: 8, table size: 16
	.bss: load addr=00003fc8, load size=00000008 bytes, run addr=20000470, run size=00000008 bytes, compression=zero_init
	.vtable: load addr=00003fd0, load size=00000008 bytes, run addr=20000000, run size=0000026c bytes, compression=zero_init


LINKER GENERATED HANDLER TABLE

__TI_handler_table @ 00003fd8 records: 1, size/record: 4, table size: 4
	index: 0, handler: __TI_zero_init


GLOBAL SYMBOLS: SORTED ALPHABETICALLY BY Name 

address   name                              
-------   ----                              
00002531  ADCBusy                           
00002579  ADCClockConfigGet                 
0000254f  ADCClockConfigSet                 
0000234b  ADCComparatorConfigure            
00002425  ADCComparatorIntClear             
000023d1  ADCComparatorIntDisable           
000023ef  ADCComparatorIntEnable            
00002411  ADCComparatorIntStatus            
00002367  ADCComparatorRegionSet            
0000238b  ADCComparatorReset                
00002319  ADCHardwareOversampleConfigure    
00001ebb  ADCIntClear                       
00002499  ADCIntClearEx                     
00001e21  ADCIntDisable                     
00002437  ADCIntDisableEx                   
00001e3d  ADCIntEnable                      
0000244f  ADCIntEnableEx                    
00001ddb  ADCIntRegister                    
00001e63  ADCIntStatus                      
00002467  ADCIntStatusEx                    
00001e03  ADCIntUnregister                  
000024eb  ADCPhaseDelayGet                  
000024d9  ADCPhaseDelaySet                  
0000212d  ADCProcessorTrigger               
000024c7  ADCReferenceGet                   
000024ab  ADCReferenceSet                   
00001f05  ADCSequenceConfigure              
00002515  ADCSequenceDMADisable             
000024f9  ADCSequenceDMAEnable              
000020eb  ADCSequenceDataGet                
00001eeb  ADCSequenceDisable                
00001ed1  ADCSequenceEnable                 
0000208f  ADCSequenceOverflow               
000020a7  ADCSequenceOverflowClear          
00001fa1  ADCSequenceStepConfigure          
000020bd  ADCSequenceUnderflow              
000020d5  ADCSequenceUnderflowClear         
00002151  ADCSoftwareOversampleConfigure    
00002285  ADCSoftwareOversampleDataGet      
000021a3  ADCSoftwareOversampleStepConfigure
000039bb  C$$EXIT                           
00003901  CPUbasepriGet                     
000038f3  CPUbasepriSet                     
000038cd  CPUcpsid                          
000038e3  CPUcpsie                          
000038d9  CPUprimask                        
000038ef  CPUwfi                            
00003793  FPUDisable                        
00003781  FPUEnable                         
000037ff  FPUFlushToZeroModeSet             
000037cb  FPUHalfPrecisionModeSet           
000037b3  FPULazyStackingEnable             
000037e5  FPUNaNModeSet                     
00003819  FPURoundingModeSet                
000037bf  FPUStackingDisable                
000037a1  FPUStackingEnable                 
00001d59  GPIOADCTriggerDisable             
00001d3b  GPIOADCTriggerEnable              
00001d1d  GPIODMATriggerDisable             
00001cff  GPIODMATriggerEnable              
000012a7  GPIODirModeGet                    
0000124b  GPIODirModeSet                    
0000180f  GPIOIntClear                      
000017d3  GPIOIntDisable                    
000017b9  GPIOIntEnable                     
00001823  GPIOIntRegister                   
0000185b  GPIOIntRegisterPin                
000017ed  GPIOIntStatus                     
00001397  GPIOIntTypeGet                    
000012f3  GPIOIntTypeSet                    
00001841  GPIOIntUnregister                 
00001889  GPIOIntUnregisterPin              
00001667  GPIOPadConfigGet                  
0000142d  GPIOPadConfigSet                  
00001ca1  GPIOPinConfigure                  
000018ad  GPIOPinRead                       
000018e5  GPIOPinTypeADC                    
00001909  GPIOPinTypeCAN                    
0000192d  GPIOPinTypeComparator             
00001951  GPIOPinTypeComparatorOutput       
00001975  GPIOPinTypeDIVSCLK                
00001999  GPIOPinTypeEPI                    
000019bd  GPIOPinTypeEthernetLED            
000019e1  GPIOPinTypeEthernetMII            
00001a05  GPIOPinTypeGPIOInput              
00001a29  GPIOPinTypeGPIOOutput             
00001a4d  GPIOPinTypeGPIOOutputOD           
00001a71  GPIOPinTypeHibernateRTCCLK        
00001a95  GPIOPinTypeI2C                    
00001ab9  GPIOPinTypeI2CSCL                 
00001add  GPIOPinTypeLCD                    
00001b01  GPIOPinTypeOneWire                
00001b25  GPIOPinTypePWM                    
00001b49  GPIOPinTypeQEI                    
00001b6d  GPIOPinTypeSSI                    
00001b91  GPIOPinTypeTimer                  
00001bb5  GPIOPinTypeTrace                  
00001bd9  GPIOPinTypeUART                   
00001bfd  GPIOPinTypeUSBAnalog              
00001c21  GPIOPinTypeUSBDigital             
00001c45  GPIOPinTypeWakeHigh               
00001c6b  GPIOPinTypeWakeLow                
00001c91  GPIOPinWakeStatus                 
000018c5  GPIOPinWrite                      
00003199  IntDisable                        
00003127  IntEnable                         
0000320b  IntIsEnabled                      
00002feb  IntMasterDisable                  
00002fdb  IntMasterEnable                   
00003301  IntPendClear                      
00003291  IntPendSet                        
00003103  IntPriorityGet                    
0000307b  IntPriorityGroupingGet            
00003061  IntPriorityGroupingSet            
0000335b  IntPriorityMaskGet                
0000334f  IntPriorityMaskSet                
000030b3  IntPrioritySet                    
00002ffb  IntRegister                       
00003363  IntTrigger                        
0000304d  IntUnregister                     
000039a5  ResetISR                          
000011a9  SysCtlAltClkConfig                
000008d1  SysCtlClockFreqSet                
00000d99  SysCtlClockGet                    
0000118d  SysCtlClockOutConfig              
00000bc9  SysCtlClockSet                    
000007d5  SysCtlDeepSleep                   
00000f5d  SysCtlDeepSleepClockConfigSet     
00000f3f  SysCtlDeepSleepClockSet           
000007b5  SysCtlDeepSleepPowerSet           
000039b1  SysCtlDelay                       
00000363  SysCtlFlashSectorSizeGet          
00000337  SysCtlFlashSizeGet                
00001033  SysCtlGPIOAHBDisable              
00001017  SysCtlGPIOAHBEnable               
00000749  SysCtlIntClear                    
00000731  SysCtlIntDisable                  
0000071d  SysCtlIntEnable                   
000006f5  SysCtlIntRegister                 
00000759  SysCtlIntStatus                   
0000070d  SysCtlIntUnregister               
0000079b  SysCtlLDODeepSleepGet             
0000078b  SysCtlLDODeepSleepSet             
00000785  SysCtlLDOSleepGet                 
00000775  SysCtlLDOSleepSet                 
0000080b  SysCtlMOSCConfigSet               
00001171  SysCtlNMIClear                    
0000115d  SysCtlNMIStatus                   
00000821  SysCtlPIOSCCalibrate              
00001001  SysCtlPWMClockGet                 
00000fe7  SysCtlPWMClockSet                 
000006a1  SysCtlPeripheralClockGating       
00000659  SysCtlPeripheralDeepSleepDisable  
00000609  SysCtlPeripheralDeepSleepEnable   
00000545  SysCtlPeripheralDisable           
00000509  SysCtlPeripheralEnable            
00000445  SysCtlPeripheralPowerOff          
00000409  SysCtlPeripheralPowerOn           
00000389  SysCtlPeripheralPresent           
000003c9  SysCtlPeripheralReady             
00000481  SysCtlPeripheralReset             
000005cd  SysCtlPeripheralSleepDisable      
00000589  SysCtlPeripheralSleepEnable       
000007c5  SysCtlReset                       
00000881  SysCtlResetBehaviorGet            
00000871  SysCtlResetBehaviorSet            
000007f7  SysCtlResetCauseClear             
000007f1  SysCtlResetCauseGet               
0000032d  SysCtlSRAMSizeGet                 
000007cd  SysCtlSleep                       
000007a1  SysCtlSleepPowerSet               
0000105b  SysCtlUSBPLLDisable               
0000104f  SysCtlUSBPLLEnable                
000010a1  SysCtlVCOGet                      
00001089  SysCtlVoltageEventClear           
0000106d  SysCtlVoltageEventConfig          
0000107d  SysCtlVoltageEventStatus          
00002b8d  UART9BitAddrSend                  
00002b67  UART9BitAddrSet                   
00002b51  UART9BitDisable                   
00002b3b  UART9BitEnable                    
000029df  UARTBreakCtl                      
00002a09  UARTBusy                          
00002987  UARTCharGet                       
0000296b  UARTCharGetNonBlocking            
000029c1  UARTCharPut                       
0000299d  UARTCharPutNonBlocking            
0000292f  UARTCharsAvail                    
00002b2b  UARTClockSourceGet                
00002b17  UARTClockSourceSet                
000026ff  UARTConfigGetExpClk               
00002689  UARTConfigSetExpClk               
00002add  UARTDMADisable                    
00002ac5  UARTDMAEnable                     
0000276f  UARTDisable                       
000027f3  UARTDisableSIR                    
0000274b  UARTEnable                        
000027c5  UARTEnableSIR                     
000027af  UARTFIFODisable                   
00002799  UARTFIFOEnable                    
00002661  UARTFIFOLevelGet                  
00002649  UARTFIFOLevelSet                  
000028ef  UARTFlowControlGet                
000028d3  UARTFlowControlSet                
00002ab3  UARTIntClear                      
00002a7d  UARTIntDisable                    
00002a65  UARTIntEnable                     
00002cf1  UARTIntHandler                    
00002a27  UARTIntRegister                   
00002a95  UARTIntStatus                     
00002a45  UARTIntUnregister                 
00002bd5  UARTLoopbackEnable                
00002889  UARTModemControlClear             
000028ad  UARTModemControlGet               
00002851  UARTModemControlSet               
000028bf  UARTModemStatusGet                
00002637  UARTParityModeGet                 
0000261b  UARTParityModeSet                 
00002b07  UARTRxErrorClear                  
00002af5  UARTRxErrorGet                    
00002f6d  UARTSend                          
0000283b  UARTSmartCardDisable              
00002809  UARTSmartCardEnable               
0000294d  UARTSpaceAvail                    
0000291d  UARTTxIntModeGet                  
00002901  UARTTxIntModeSet                  
20000470  __STACK_END                       
00000200  __STACK_SIZE                      
20000470  __STACK_TOP                       
00003fdc  __TI_CINIT_Base                   
00003fec  __TI_CINIT_Limit                  
00003fd8  __TI_Handler_Table_Base           
00003fdc  __TI_Handler_Table_Limit          
00003889  __TI_auto_init_nobinit_nopinit    
ffffffff  __TI_pprof_out_hndl               
ffffffff  __TI_prof_data_size               
ffffffff  __TI_prof_data_start              
00000000  __TI_static_base__                
00003993  __TI_zero_init_nomemset           
00003841  __aeabi_d2iz                      
000033a3  __aeabi_dadd                      
0000354f  __aeabi_ddiv                      
00003685  __aeabi_dmul                      
00003399  __aeabi_dsub                      
00003945  __aeabi_i2d                       
00003973  __aeabi_ui2d                      
ffffffff  __binit__                         
ffffffff  __c_args__                        
UNDEFED   __mpu_init                        
20000270  __stack                           
0000390d  _c_int00_noargs                   
UNDEFED   _system_post_cinit                
000039b7  _system_pre_init                  
000039bb  abort                             
ffffffff  binit                             
20000000  g_pfnRAMVectors                   
00000000  g_pfnVectors                      
00002bed  main                              


GLOBAL SYMBOLS: SORTED BY Symbol Address 

address   name                              
-------   ----                              
00000000  __TI_static_base__                
00000000  g_pfnVectors                      
00000200  __STACK_SIZE                      
0000032d  SysCtlSRAMSizeGet                 
00000337  SysCtlFlashSizeGet                
00000363  SysCtlFlashSectorSizeGet          
00000389  SysCtlPeripheralPresent           
000003c9  SysCtlPeripheralReady             
00000409  SysCtlPeripheralPowerOn           
00000445  SysCtlPeripheralPowerOff          
00000481  SysCtlPeripheralReset             
00000509  SysCtlPeripheralEnable            
00000545  SysCtlPeripheralDisable           
00000589  SysCtlPeripheralSleepEnable       
000005cd  SysCtlPeripheralSleepDisable      
00000609  SysCtlPeripheralDeepSleepEnable   
00000659  SysCtlPeripheralDeepSleepDisable  
000006a1  SysCtlPeripheralClockGating       
000006f5  SysCtlIntRegister                 
0000070d  SysCtlIntUnregister               
0000071d  SysCtlIntEnable                   
00000731  SysCtlIntDisable                  
00000749  SysCtlIntClear                    
00000759  SysCtlIntStatus                   
00000775  SysCtlLDOSleepSet                 
00000785  SysCtlLDOSleepGet                 
0000078b  SysCtlLDODeepSleepSet             
0000079b  SysCtlLDODeepSleepGet             
000007a1  SysCtlSleepPowerSet               
000007b5  SysCtlDeepSleepPowerSet           
000007c5  SysCtlReset                       
000007cd  SysCtlSleep                       
000007d5  SysCtlDeepSleep                   
000007f1  SysCtlResetCauseGet               
000007f7  SysCtlResetCauseClear             
0000080b  SysCtlMOSCConfigSet               
00000821  SysCtlPIOSCCalibrate              
00000871  SysCtlResetBehaviorSet            
00000881  SysCtlResetBehaviorGet            
000008d1  SysCtlClockFreqSet                
00000bc9  SysCtlClockSet                    
00000d99  SysCtlClockGet                    
00000f3f  SysCtlDeepSleepClockSet           
00000f5d  SysCtlDeepSleepClockConfigSet     
00000fe7  SysCtlPWMClockSet                 
00001001  SysCtlPWMClockGet                 
00001017  SysCtlGPIOAHBEnable               
00001033  SysCtlGPIOAHBDisable              
0000104f  SysCtlUSBPLLEnable                
0000105b  SysCtlUSBPLLDisable               
0000106d  SysCtlVoltageEventConfig          
0000107d  SysCtlVoltageEventStatus          
00001089  SysCtlVoltageEventClear           
000010a1  SysCtlVCOGet                      
0000115d  SysCtlNMIStatus                   
00001171  SysCtlNMIClear                    
0000118d  SysCtlClockOutConfig              
000011a9  SysCtlAltClkConfig                
0000124b  GPIODirModeSet                    
000012a7  GPIODirModeGet                    
000012f3  GPIOIntTypeSet                    
00001397  GPIOIntTypeGet                    
0000142d  GPIOPadConfigSet                  
00001667  GPIOPadConfigGet                  
000017b9  GPIOIntEnable                     
000017d3  GPIOIntDisable                    
000017ed  GPIOIntStatus                     
0000180f  GPIOIntClear                      
00001823  GPIOIntRegister                   
00001841  GPIOIntUnregister                 
0000185b  GPIOIntRegisterPin                
00001889  GPIOIntUnregisterPin              
000018ad  GPIOPinRead                       
000018c5  GPIOPinWrite                      
000018e5  GPIOPinTypeADC                    
00001909  GPIOPinTypeCAN                    
0000192d  GPIOPinTypeComparator             
00001951  GPIOPinTypeComparatorOutput       
00001975  GPIOPinTypeDIVSCLK                
00001999  GPIOPinTypeEPI                    
000019bd  GPIOPinTypeEthernetLED            
000019e1  GPIOPinTypeEthernetMII            
00001a05  GPIOPinTypeGPIOInput              
00001a29  GPIOPinTypeGPIOOutput             
00001a4d  GPIOPinTypeGPIOOutputOD           
00001a71  GPIOPinTypeHibernateRTCCLK        
00001a95  GPIOPinTypeI2C                    
00001ab9  GPIOPinTypeI2CSCL                 
00001add  GPIOPinTypeLCD                    
00001b01  GPIOPinTypeOneWire                
00001b25  GPIOPinTypePWM                    
00001b49  GPIOPinTypeQEI                    
00001b6d  GPIOPinTypeSSI                    
00001b91  GPIOPinTypeTimer                  
00001bb5  GPIOPinTypeTrace                  
00001bd9  GPIOPinTypeUART                   
00001bfd  GPIOPinTypeUSBAnalog              
00001c21  GPIOPinTypeUSBDigital             
00001c45  GPIOPinTypeWakeHigh               
00001c6b  GPIOPinTypeWakeLow                
00001c91  GPIOPinWakeStatus                 
00001ca1  GPIOPinConfigure                  
00001cff  GPIODMATriggerEnable              
00001d1d  GPIODMATriggerDisable             
00001d3b  GPIOADCTriggerEnable              
00001d59  GPIOADCTriggerDisable             
00001ddb  ADCIntRegister                    
00001e03  ADCIntUnregister                  
00001e21  ADCIntDisable                     
00001e3d  ADCIntEnable                      
00001e63  ADCIntStatus                      
00001ebb  ADCIntClear                       
00001ed1  ADCSequenceEnable                 
00001eeb  ADCSequenceDisable                
00001f05  ADCSequenceConfigure              
00001fa1  ADCSequenceStepConfigure          
0000208f  ADCSequenceOverflow               
000020a7  ADCSequenceOverflowClear          
000020bd  ADCSequenceUnderflow              
000020d5  ADCSequenceUnderflowClear         
000020eb  ADCSequenceDataGet                
0000212d  ADCProcessorTrigger               
00002151  ADCSoftwareOversampleConfigure    
000021a3  ADCSoftwareOversampleStepConfigure
00002285  ADCSoftwareOversampleDataGet      
00002319  ADCHardwareOversampleConfigure    
0000234b  ADCComparatorConfigure            
00002367  ADCComparatorRegionSet            
0000238b  ADCComparatorReset                
000023d1  ADCComparatorIntDisable           
000023ef  ADCComparatorIntEnable            
00002411  ADCComparatorIntStatus            
00002425  ADCComparatorIntClear             
00002437  ADCIntDisableEx                   
0000244f  ADCIntEnableEx                    
00002467  ADCIntStatusEx                    
00002499  ADCIntClearEx                     
000024ab  ADCReferenceSet                   
000024c7  ADCReferenceGet                   
000024d9  ADCPhaseDelaySet                  
000024eb  ADCPhaseDelayGet                  
000024f9  ADCSequenceDMAEnable              
00002515  ADCSequenceDMADisable             
00002531  ADCBusy                           
0000254f  ADCClockConfigSet                 
00002579  ADCClockConfigGet                 
0000261b  UARTParityModeSet                 
00002637  UARTParityModeGet                 
00002649  UARTFIFOLevelSet                  
00002661  UARTFIFOLevelGet                  
00002689  UARTConfigSetExpClk               
000026ff  UARTConfigGetExpClk               
0000274b  UARTEnable                        
0000276f  UARTDisable                       
00002799  UARTFIFOEnable                    
000027af  UARTFIFODisable                   
000027c5  UARTEnableSIR                     
000027f3  UARTDisableSIR                    
00002809  UARTSmartCardEnable               
0000283b  UARTSmartCardDisable              
00002851  UARTModemControlSet               
00002889  UARTModemControlClear             
000028ad  UARTModemControlGet               
000028bf  UARTModemStatusGet                
000028d3  UARTFlowControlSet                
000028ef  UARTFlowControlGet                
00002901  UARTTxIntModeSet                  
0000291d  UARTTxIntModeGet                  
0000292f  UARTCharsAvail                    
0000294d  UARTSpaceAvail                    
0000296b  UARTCharGetNonBlocking            
00002987  UARTCharGet                       
0000299d  UARTCharPutNonBlocking            
000029c1  UARTCharPut                       
000029df  UARTBreakCtl                      
00002a09  UARTBusy                          
00002a27  UARTIntRegister                   
00002a45  UARTIntUnregister                 
00002a65  UARTIntEnable                     
00002a7d  UARTIntDisable                    
00002a95  UARTIntStatus                     
00002ab3  UARTIntClear                      
00002ac5  UARTDMAEnable                     
00002add  UARTDMADisable                    
00002af5  UARTRxErrorGet                    
00002b07  UARTRxErrorClear                  
00002b17  UARTClockSourceSet                
00002b2b  UARTClockSourceGet                
00002b3b  UART9BitEnable                    
00002b51  UART9BitDisable                   
00002b67  UART9BitAddrSet                   
00002b8d  UART9BitAddrSend                  
00002bd5  UARTLoopbackEnable                
00002bed  main                              
00002cf1  UARTIntHandler                    
00002f6d  UARTSend                          
00002fdb  IntMasterEnable                   
00002feb  IntMasterDisable                  
00002ffb  IntRegister                       
0000304d  IntUnregister                     
00003061  IntPriorityGroupingSet            
0000307b  IntPriorityGroupingGet            
000030b3  IntPrioritySet                    
00003103  IntPriorityGet                    
00003127  IntEnable                         
00003199  IntDisable                        
0000320b  IntIsEnabled                      
00003291  IntPendSet                        
00003301  IntPendClear                      
0000334f  IntPriorityMaskSet                
0000335b  IntPriorityMaskGet                
00003363  IntTrigger                        
00003399  __aeabi_dsub                      
000033a3  __aeabi_dadd                      
0000354f  __aeabi_ddiv                      
00003685  __aeabi_dmul                      
00003781  FPUEnable                         
00003793  FPUDisable                        
000037a1  FPUStackingEnable                 
000037b3  FPULazyStackingEnable             
000037bf  FPUStackingDisable                
000037cb  FPUHalfPrecisionModeSet           
000037e5  FPUNaNModeSet                     
000037ff  FPUFlushToZeroModeSet             
00003819  FPURoundingModeSet                
00003841  __aeabi_d2iz                      
00003889  __TI_auto_init_nobinit_nopinit    
000038cd  CPUcpsid                          
000038d9  CPUprimask                        
000038e3  CPUcpsie                          
000038ef  CPUwfi                            
000038f3  CPUbasepriSet                     
00003901  CPUbasepriGet                     
0000390d  _c_int00_noargs                   
00003945  __aeabi_i2d                       
00003973  __aeabi_ui2d                      
00003993  __TI_zero_init_nomemset           
000039a5  ResetISR                          
000039b1  SysCtlDelay                       
000039b7  _system_pre_init                  
000039bb  C$$EXIT                           
000039bb  abort                             
00003fd8  __TI_Handler_Table_Base           
00003fdc  __TI_CINIT_Base                   
00003fdc  __TI_Handler_Table_Limit          
00003fec  __TI_CINIT_Limit                  
20000000  g_pfnRAMVectors                   
20000270  __stack                           
20000470  __STACK_END                       
20000470  __STACK_TOP                       
ffffffff  __TI_pprof_out_hndl               
ffffffff  __TI_prof_data_size               
ffffffff  __TI_prof_data_start              
ffffffff  __binit__                         
ffffffff  __c_args__                        
ffffffff  binit                             
UNDEFED   __mpu_init                        
UNDEFED   _system_post_cinit                

[258 symbols]
