******************************************************************************
                  TI ARM Linker PC v18.1.4                     
******************************************************************************
>> Linked Tue Mar 12 15:15:48 2019

OUTPUT FILE NAME:   <2-3.out>
ENTRY POINT SYMBOL: "_c_int00_noargs"  address: 00003585


MEMORY CONFIGURATION

         name            origin    length      used     unused   attr    fill
----------------------  --------  ---------  --------  --------  ----  --------
  FLASH                 00000000   00040000  00003c7e  0003c382  R  X
  SRAM                  20000000   00008000  0000047c  00007b84  RW X


SEGMENT ALLOCATION MAP

run origin  load origin   length   init length attrs members
----------  ----------- ---------- ----------- ----- -------
00000000    00000000    00003c80   00003c80    r-x
  00000000    00000000    00000268   00000268    r-- .intvecs
  00000268    00000268    000033ae   000033ae    r-x .text
  00003618    00003618    00000628   00000628    r-- .const
  00003c40    00003c40    00000040   00000040    r-- .cinit
20000000    20000000    0000047c   00000000    rw-
  20000000    20000000    0000026c   00000000    rw- .vtable
  2000026c    2000026c    00000004   00000000    rw- .data
  20000270    20000270    00000200   00000000    rw- .stack
  20000470    20000470    0000000c   00000000    rw- .bss


SECTION ALLOCATION MAP

 output                                  attributes/
section   page    origin      length       input sections
--------  ----  ----------  ----------   ----------------
.intvecs   0    00000000    00000268     
                  00000000    00000268     tm4c123gh6pm_startup_ccs.obj (.intvecs)

.text      0    00000268    000033ae     
                  00000268    00000f80     sysctl.obj (.text)
                  000011e8    00000b94     gpio.obj (.text)
                  00001d7c    0000083a     adc.obj (.text)
                  000025b6    00000002     --HOLE-- [fill = 0]
                  000025b8    00000642     timer.obj (.text)
                  00002bfa    00000002     --HOLE-- [fill = 0]
                  00002bfc    000003c0     interrupt.obj (.text)
                  00002fbc    000001c8     main.obj (.text)
                  00003184    00000136     rtsv7M4_T_le_v4SPD16_eabi.lib : fd_div_t2.asm.obj (.text)
                  000032ba    000000fc                                   : fd_mul_t2.asm.obj (.text)
                  000033b6    0000009c                                   : memcpy_t2.asm.obj (.text)
                  00003452    00000068                                   : copy_decompress_lzss.c.obj (.text:decompress:lzss:__TI_decompress_lzss)
                  000034ba    00000002     --HOLE-- [fill = 0]
                  000034bc    00000044                                   : autoinit.c.obj (.text:__TI_auto_init_nobinit_nopinit:__TI_auto_init_nobinit_nopinit)
                  00003500    00000044                                   : fd_tou_t2.asm.obj (.text)
                  00003544    0000003e     cpu.obj (.text)
                  00003582    00000002     --HOLE-- [fill = 0]
                  00003584    00000038     rtsv7M4_T_le_v4SPD16_eabi.lib : boot_cortex_m.c.obj (.text:_c_int00_noargs:_c_int00_noargs)
                  000035bc    00000020                                   : u_tofd_t2.asm.obj (.text)
                  000035dc    00000012                                   : copy_zero_init.c.obj (.text:decompress:ZI:__TI_zero_init_nomemset:__TI_zero_init_nomemset)
                  000035ee    0000000e                                   : copy_decompress_none.c.obj (.text:decompress:none:__TI_decompress_none)
                  000035fc    0000000c     tm4c123gh6pm_startup_ccs.obj (.text)
                  00003608    00000006     sysctl.obj (.text:SysCtlDelay)
                  0000360e    00000004     rtsv7M4_T_le_v4SPD16_eabi.lib : pre_init.c.obj (.text:_system_pre_init)
                  00003612    00000004                                   : exit.c.obj (.text:abort:abort)

.const     0    00003618    00000628     
                  00003618    000001b0     sysctl.obj (.const:g_pppui32XTALtoVCO)
                  000037c8    000000d8     gpio.obj (.const:g_ppui32GPIOIntMapSnowflake)
                  000038a0    000000c0     gpio.obj (.const:g_ppui32GPIOIntMapBlizzard)
                  00003960    0000009c     interrupt.obj (.const:g_pui32Regs)
                  000039fc    00000090     gpio.obj (.const:g_pui32GPIOBaseAddrs)
                  00003a8c    0000006c     sysctl.obj (.const:g_pui32Xtals)
                  00003af8    00000060     timer.obj (.const:g_ppui32TimerIntMap)
                  00003b58    00000040     timer.obj (.const:g_ppui32TimerIntMapSnowflake)
                  00003b98    00000030     sysctl.obj (.const:g_sXTALtoMEMTIM)
                  00003bc8    00000020     interrupt.obj (.const:g_pui32Priority)
                  00003be8    00000014     interrupt.obj (.const:g_pui32Dii16Regs)
                  00003bfc    00000014     interrupt.obj (.const:g_pui32EnRegs)
                  00003c10    00000014     interrupt.obj (.const:g_pui32PendRegs)
                  00003c24    00000014     interrupt.obj (.const:g_pui32UnpendRegs)
                  00003c38    00000008     sysctl.obj (.const:g_pui32VCOFrequencies)

.cinit     0    00003c40    00000040     
                  00003c40    0000000c     (__TI_handler_table)
                  00003c4c    00000004     --HOLE-- [fill = 0]
                  00003c50    00000008     (.cinit..bss.load) [load image, compression = zero_init]
                  00003c58    00000008     (.cinit..vtable.load) [load image, compression = zero_init]
                  00003c60    00000007     (.cinit..data.load) [load image, compression = lzss]
                  00003c67    00000001     --HOLE-- [fill = 0]
                  00003c68    00000018     (__TI_cinit_table)

.init_array 
*          0    00000000    00000000     UNINITIALIZED

.vtable    0    20000000    0000026c     UNINITIALIZED
                  20000000    0000026c     interrupt.obj (.vtable)

.data      0    2000026c    00000004     UNINITIALIZED
                  2000026c    00000004     main.obj (.data)

.bss       0    20000470    0000000c     UNINITIALIZED
                  20000470    00000008     adc.obj (.bss:g_pui8OversampleFactor)
                  20000478    00000004     (.common:ui32Period)

.stack     0    20000270    00000200     UNINITIALIZED
                  20000270    00000004     rtsv7M4_T_le_v4SPD16_eabi.lib : boot_cortex_m.c.obj (.stack)
                  20000274    000001fc     --HOLE--

MODULE SUMMARY

       Module                         code    ro data   rw data
       ------                         ----    -------   -------
    .\
       tm4c123gh6pm_startup_ccs.obj   12      616       0      
       main.obj                       456     0         8      
    +--+------------------------------+-------+---------+---------+
       Total:                         468     616       8      
                                                               
    .\driverlib\
       sysctl.obj                     3974    596       0      
       gpio.obj                       2964    552       0      
       adc.obj                        2106    0         8      
       interrupt.obj                  960     268       620    
       timer.obj                      1602    160       0      
       cpu.obj                        62      0         0      
    +--+------------------------------+-------+---------+---------+
       Total:                         11668   1576      628    
                                                               
    C:\ti\ccsv8\tools\compiler\ti-cgt-arm_18.1.4.LTS\lib\rtsv7M4_T_le_v4SPD16_eabi.lib
       fd_div_t2.asm.obj              310     0         0      
       fd_mul_t2.asm.obj              252     0         0      
       memcpy_t2.asm.obj              156     0         0      
       copy_decompress_lzss.c.obj     104     0         0      
       autoinit.c.obj                 68      0         0      
       fd_tou_t2.asm.obj              68      0         0      
       boot_cortex_m.c.obj            56      0         0      
       u_tofd_t2.asm.obj              32      0         0      
       copy_zero_init.c.obj           18      0         0      
       copy_decompress_none.c.obj     14      0         0      
       exit.c.obj                     4       0         0      
       pre_init.c.obj                 4       0         0      
    +--+------------------------------+-------+---------+---------+
       Total:                         1086    0         0      
                                                               
       Stack:                         0       0         512    
       Linker Generated:              0       59        0      
    +--+------------------------------+-------+---------+---------+
       Grand Total:                   13222   2251      1148   


LINKER GENERATED COPY TABLES

__TI_cinit_table @ 00003c68 records: 3, size/record: 8, table size: 24
	.bss: load addr=00003c50, load size=00000008 bytes, run addr=20000470, run size=0000000c bytes, compression=zero_init
	.vtable: load addr=00003c58, load size=00000008 bytes, run addr=20000000, run size=0000026c bytes, compression=zero_init
	.data: load addr=00003c60, load size=00000007 bytes, run addr=2000026c, run size=00000004 bytes, compression=lzss


LINKER GENERATED HANDLER TABLE

__TI_handler_table @ 00003c40 records: 3, size/record: 4, table size: 12
	index: 0, handler: __TI_zero_init
	index: 1, handler: __TI_decompress_lzss
	index: 2, handler: __TI_decompress_none


GLOBAL SYMBOLS: SORTED ALPHABETICALLY BY Name 

address   name                              
-------   ----                              
0000252d  ADCBusy                           
00002575  ADCClockConfigGet                 
0000254b  ADCClockConfigSet                 
00002347  ADCComparatorConfigure            
00002421  ADCComparatorIntClear             
000023cd  ADCComparatorIntDisable           
000023eb  ADCComparatorIntEnable            
0000240d  ADCComparatorIntStatus            
00002363  ADCComparatorRegionSet            
00002387  ADCComparatorReset                
00002315  ADCHardwareOversampleConfigure    
00001eb7  ADCIntClear                       
00002495  ADCIntClearEx                     
00001e1d  ADCIntDisable                     
00002433  ADCIntDisableEx                   
00001e39  ADCIntEnable                      
0000244b  ADCIntEnableEx                    
00001dd7  ADCIntRegister                    
00001e5f  ADCIntStatus                      
00002463  ADCIntStatusEx                    
00001dff  ADCIntUnregister                  
000024e7  ADCPhaseDelayGet                  
000024d5  ADCPhaseDelaySet                  
00002129  ADCProcessorTrigger               
000024c3  ADCReferenceGet                   
000024a7  ADCReferenceSet                   
00001f01  ADCSequenceConfigure              
00002511  ADCSequenceDMADisable             
000024f5  ADCSequenceDMAEnable              
000020e7  ADCSequenceDataGet                
00001ee7  ADCSequenceDisable                
00001ecd  ADCSequenceEnable                 
0000208b  ADCSequenceOverflow               
000020a3  ADCSequenceOverflowClear          
00001f9d  ADCSequenceStepConfigure          
000020b9  ADCSequenceUnderflow              
000020d1  ADCSequenceUnderflowClear         
0000214d  ADCSoftwareOversampleConfigure    
00002281  ADCSoftwareOversampleDataGet      
0000219f  ADCSoftwareOversampleStepConfigure
00003613  C$$EXIT                           
00003579  CPUbasepriGet                     
0000356b  CPUbasepriSet                     
00003545  CPUcpsid                          
0000355b  CPUcpsie                          
00003551  CPUprimask                        
00003567  CPUwfi                            
00001d55  GPIOADCTriggerDisable             
00001d37  GPIOADCTriggerEnable              
00001d19  GPIODMATriggerDisable             
00001cfb  GPIODMATriggerEnable              
000012a3  GPIODirModeGet                    
00001247  GPIODirModeSet                    
0000180b  GPIOIntClear                      
000017cf  GPIOIntDisable                    
000017b5  GPIOIntEnable                     
0000181f  GPIOIntRegister                   
00001857  GPIOIntRegisterPin                
000017e9  GPIOIntStatus                     
00001393  GPIOIntTypeGet                    
000012ef  GPIOIntTypeSet                    
0000183d  GPIOIntUnregister                 
00001885  GPIOIntUnregisterPin              
00001663  GPIOPadConfigGet                  
00001429  GPIOPadConfigSet                  
00001c9d  GPIOPinConfigure                  
000018a9  GPIOPinRead                       
000018e1  GPIOPinTypeADC                    
00001905  GPIOPinTypeCAN                    
00001929  GPIOPinTypeComparator             
0000194d  GPIOPinTypeComparatorOutput       
00001971  GPIOPinTypeDIVSCLK                
00001995  GPIOPinTypeEPI                    
000019b9  GPIOPinTypeEthernetLED            
000019dd  GPIOPinTypeEthernetMII            
00001a01  GPIOPinTypeGPIOInput              
00001a25  GPIOPinTypeGPIOOutput             
00001a49  GPIOPinTypeGPIOOutputOD           
00001a6d  GPIOPinTypeHibernateRTCCLK        
00001a91  GPIOPinTypeI2C                    
00001ab5  GPIOPinTypeI2CSCL                 
00001ad9  GPIOPinTypeLCD                    
00001afd  GPIOPinTypeOneWire                
00001b21  GPIOPinTypePWM                    
00001b45  GPIOPinTypeQEI                    
00001b69  GPIOPinTypeSSI                    
00001b8d  GPIOPinTypeTimer                  
00001bb1  GPIOPinTypeTrace                  
00001bd5  GPIOPinTypeUART                   
00001bf9  GPIOPinTypeUSBAnalog              
00001c1d  GPIOPinTypeUSBDigital             
00001c41  GPIOPinTypeWakeHigh               
00001c67  GPIOPinTypeWakeLow                
00001c8d  GPIOPinWakeStatus                 
000018c1  GPIOPinWrite                      
00002dbd  IntDisable                        
00002d4b  IntEnable                         
00002e2f  IntIsEnabled                      
00002c0f  IntMasterDisable                  
00002bff  IntMasterEnable                   
00002f25  IntPendClear                      
00002eb5  IntPendSet                        
00002d27  IntPriorityGet                    
00002c9f  IntPriorityGroupingGet            
00002c85  IntPriorityGroupingSet            
00002f7f  IntPriorityMaskGet                
00002f73  IntPriorityMaskSet                
00002cd7  IntPrioritySet                    
00002c1f  IntRegister                       
00002f87  IntTrigger                        
00002c71  IntUnregister                     
000035fd  ResetISR                          
000011a5  SysCtlAltClkConfig                
000008cd  SysCtlClockFreqSet                
00000d95  SysCtlClockGet                    
00001189  SysCtlClockOutConfig              
00000bc5  SysCtlClockSet                    
000007d1  SysCtlDeepSleep                   
00000f59  SysCtlDeepSleepClockConfigSet     
00000f3b  SysCtlDeepSleepClockSet           
000007b1  SysCtlDeepSleepPowerSet           
00003609  SysCtlDelay                       
0000035f  SysCtlFlashSectorSizeGet          
00000333  SysCtlFlashSizeGet                
0000102f  SysCtlGPIOAHBDisable              
00001013  SysCtlGPIOAHBEnable               
00000745  SysCtlIntClear                    
0000072d  SysCtlIntDisable                  
00000719  SysCtlIntEnable                   
000006f1  SysCtlIntRegister                 
00000755  SysCtlIntStatus                   
00000709  SysCtlIntUnregister               
00000797  SysCtlLDODeepSleepGet             
00000787  SysCtlLDODeepSleepSet             
00000781  SysCtlLDOSleepGet                 
00000771  SysCtlLDOSleepSet                 
00000807  SysCtlMOSCConfigSet               
0000116d  SysCtlNMIClear                    
00001159  SysCtlNMIStatus                   
0000081d  SysCtlPIOSCCalibrate              
00000ffd  SysCtlPWMClockGet                 
00000fe3  SysCtlPWMClockSet                 
0000069d  SysCtlPeripheralClockGating       
00000655  SysCtlPeripheralDeepSleepDisable  
00000605  SysCtlPeripheralDeepSleepEnable   
00000541  SysCtlPeripheralDisable           
00000505  SysCtlPeripheralEnable            
00000441  SysCtlPeripheralPowerOff          
00000405  SysCtlPeripheralPowerOn           
00000385  SysCtlPeripheralPresent           
000003c5  SysCtlPeripheralReady             
0000047d  SysCtlPeripheralReset             
000005c9  SysCtlPeripheralSleepDisable      
00000585  SysCtlPeripheralSleepEnable       
000007c1  SysCtlReset                       
0000087d  SysCtlResetBehaviorGet            
0000086d  SysCtlResetBehaviorSet            
000007f3  SysCtlResetCauseClear             
000007ed  SysCtlResetCauseGet               
00000329  SysCtlSRAMSizeGet                 
000007c9  SysCtlSleep                       
0000079d  SysCtlSleepPowerSet               
00001057  SysCtlUSBPLLDisable               
0000104b  SysCtlUSBPLLEnable                
0000109d  SysCtlVCOGet                      
00001085  SysCtlVoltageEventClear           
00001069  SysCtlVoltageEventConfig          
00001079  SysCtlVoltageEventStatus          
00003069  Timer0IntHandler                  
00002b79  TimerADCEventGet                  
00002b67  TimerADCEventSet                  
0000289d  TimerClockSourceGet               
00002873  TimerClockSourceSet               
00002667  TimerConfigure                    
00002787  TimerControlEvent                 
000026e3  TimerControlLevel                 
000027b1  TimerControlStall                 
00002719  TimerControlTrigger               
000027e7  TimerControlWaitOnTrigger         
00002b99  TimerDMAEventGet                  
00002b87  TimerDMAEventSet                  
00002649  TimerDisable                      
0000262b  TimerEnable                       
00002b43  TimerIntClear                     
00002b0d  TimerIntDisable                   
00002af5  TimerIntEnable                    
00002aaf  TimerIntRegister                  
00002b25  TimerIntStatus                    
00002ad7  TimerIntUnregister                
00002967  TimerLoadGet                      
0000299d  TimerLoadGet64                    
0000293d  TimerLoadSet                      
00002983  TimerLoadSet64                    
00002a47  TimerMatchGet                     
00002a7d  TimerMatchGet64                   
00002a1d  TimerMatchSet                     
00002a63  TimerMatchSet64                   
000028d7  TimerPrescaleGet                  
00002921  TimerPrescaleMatchGet             
000028f3  TimerPrescaleMatchSet             
000028ad  TimerPrescaleSet                  
0000285d  TimerRTCDisable                   
00002847  TimerRTCEnable                    
00002b55  TimerSynchronize                  
00002ba7  TimerUpdateMode                   
000029cf  TimerValueGet                     
000029eb  TimerValueGet64                   
20000470  __STACK_END                       
00000200  __STACK_SIZE                      
20000470  __STACK_TOP                       
00003c68  __TI_CINIT_Base                   
00003c80  __TI_CINIT_Limit                  
00003c40  __TI_Handler_Table_Base           
00003c4c  __TI_Handler_Table_Limit          
000034bd  __TI_auto_init_nobinit_nopinit    
00003453  __TI_decompress_lzss              
000035ef  __TI_decompress_none              
ffffffff  __TI_pprof_out_hndl               
ffffffff  __TI_prof_data_size               
ffffffff  __TI_prof_data_start              
00000000  __TI_static_base__                
000035dd  __TI_zero_init_nomemset           
00003501  __aeabi_d2uiz                     
00003185  __aeabi_ddiv                      
000032bb  __aeabi_dmul                      
000033b7  __aeabi_memcpy                    
000033b7  __aeabi_memcpy4                   
000033b7  __aeabi_memcpy8                   
000035bd  __aeabi_ui2d                      
ffffffff  __binit__                         
ffffffff  __c_args__                        
UNDEFED   __mpu_init                        
20000270  __stack                           
00003585  _c_int00_noargs                   
UNDEFED   _system_post_cinit                
0000360f  _system_pre_init                  
00003613  abort                             
ffffffff  binit                             
20000000  g_pfnRAMVectors                   
00000000  g_pfnVectors                      
00002fbd  main                              
000033b7  memcpy                            
20000478  ui32Period                        
2000026c  ui32duty                          


GLOBAL SYMBOLS: SORTED BY Symbol Address 

address   name                              
-------   ----                              
00000000  __TI_static_base__                
00000000  g_pfnVectors                      
00000200  __STACK_SIZE                      
00000329  SysCtlSRAMSizeGet                 
00000333  SysCtlFlashSizeGet                
0000035f  SysCtlFlashSectorSizeGet          
00000385  SysCtlPeripheralPresent           
000003c5  SysCtlPeripheralReady             
00000405  SysCtlPeripheralPowerOn           
00000441  SysCtlPeripheralPowerOff          
0000047d  SysCtlPeripheralReset             
00000505  SysCtlPeripheralEnable            
00000541  SysCtlPeripheralDisable           
00000585  SysCtlPeripheralSleepEnable       
000005c9  SysCtlPeripheralSleepDisable      
00000605  SysCtlPeripheralDeepSleepEnable   
00000655  SysCtlPeripheralDeepSleepDisable  
0000069d  SysCtlPeripheralClockGating       
000006f1  SysCtlIntRegister                 
00000709  SysCtlIntUnregister               
00000719  SysCtlIntEnable                   
0000072d  SysCtlIntDisable                  
00000745  SysCtlIntClear                    
00000755  SysCtlIntStatus                   
00000771  SysCtlLDOSleepSet                 
00000781  SysCtlLDOSleepGet                 
00000787  SysCtlLDODeepSleepSet             
00000797  SysCtlLDODeepSleepGet             
0000079d  SysCtlSleepPowerSet               
000007b1  SysCtlDeepSleepPowerSet           
000007c1  SysCtlReset                       
000007c9  SysCtlSleep                       
000007d1  SysCtlDeepSleep                   
000007ed  SysCtlResetCauseGet               
000007f3  SysCtlResetCauseClear             
00000807  SysCtlMOSCConfigSet               
0000081d  SysCtlPIOSCCalibrate              
0000086d  SysCtlResetBehaviorSet            
0000087d  SysCtlResetBehaviorGet            
000008cd  SysCtlClockFreqSet                
00000bc5  SysCtlClockSet                    
00000d95  SysCtlClockGet                    
00000f3b  SysCtlDeepSleepClockSet           
00000f59  SysCtlDeepSleepClockConfigSet     
00000fe3  SysCtlPWMClockSet                 
00000ffd  SysCtlPWMClockGet                 
00001013  SysCtlGPIOAHBEnable               
0000102f  SysCtlGPIOAHBDisable              
0000104b  SysCtlUSBPLLEnable                
00001057  SysCtlUSBPLLDisable               
00001069  SysCtlVoltageEventConfig          
00001079  SysCtlVoltageEventStatus          
00001085  SysCtlVoltageEventClear           
0000109d  SysCtlVCOGet                      
00001159  SysCtlNMIStatus                   
0000116d  SysCtlNMIClear                    
00001189  SysCtlClockOutConfig              
000011a5  SysCtlAltClkConfig                
00001247  GPIODirModeSet                    
000012a3  GPIODirModeGet                    
000012ef  GPIOIntTypeSet                    
00001393  GPIOIntTypeGet                    
00001429  GPIOPadConfigSet                  
00001663  GPIOPadConfigGet                  
000017b5  GPIOIntEnable                     
000017cf  GPIOIntDisable                    
000017e9  GPIOIntStatus                     
0000180b  GPIOIntClear                      
0000181f  GPIOIntRegister                   
0000183d  GPIOIntUnregister                 
00001857  GPIOIntRegisterPin                
00001885  GPIOIntUnregisterPin              
000018a9  GPIOPinRead                       
000018c1  GPIOPinWrite                      
000018e1  GPIOPinTypeADC                    
00001905  GPIOPinTypeCAN                    
00001929  GPIOPinTypeComparator             
0000194d  GPIOPinTypeComparatorOutput       
00001971  GPIOPinTypeDIVSCLK                
00001995  GPIOPinTypeEPI                    
000019b9  GPIOPinTypeEthernetLED            
000019dd  GPIOPinTypeEthernetMII            
00001a01  GPIOPinTypeGPIOInput              
00001a25  GPIOPinTypeGPIOOutput             
00001a49  GPIOPinTypeGPIOOutputOD           
00001a6d  GPIOPinTypeHibernateRTCCLK        
00001a91  GPIOPinTypeI2C                    
00001ab5  GPIOPinTypeI2CSCL                 
00001ad9  GPIOPinTypeLCD                    
00001afd  GPIOPinTypeOneWire                
00001b21  GPIOPinTypePWM                    
00001b45  GPIOPinTypeQEI                    
00001b69  GPIOPinTypeSSI                    
00001b8d  GPIOPinTypeTimer                  
00001bb1  GPIOPinTypeTrace                  
00001bd5  GPIOPinTypeUART                   
00001bf9  GPIOPinTypeUSBAnalog              
00001c1d  GPIOPinTypeUSBDigital             
00001c41  GPIOPinTypeWakeHigh               
00001c67  GPIOPinTypeWakeLow                
00001c8d  GPIOPinWakeStatus                 
00001c9d  GPIOPinConfigure                  
00001cfb  GPIODMATriggerEnable              
00001d19  GPIODMATriggerDisable             
00001d37  GPIOADCTriggerEnable              
00001d55  GPIOADCTriggerDisable             
00001dd7  ADCIntRegister                    
00001dff  ADCIntUnregister                  
00001e1d  ADCIntDisable                     
00001e39  ADCIntEnable                      
00001e5f  ADCIntStatus                      
00001eb7  ADCIntClear                       
00001ecd  ADCSequenceEnable                 
00001ee7  ADCSequenceDisable                
00001f01  ADCSequenceConfigure              
00001f9d  ADCSequenceStepConfigure          
0000208b  ADCSequenceOverflow               
000020a3  ADCSequenceOverflowClear          
000020b9  ADCSequenceUnderflow              
000020d1  ADCSequenceUnderflowClear         
000020e7  ADCSequenceDataGet                
00002129  ADCProcessorTrigger               
0000214d  ADCSoftwareOversampleConfigure    
0000219f  ADCSoftwareOversampleStepConfigure
00002281  ADCSoftwareOversampleDataGet      
00002315  ADCHardwareOversampleConfigure    
00002347  ADCComparatorConfigure            
00002363  ADCComparatorRegionSet            
00002387  ADCComparatorReset                
000023cd  ADCComparatorIntDisable           
000023eb  ADCComparatorIntEnable            
0000240d  ADCComparatorIntStatus            
00002421  ADCComparatorIntClear             
00002433  ADCIntDisableEx                   
0000244b  ADCIntEnableEx                    
00002463  ADCIntStatusEx                    
00002495  ADCIntClearEx                     
000024a7  ADCReferenceSet                   
000024c3  ADCReferenceGet                   
000024d5  ADCPhaseDelaySet                  
000024e7  ADCPhaseDelayGet                  
000024f5  ADCSequenceDMAEnable              
00002511  ADCSequenceDMADisable             
0000252d  ADCBusy                           
0000254b  ADCClockConfigSet                 
00002575  ADCClockConfigGet                 
0000262b  TimerEnable                       
00002649  TimerDisable                      
00002667  TimerConfigure                    
000026e3  TimerControlLevel                 
00002719  TimerControlTrigger               
00002787  TimerControlEvent                 
000027b1  TimerControlStall                 
000027e7  TimerControlWaitOnTrigger         
00002847  TimerRTCEnable                    
0000285d  TimerRTCDisable                   
00002873  TimerClockSourceSet               
0000289d  TimerClockSourceGet               
000028ad  TimerPrescaleSet                  
000028d7  TimerPrescaleGet                  
000028f3  TimerPrescaleMatchSet             
00002921  TimerPrescaleMatchGet             
0000293d  TimerLoadSet                      
00002967  TimerLoadGet                      
00002983  TimerLoadSet64                    
0000299d  TimerLoadGet64                    
000029cf  TimerValueGet                     
000029eb  TimerValueGet64                   
00002a1d  TimerMatchSet                     
00002a47  TimerMatchGet                     
00002a63  TimerMatchSet64                   
00002a7d  TimerMatchGet64                   
00002aaf  TimerIntRegister                  
00002ad7  TimerIntUnregister                
00002af5  TimerIntEnable                    
00002b0d  TimerIntDisable                   
00002b25  TimerIntStatus                    
00002b43  TimerIntClear                     
00002b55  TimerSynchronize                  
00002b67  TimerADCEventSet                  
00002b79  TimerADCEventGet                  
00002b87  TimerDMAEventSet                  
00002b99  TimerDMAEventGet                  
00002ba7  TimerUpdateMode                   
00002bff  IntMasterEnable                   
00002c0f  IntMasterDisable                  
00002c1f  IntRegister                       
00002c71  IntUnregister                     
00002c85  IntPriorityGroupingSet            
00002c9f  IntPriorityGroupingGet            
00002cd7  IntPrioritySet                    
00002d27  IntPriorityGet                    
00002d4b  IntEnable                         
00002dbd  IntDisable                        
00002e2f  IntIsEnabled                      
00002eb5  IntPendSet                        
00002f25  IntPendClear                      
00002f73  IntPriorityMaskSet                
00002f7f  IntPriorityMaskGet                
00002f87  IntTrigger                        
00002fbd  main                              
00003069  Timer0IntHandler                  
00003185  __aeabi_ddiv                      
000032bb  __aeabi_dmul                      
000033b7  __aeabi_memcpy                    
000033b7  __aeabi_memcpy4                   
000033b7  __aeabi_memcpy8                   
000033b7  memcpy                            
00003453  __TI_decompress_lzss              
000034bd  __TI_auto_init_nobinit_nopinit    
00003501  __aeabi_d2uiz                     
00003545  CPUcpsid                          
00003551  CPUprimask                        
0000355b  CPUcpsie                          
00003567  CPUwfi                            
0000356b  CPUbasepriSet                     
00003579  CPUbasepriGet                     
00003585  _c_int00_noargs                   
000035bd  __aeabi_ui2d                      
000035dd  __TI_zero_init_nomemset           
000035ef  __TI_decompress_none              
000035fd  ResetISR                          
00003609  SysCtlDelay                       
0000360f  _system_pre_init                  
00003613  C$$EXIT                           
00003613  abort                             
00003c40  __TI_Handler_Table_Base           
00003c4c  __TI_Handler_Table_Limit          
00003c68  __TI_CINIT_Base                   
00003c80  __TI_CINIT_Limit                  
20000000  g_pfnRAMVectors                   
2000026c  ui32duty                          
20000270  __stack                           
20000470  __STACK_END                       
20000470  __STACK_TOP                       
20000478  ui32Period                        
ffffffff  __TI_pprof_out_hndl               
ffffffff  __TI_prof_data_size               
ffffffff  __TI_prof_data_start              
ffffffff  __binit__                         
ffffffff  __c_args__                        
ffffffff  binit                             
UNDEFED   __mpu_init                        
UNDEFED   _system_post_cinit                

[244 symbols]
