******************************************************************************
                  TI ARM Linker PC v18.1.4                     
******************************************************************************
>> Linked Tue Mar  5 11:25:00 2019

OUTPUT FILE NAME:   <3-4.out>
ENTRY POINT SYMBOL: "_c_int00_noargs"  address: 00004a31


MEMORY CONFIGURATION

         name            origin    length      used     unused   attr    fill
----------------------  --------  ---------  --------  --------  ----  --------
  FLASH                 00000000   00040000  000052ce  0003ad32  R  X
  SRAM                  20000000   00008000  00000490  00007b70  RW X


SEGMENT ALLOCATION MAP

run origin  load origin   length   init length attrs members
----------  ----------- ---------- ----------- ----- -------
00000000    00000000    000052d0   000052d0    r-x
  00000000    00000000    0000026c   0000026c    r-- .intvecs
  0000026c    0000026c    000048a2   000048a2    r-x .text
  00004b10    00004b10    00000780   00000780    r-- .const
  00005290    00005290    00000040   00000040    r-- .cinit
20000000    20000000    00000490   00000000    rw-
  20000000    20000000    0000026c   00000000    rw- .vtable
  2000026c    2000026c    00000004   00000000    rw- .data
  20000270    20000270    00000200   00000000    rw- .stack
  20000470    20000470    00000020   00000000    rw- .bss


SECTION ALLOCATION MAP

 output                                  attributes/
section   page    origin      length       input sections
--------  ----  ----------  ----------   ----------------
.intvecs   0    00000000    0000026c     
                  00000000    0000026c     tm4c123gh6pm_startup_ccs.obj (.intvecs)

.text      0    0000026c    000048a2     
                  0000026c    00000f80     sysctl.obj (.text)
                  000011ec    00000b94     gpio.obj (.text)
                  00001d80    00000738     rtsv7M4_T_le_v4SPD16_eabi.lib : k_rem_pio2.c.obj (.text:__kernel_rem_pio2)
                  000024b8    00000718     pwm.obj (.text)
                  00002bd0    00000642     timer.obj (.text)
                  00003212    00000002     --HOLE-- [fill = 0]
                  00003214    000005c4     rtsv7M4_T_le_v4SPD16_eabi.lib : s_sin.c.obj (.text:sin)
                  000037d8    000003c0     interrupt.obj (.text)
                  00003b98    000001e4     main.obj (.text)
                  00003d7c    000001b6     rtsv7M4_T_le_v4SPD16_eabi.lib : fd_add_t2.asm.obj (.text)
                  00003f32    00000002     --HOLE-- [fill = 0]
                  00003f34    00000174                                   : k_sin.c.obj (.text:__kernel_sin)
                  000040a8    0000016c                                   : k_cos.c.obj (.text:__kernel_cos)
                  00004214    00000136                                   : fd_div_t2.asm.obj (.text)
                  0000434a    00000002     --HOLE-- [fill = 0]
                  0000434c    00000110                                   : s_scalbn.c.obj (.text:scalbn)
                  0000445c    000000fc                                   : fd_mul_t2.asm.obj (.text)
                  00004558    000000f8                                   : s_floor.c.obj (.text:floor)
                  00004650    000000c0     fpu.obj (.text)
                  00004710    0000009c     rtsv7M4_T_le_v4SPD16_eabi.lib : memcpy_t2.asm.obj (.text)
                  000047ac    00000086                                   : fd_cmp_t2.asm.obj (.text:__aeabi_cdcmple)
                  00004832    00000086                                   : fd_cmp_t2.asm.obj (.text:__aeabi_cdrcmple)
                  000048b8    00000068                                   : copy_decompress_lzss.c.obj (.text:decompress:lzss:__TI_decompress_lzss)
                  00004920    00000048                                   : fd_toi_t2.asm.obj (.text)
                  00004968    00000044                                   : autoinit.c.obj (.text:__TI_auto_init_nobinit_nopinit:__TI_auto_init_nobinit_nopinit)
                  000049ac    00000044                                   : fd_tou_t2.asm.obj (.text)
                  000049f0    0000003e     cpu.obj (.text)
                  00004a2e    00000002     --HOLE-- [fill = 0]
                  00004a30    00000038     rtsv7M4_T_le_v4SPD16_eabi.lib : boot_cortex_m.c.obj (.text:_c_int00_noargs:_c_int00_noargs)
                  00004a68    0000002e                                   : i_tofd_t2.asm.obj (.text)
                  00004a96    00000020                                   : u_tofd_t2.asm.obj (.text)
                  00004ab6    00000014                                   : s_copysign.c.obj (.text:copysign)
                  00004aca    00000012                                   : copy_zero_init.c.obj (.text:decompress:ZI:__TI_zero_init_nomemset:__TI_zero_init_nomemset)
                  00004adc    0000000e                                   : copy_decompress_none.c.obj (.text:decompress:none:__TI_decompress_none)
                  00004aea    0000000c     tm4c123gh6pm_startup_ccs.obj (.text)
                  00004af6    00000002     --HOLE-- [fill = 0]
                  00004af8    00000008     rtsv7M4_T_le_v4SPD16_eabi.lib : errno.c.obj (.text:__aeabi_errno_addr)
                  00004b00    00000006     sysctl.obj (.text:SysCtlDelay)
                  00004b06    00000004     rtsv7M4_T_le_v4SPD16_eabi.lib : pre_init.c.obj (.text:_system_pre_init)
                  00004b0a    00000004                                   : exit.c.obj (.text:abort:abort)

.const     0    00004b10    00000780     
                  00004b10    000001b0     sysctl.obj (.const:g_pppui32XTALtoVCO)
                  00004cc0    00000158     rtsv7M4_T_le_v4SPD16_eabi.lib : k_rem_pio2.c.obj (.const:$O1$$)
                  00004e18    000000d8     gpio.obj (.const:g_ppui32GPIOIntMapSnowflake)
                  00004ef0    000000c0     gpio.obj (.const:g_ppui32GPIOIntMapBlizzard)
                  00004fb0    0000009c     interrupt.obj (.const:g_pui32Regs)
                  0000504c    00000090     gpio.obj (.const:g_pui32GPIOBaseAddrs)
                  000050dc    0000006c     sysctl.obj (.const:g_pui32Xtals)
                  00005148    00000060     timer.obj (.const:g_ppui32TimerIntMap)
                  000051a8    00000040     timer.obj (.const:g_ppui32TimerIntMapSnowflake)
                  000051e8    00000030     sysctl.obj (.const:g_sXTALtoMEMTIM)
                  00005218    00000020     interrupt.obj (.const:g_pui32Priority)
                  00005238    00000014     interrupt.obj (.const:g_pui32Dii16Regs)
                  0000524c    00000014     interrupt.obj (.const:g_pui32EnRegs)
                  00005260    00000014     interrupt.obj (.const:g_pui32PendRegs)
                  00005274    00000014     interrupt.obj (.const:g_pui32UnpendRegs)
                  00005288    00000008     sysctl.obj (.const:g_pui32VCOFrequencies)

.cinit     0    00005290    00000040     
                  00005290    0000000c     (__TI_handler_table)
                  0000529c    00000004     --HOLE-- [fill = 0]
                  000052a0    00000008     (.cinit..bss.load) [load image, compression = zero_init]
                  000052a8    00000008     (.cinit..vtable.load) [load image, compression = zero_init]
                  000052b0    00000007     (.cinit..data.load) [load image, compression = lzss]
                  000052b7    00000001     --HOLE-- [fill = 0]
                  000052b8    00000018     (__TI_cinit_table)

.init_array 
*          0    00000000    00000000     UNINITIALIZED

.vtable    0    20000000    0000026c     UNINITIALIZED
                  20000000    0000026c     interrupt.obj (.vtable)

.data      0    2000026c    00000004     UNINITIALIZED
                  2000026c    00000004     rtsv7M4_T_le_v4SPD16_eabi.lib : errno.c.obj (.data)

.bss       0    20000470    00000020     UNINITIALIZED
                  20000470    00000004     (.common:amp)
                  20000474    00000004     (.common:base)
                  20000478    00000004     (.common:count)
                  2000047c    00000004     (.common:sample)
                  20000480    00000004     (.common:ui32PWMPeriod)
                  20000484    00000004     (.common:ui32Period)
                  20000488    00000004     (.common:ui32duty)
                  2000048c    00000004     (.common:width)

.stack     0    20000270    00000200     UNINITIALIZED
                  20000270    00000004     rtsv7M4_T_le_v4SPD16_eabi.lib : boot_cortex_m.c.obj (.stack)
                  20000274    000001fc     --HOLE--

MODULE SUMMARY

       Module                         code    ro data   rw data
       ------                         ----    -------   -------
    .\
       tm4c123gh6pm_startup_ccs.obj   12      620       0      
       main.obj                       484     0         32     
    +--+------------------------------+-------+---------+---------+
       Total:                         496     620       32     
                                                               
    .\driverlib\
       sysctl.obj                     3974    596       0      
       gpio.obj                       2964    552       0      
       interrupt.obj                  960     268       620    
       pwm.obj                        1816    0         0      
       timer.obj                      1602    160       0      
       fpu.obj                        192     0         0      
       cpu.obj                        62      0         0      
    +--+------------------------------+-------+---------+---------+
       Total:                         11570   1576      620    
                                                               
    C:\ti\ccsv8\tools\compiler\ti-cgt-arm_18.1.4.LTS\lib\rtsv7M4_T_le_v4SPD16_eabi.lib
       k_rem_pio2.c.obj               1848    344       0      
       s_sin.c.obj                    1476    0         0      
       fd_add_t2.asm.obj              438     0         0      
       k_sin.c.obj                    372     0         0      
       k_cos.c.obj                    364     0         0      
       fd_div_t2.asm.obj              310     0         0      
       s_scalbn.c.obj                 272     0         0      
       fd_cmp_t2.asm.obj              268     0         0      
       fd_mul_t2.asm.obj              252     0         0      
       s_floor.c.obj                  248     0         0      
       memcpy_t2.asm.obj              156     0         0      
       copy_decompress_lzss.c.obj     104     0         0      
       fd_toi_t2.asm.obj              72      0         0      
       autoinit.c.obj                 68      0         0      
       fd_tou_t2.asm.obj              68      0         0      
       boot_cortex_m.c.obj            56      0         0      
       i_tofd_t2.asm.obj              46      0         0      
       u_tofd_t2.asm.obj              32      0         0      
       s_copysign.c.obj               20      0         0      
       copy_zero_init.c.obj           18      0         0      
       copy_decompress_none.c.obj     14      0         0      
       errno.c.obj                    8       0         4      
       exit.c.obj                     4       0         0      
       pre_init.c.obj                 4       0         0      
    +--+------------------------------+-------+---------+---------+
       Total:                         6518    344       4      
                                                               
       Stack:                         0       0         512    
       Linker Generated:              0       59        0      
    +--+------------------------------+-------+---------+---------+
       Grand Total:                   18584   2599      1168   


LINKER GENERATED COPY TABLES

__TI_cinit_table @ 000052b8 records: 3, size/record: 8, table size: 24
	.bss: load addr=000052a0, load size=00000008 bytes, run addr=20000470, run size=00000020 bytes, compression=zero_init
	.vtable: load addr=000052a8, load size=00000008 bytes, run addr=20000000, run size=0000026c bytes, compression=zero_init
	.data: load addr=000052b0, load size=00000007 bytes, run addr=2000026c, run size=00000004 bytes, compression=lzss


LINKER GENERATED HANDLER TABLE

__TI_handler_table @ 00005290 records: 3, size/record: 4, table size: 12
	index: 0, handler: __TI_zero_init
	index: 1, handler: __TI_decompress_lzss
	index: 2, handler: __TI_decompress_none


GLOBAL SYMBOLS: SORTED ALPHABETICALLY BY Name 

address   name                            
-------   ----                            
00004b0b  C$$EXIT                         
00004a25  CPUbasepriGet                   
00004a17  CPUbasepriSet                   
000049f1  CPUcpsid                        
00004a07  CPUcpsie                        
000049fd  CPUprimask                      
00004a13  CPUwfi                          
00004663  FPUDisable                      
00004651  FPUEnable                       
000046cf  FPUFlushToZeroModeSet           
0000469b  FPUHalfPrecisionModeSet         
00004683  FPULazyStackingEnable           
000046b5  FPUNaNModeSet                   
000046e9  FPURoundingModeSet              
0000468f  FPUStackingDisable              
00004671  FPUStackingEnable               
00001d59  GPIOADCTriggerDisable           
00001d3b  GPIOADCTriggerEnable            
00001d1d  GPIODMATriggerDisable           
00001cff  GPIODMATriggerEnable            
000012a7  GPIODirModeGet                  
0000124b  GPIODirModeSet                  
0000180f  GPIOIntClear                    
000017d3  GPIOIntDisable                  
000017b9  GPIOIntEnable                   
00001823  GPIOIntRegister                 
0000185b  GPIOIntRegisterPin              
000017ed  GPIOIntStatus                   
00001397  GPIOIntTypeGet                  
000012f3  GPIOIntTypeSet                  
00001841  GPIOIntUnregister               
00001889  GPIOIntUnregisterPin            
00001667  GPIOPadConfigGet                
0000142d  GPIOPadConfigSet                
00001ca1  GPIOPinConfigure                
000018ad  GPIOPinRead                     
000018e5  GPIOPinTypeADC                  
00001909  GPIOPinTypeCAN                  
0000192d  GPIOPinTypeComparator           
00001951  GPIOPinTypeComparatorOutput     
00001975  GPIOPinTypeDIVSCLK              
00001999  GPIOPinTypeEPI                  
000019bd  GPIOPinTypeEthernetLED          
000019e1  GPIOPinTypeEthernetMII          
00001a05  GPIOPinTypeGPIOInput            
00001a29  GPIOPinTypeGPIOOutput           
00001a4d  GPIOPinTypeGPIOOutputOD         
00001a71  GPIOPinTypeHibernateRTCCLK      
00001a95  GPIOPinTypeI2C                  
00001ab9  GPIOPinTypeI2CSCL               
00001add  GPIOPinTypeLCD                  
00001b01  GPIOPinTypeOneWire              
00001b25  GPIOPinTypePWM                  
00001b49  GPIOPinTypeQEI                  
00001b6d  GPIOPinTypeSSI                  
00001b91  GPIOPinTypeTimer                
00001bb5  GPIOPinTypeTrace                
00001bd9  GPIOPinTypeUART                 
00001bfd  GPIOPinTypeUSBAnalog            
00001c21  GPIOPinTypeUSBDigital           
00001c45  GPIOPinTypeWakeHigh             
00001c6b  GPIOPinTypeWakeLow              
00001c91  GPIOPinWakeStatus               
000018c5  GPIOPinWrite                    
00003999  IntDisable                      
00003927  IntEnable                       
00003a0b  IntIsEnabled                    
000037eb  IntMasterDisable                
000037db  IntMasterEnable                 
00003b01  IntPendClear                    
00003a91  IntPendSet                      
00003903  IntPriorityGet                  
0000387b  IntPriorityGroupingGet          
00003861  IntPriorityGroupingSet          
00003b5b  IntPriorityMaskGet              
00003b4f  IntPriorityMaskSet              
000038b3  IntPrioritySet                  
000037fb  IntRegister                     
00003b63  IntTrigger                      
0000384d  IntUnregister                   
00002b33  PWMClockGet                     
00002b13  PWMClockSet                     
0000265d  PWMDeadBandDisable              
00002625  PWMDeadBandEnable               
000029d9  PWMFaultIntClear                
00002a0b  PWMFaultIntClearExt             
000028f3  PWMFaultIntRegister             
00002911  PWMFaultIntUnregister           
000024b9  PWMGenConfigure                 
00002577  PWMGenDisable                   
0000255d  PWMGenEnable                    
00002add  PWMGenFaultClear                
00002a29  PWMGenFaultConfigure            
00002aa7  PWMGenFaultStatus               
00002a83  PWMGenFaultTriggerGet           
00002a59  PWMGenFaultTriggerSet           
00002991  PWMGenIntClear                  
00002865  PWMGenIntRegister               
00002967  PWMGenIntStatus                 
00002949  PWMGenIntTrigDisable            
0000292b  PWMGenIntTrigEnable             
0000288d  PWMGenIntUnregister             
00002533  PWMGenPeriodGet                 
00002503  PWMGenPeriodSet                 
000029c1  PWMIntDisable                   
000029a9  PWMIntEnable                    
000029eb  PWMIntStatus                    
00002733  PWMOutputFault                  
00002701  PWMOutputFaultLevel             
000026cf  PWMOutputInvert                 
0000269d  PWMOutputState                  
00002b5d  PWMOutputUpdateMode             
000025db  PWMPulseWidthGet                
00002591  PWMPulseWidthSet                
0000268b  PWMSyncTimeBase                 
00002679  PWMSyncUpdate                   
00004aeb  ResetISR                        
000011a9  SysCtlAltClkConfig              
000008d1  SysCtlClockFreqSet              
00000d99  SysCtlClockGet                  
0000118d  SysCtlClockOutConfig            
00000bc9  SysCtlClockSet                  
000007d5  SysCtlDeepSleep                 
00000f5d  SysCtlDeepSleepClockConfigSet   
00000f3f  SysCtlDeepSleepClockSet         
000007b5  SysCtlDeepSleepPowerSet         
00004b01  SysCtlDelay                     
00000363  SysCtlFlashSectorSizeGet        
00000337  SysCtlFlashSizeGet              
00001033  SysCtlGPIOAHBDisable            
00001017  SysCtlGPIOAHBEnable             
00000749  SysCtlIntClear                  
00000731  SysCtlIntDisable                
0000071d  SysCtlIntEnable                 
000006f5  SysCtlIntRegister               
00000759  SysCtlIntStatus                 
0000070d  SysCtlIntUnregister             
0000079b  SysCtlLDODeepSleepGet           
0000078b  SysCtlLDODeepSleepSet           
00000785  SysCtlLDOSleepGet               
00000775  SysCtlLDOSleepSet               
0000080b  SysCtlMOSCConfigSet             
00001171  SysCtlNMIClear                  
0000115d  SysCtlNMIStatus                 
00000821  SysCtlPIOSCCalibrate            
00001001  SysCtlPWMClockGet               
00000fe7  SysCtlPWMClockSet               
000006a1  SysCtlPeripheralClockGating     
00000659  SysCtlPeripheralDeepSleepDisable
00000609  SysCtlPeripheralDeepSleepEnable 
00000545  SysCtlPeripheralDisable         
00000509  SysCtlPeripheralEnable          
00000445  SysCtlPeripheralPowerOff        
00000409  SysCtlPeripheralPowerOn         
00000389  SysCtlPeripheralPresent         
000003c9  SysCtlPeripheralReady           
00000481  SysCtlPeripheralReset           
000005cd  SysCtlPeripheralSleepDisable    
00000589  SysCtlPeripheralSleepEnable     
000007c5  SysCtlReset                     
00000881  SysCtlResetBehaviorGet          
00000871  SysCtlResetBehaviorSet          
000007f7  SysCtlResetCauseClear           
000007f1  SysCtlResetCauseGet             
0000032d  SysCtlSRAMSizeGet               
000007cd  SysCtlSleep                     
000007a1  SysCtlSleepPowerSet             
0000105b  SysCtlUSBPLLDisable             
0000104f  SysCtlUSBPLLEnable              
000010a1  SysCtlVCOGet                    
00001089  SysCtlVoltageEventClear         
0000106d  SysCtlVoltageEventConfig        
0000107d  SysCtlVoltageEventStatus        
00003c7d  Time0IntenHandler               
00003191  TimerADCEventGet                
0000317f  TimerADCEventSet                
00002eb5  TimerClockSourceGet             
00002e8b  TimerClockSourceSet             
00002c7f  TimerConfigure                  
00002d9f  TimerControlEvent               
00002cfb  TimerControlLevel               
00002dc9  TimerControlStall               
00002d31  TimerControlTrigger             
00002dff  TimerControlWaitOnTrigger       
000031b1  TimerDMAEventGet                
0000319f  TimerDMAEventSet                
00002c61  TimerDisable                    
00002c43  TimerEnable                     
0000315b  TimerIntClear                   
00003125  TimerIntDisable                 
0000310d  TimerIntEnable                  
000030c7  TimerIntRegister                
0000313d  TimerIntStatus                  
000030ef  TimerIntUnregister              
00002f7f  TimerLoadGet                    
00002fb5  TimerLoadGet64                  
00002f55  TimerLoadSet                    
00002f9b  TimerLoadSet64                  
0000305f  TimerMatchGet                   
00003095  TimerMatchGet64                 
00003035  TimerMatchSet                   
0000307b  TimerMatchSet64                 
00002eef  TimerPrescaleGet                
00002f39  TimerPrescaleMatchGet           
00002f0b  TimerPrescaleMatchSet           
00002ec5  TimerPrescaleSet                
00002e75  TimerRTCDisable                 
00002e5f  TimerRTCEnable                  
0000316d  TimerSynchronize                
000031bf  TimerUpdateMode                 
00002fe7  TimerValueGet                   
00003003  TimerValueGet64                 
20000470  __STACK_END                     
00000200  __STACK_SIZE                    
20000470  __STACK_TOP                     
000052b8  __TI_CINIT_Base                 
000052d0  __TI_CINIT_Limit                
00005290  __TI_Handler_Table_Base         
0000529c  __TI_Handler_Table_Limit        
00004969  __TI_auto_init_nobinit_nopinit  
000048b9  __TI_decompress_lzss            
00004add  __TI_decompress_none            
ffffffff  __TI_pprof_out_hndl             
ffffffff  __TI_prof_data_size             
ffffffff  __TI_prof_data_start            
00000000  __TI_static_base__              
00004acb  __TI_zero_init_nomemset         
000047ad  __aeabi_cdcmpeq                 
000047ad  __aeabi_cdcmple                 
00004833  __aeabi_cdrcmple                
00004921  __aeabi_d2iz                    
000049ad  __aeabi_d2uiz                   
00003d87  __aeabi_dadd                    
00004215  __aeabi_ddiv                    
0000445d  __aeabi_dmul                    
00003d7d  __aeabi_dsub                    
00004af9  __aeabi_errno_addr              
00004a69  __aeabi_i2d                     
00004711  __aeabi_memcpy                  
00004711  __aeabi_memcpy4                 
00004711  __aeabi_memcpy8                 
00004a97  __aeabi_ui2d                    
ffffffff  __binit__                       
ffffffff  __c_args__                      
000040a9  __kernel_cos                    
00001d81  __kernel_rem_pio2               
00003f35  __kernel_sin                    
UNDEFED   __mpu_init                      
20000270  __stack                         
00004a31  _c_int00_noargs                 
UNDEFED   _system_post_cinit              
00004b07  _system_pre_init                
00004b0b  abort                           
20000470  amp                             
20000474  base                            
ffffffff  binit                           
00004ab7  copysign                        
00004ab7  copysignl                       
20000478  count                           
2000026c  errno                           
00004559  floor                           
00004559  floorl                          
20000000  g_pfnRAMVectors                 
00000000  g_pfnVectors                    
0000434d  ldexp                           
0000434d  ldexpl                          
00003b99  main                            
00004711  memcpy                          
2000047c  sample                          
0000434d  scalbn                          
0000434d  scalbnl                         
00003215  sin                             
00003215  sinl                            
20000480  ui32PWMPeriod                   
20000484  ui32Period                      
20000488  ui32duty                        
2000048c  width                           


GLOBAL SYMBOLS: SORTED BY Symbol Address 

address   name                            
-------   ----                            
00000000  __TI_static_base__              
00000000  g_pfnVectors                    
00000200  __STACK_SIZE                    
0000032d  SysCtlSRAMSizeGet               
00000337  SysCtlFlashSizeGet              
00000363  SysCtlFlashSectorSizeGet        
00000389  SysCtlPeripheralPresent         
000003c9  SysCtlPeripheralReady           
00000409  SysCtlPeripheralPowerOn         
00000445  SysCtlPeripheralPowerOff        
00000481  SysCtlPeripheralReset           
00000509  SysCtlPeripheralEnable          
00000545  SysCtlPeripheralDisable         
00000589  SysCtlPeripheralSleepEnable     
000005cd  SysCtlPeripheralSleepDisable    
00000609  SysCtlPeripheralDeepSleepEnable 
00000659  SysCtlPeripheralDeepSleepDisable
000006a1  SysCtlPeripheralClockGating     
000006f5  SysCtlIntRegister               
0000070d  SysCtlIntUnregister             
0000071d  SysCtlIntEnable                 
00000731  SysCtlIntDisable                
00000749  SysCtlIntClear                  
00000759  SysCtlIntStatus                 
00000775  SysCtlLDOSleepSet               
00000785  SysCtlLDOSleepGet               
0000078b  SysCtlLDODeepSleepSet           
0000079b  SysCtlLDODeepSleepGet           
000007a1  SysCtlSleepPowerSet             
000007b5  SysCtlDeepSleepPowerSet         
000007c5  SysCtlReset                     
000007cd  SysCtlSleep                     
000007d5  SysCtlDeepSleep                 
000007f1  SysCtlResetCauseGet             
000007f7  SysCtlResetCauseClear           
0000080b  SysCtlMOSCConfigSet             
00000821  SysCtlPIOSCCalibrate            
00000871  SysCtlResetBehaviorSet          
00000881  SysCtlResetBehaviorGet          
000008d1  SysCtlClockFreqSet              
00000bc9  SysCtlClockSet                  
00000d99  SysCtlClockGet                  
00000f3f  SysCtlDeepSleepClockSet         
00000f5d  SysCtlDeepSleepClockConfigSet   
00000fe7  SysCtlPWMClockSet               
00001001  SysCtlPWMClockGet               
00001017  SysCtlGPIOAHBEnable             
00001033  SysCtlGPIOAHBDisable            
0000104f  SysCtlUSBPLLEnable              
0000105b  SysCtlUSBPLLDisable             
0000106d  SysCtlVoltageEventConfig        
0000107d  SysCtlVoltageEventStatus        
00001089  SysCtlVoltageEventClear         
000010a1  SysCtlVCOGet                    
0000115d  SysCtlNMIStatus                 
00001171  SysCtlNMIClear                  
0000118d  SysCtlClockOutConfig            
000011a9  SysCtlAltClkConfig              
0000124b  GPIODirModeSet                  
000012a7  GPIODirModeGet                  
000012f3  GPIOIntTypeSet                  
00001397  GPIOIntTypeGet                  
0000142d  GPIOPadConfigSet                
00001667  GPIOPadConfigGet                
000017b9  GPIOIntEnable                   
000017d3  GPIOIntDisable                  
000017ed  GPIOIntStatus                   
0000180f  GPIOIntClear                    
00001823  GPIOIntRegister                 
00001841  GPIOIntUnregister               
0000185b  GPIOIntRegisterPin              
00001889  GPIOIntUnregisterPin            
000018ad  GPIOPinRead                     
000018c5  GPIOPinWrite                    
000018e5  GPIOPinTypeADC                  
00001909  GPIOPinTypeCAN                  
0000192d  GPIOPinTypeComparator           
00001951  GPIOPinTypeComparatorOutput     
00001975  GPIOPinTypeDIVSCLK              
00001999  GPIOPinTypeEPI                  
000019bd  GPIOPinTypeEthernetLED          
000019e1  GPIOPinTypeEthernetMII          
00001a05  GPIOPinTypeGPIOInput            
00001a29  GPIOPinTypeGPIOOutput           
00001a4d  GPIOPinTypeGPIOOutputOD         
00001a71  GPIOPinTypeHibernateRTCCLK      
00001a95  GPIOPinTypeI2C                  
00001ab9  GPIOPinTypeI2CSCL               
00001add  GPIOPinTypeLCD                  
00001b01  GPIOPinTypeOneWire              
00001b25  GPIOPinTypePWM                  
00001b49  GPIOPinTypeQEI                  
00001b6d  GPIOPinTypeSSI                  
00001b91  GPIOPinTypeTimer                
00001bb5  GPIOPinTypeTrace                
00001bd9  GPIOPinTypeUART                 
00001bfd  GPIOPinTypeUSBAnalog            
00001c21  GPIOPinTypeUSBDigital           
00001c45  GPIOPinTypeWakeHigh             
00001c6b  GPIOPinTypeWakeLow              
00001c91  GPIOPinWakeStatus               
00001ca1  GPIOPinConfigure                
00001cff  GPIODMATriggerEnable            
00001d1d  GPIODMATriggerDisable           
00001d3b  GPIOADCTriggerEnable            
00001d59  GPIOADCTriggerDisable           
00001d81  __kernel_rem_pio2               
000024b9  PWMGenConfigure                 
00002503  PWMGenPeriodSet                 
00002533  PWMGenPeriodGet                 
0000255d  PWMGenEnable                    
00002577  PWMGenDisable                   
00002591  PWMPulseWidthSet                
000025db  PWMPulseWidthGet                
00002625  PWMDeadBandEnable               
0000265d  PWMDeadBandDisable              
00002679  PWMSyncUpdate                   
0000268b  PWMSyncTimeBase                 
0000269d  PWMOutputState                  
000026cf  PWMOutputInvert                 
00002701  PWMOutputFaultLevel             
00002733  PWMOutputFault                  
00002865  PWMGenIntRegister               
0000288d  PWMGenIntUnregister             
000028f3  PWMFaultIntRegister             
00002911  PWMFaultIntUnregister           
0000292b  PWMGenIntTrigEnable             
00002949  PWMGenIntTrigDisable            
00002967  PWMGenIntStatus                 
00002991  PWMGenIntClear                  
000029a9  PWMIntEnable                    
000029c1  PWMIntDisable                   
000029d9  PWMFaultIntClear                
000029eb  PWMIntStatus                    
00002a0b  PWMFaultIntClearExt             
00002a29  PWMGenFaultConfigure            
00002a59  PWMGenFaultTriggerSet           
00002a83  PWMGenFaultTriggerGet           
00002aa7  PWMGenFaultStatus               
00002add  PWMGenFaultClear                
00002b13  PWMClockSet                     
00002b33  PWMClockGet                     
00002b5d  PWMOutputUpdateMode             
00002c43  TimerEnable                     
00002c61  TimerDisable                    
00002c7f  TimerConfigure                  
00002cfb  TimerControlLevel               
00002d31  TimerControlTrigger             
00002d9f  TimerControlEvent               
00002dc9  TimerControlStall               
00002dff  TimerControlWaitOnTrigger       
00002e5f  TimerRTCEnable                  
00002e75  TimerRTCDisable                 
00002e8b  TimerClockSourceSet             
00002eb5  TimerClockSourceGet             
00002ec5  TimerPrescaleSet                
00002eef  TimerPrescaleGet                
00002f0b  TimerPrescaleMatchSet           
00002f39  TimerPrescaleMatchGet           
00002f55  TimerLoadSet                    
00002f7f  TimerLoadGet                    
00002f9b  TimerLoadSet64                  
00002fb5  TimerLoadGet64                  
00002fe7  TimerValueGet                   
00003003  TimerValueGet64                 
00003035  TimerMatchSet                   
0000305f  TimerMatchGet                   
0000307b  TimerMatchSet64                 
00003095  TimerMatchGet64                 
000030c7  TimerIntRegister                
000030ef  TimerIntUnregister              
0000310d  TimerIntEnable                  
00003125  TimerIntDisable                 
0000313d  TimerIntStatus                  
0000315b  TimerIntClear                   
0000316d  TimerSynchronize                
0000317f  TimerADCEventSet                
00003191  TimerADCEventGet                
0000319f  TimerDMAEventSet                
000031b1  TimerDMAEventGet                
000031bf  TimerUpdateMode                 
00003215  sin                             
00003215  sinl                            
000037db  IntMasterEnable                 
000037eb  IntMasterDisable                
000037fb  IntRegister                     
0000384d  IntUnregister                   
00003861  IntPriorityGroupingSet          
0000387b  IntPriorityGroupingGet          
000038b3  IntPrioritySet                  
00003903  IntPriorityGet                  
00003927  IntEnable                       
00003999  IntDisable                      
00003a0b  IntIsEnabled                    
00003a91  IntPendSet                      
00003b01  IntPendClear                    
00003b4f  IntPriorityMaskSet              
00003b5b  IntPriorityMaskGet              
00003b63  IntTrigger                      
00003b99  main                            
00003c7d  Time0IntenHandler               
00003d7d  __aeabi_dsub                    
00003d87  __aeabi_dadd                    
00003f35  __kernel_sin                    
000040a9  __kernel_cos                    
00004215  __aeabi_ddiv                    
0000434d  ldexp                           
0000434d  ldexpl                          
0000434d  scalbn                          
0000434d  scalbnl                         
0000445d  __aeabi_dmul                    
00004559  floor                           
00004559  floorl                          
00004651  FPUEnable                       
00004663  FPUDisable                      
00004671  FPUStackingEnable               
00004683  FPULazyStackingEnable           
0000468f  FPUStackingDisable              
0000469b  FPUHalfPrecisionModeSet         
000046b5  FPUNaNModeSet                   
000046cf  FPUFlushToZeroModeSet           
000046e9  FPURoundingModeSet              
00004711  __aeabi_memcpy                  
00004711  __aeabi_memcpy4                 
00004711  __aeabi_memcpy8                 
00004711  memcpy                          
000047ad  __aeabi_cdcmpeq                 
000047ad  __aeabi_cdcmple                 
00004833  __aeabi_cdrcmple                
000048b9  __TI_decompress_lzss            
00004921  __aeabi_d2iz                    
00004969  __TI_auto_init_nobinit_nopinit  
000049ad  __aeabi_d2uiz                   
000049f1  CPUcpsid                        
000049fd  CPUprimask                      
00004a07  CPUcpsie                        
00004a13  CPUwfi                          
00004a17  CPUbasepriSet                   
00004a25  CPUbasepriGet                   
00004a31  _c_int00_noargs                 
00004a69  __aeabi_i2d                     
00004a97  __aeabi_ui2d                    
00004ab7  copysign                        
00004ab7  copysignl                       
00004acb  __TI_zero_init_nomemset         
00004add  __TI_decompress_none            
00004aeb  ResetISR                        
00004af9  __aeabi_errno_addr              
00004b01  SysCtlDelay                     
00004b07  _system_pre_init                
00004b0b  C$$EXIT                         
00004b0b  abort                           
00005290  __TI_Handler_Table_Base         
0000529c  __TI_Handler_Table_Limit        
000052b8  __TI_CINIT_Base                 
000052d0  __TI_CINIT_Limit                
20000000  g_pfnRAMVectors                 
2000026c  errno                           
20000270  __stack                         
20000470  __STACK_END                     
20000470  __STACK_TOP                     
20000470  amp                             
20000474  base                            
20000478  count                           
2000047c  sample                          
20000480  ui32PWMPeriod                   
20000484  ui32Period                      
20000488  ui32duty                        
2000048c  width                           
ffffffff  __TI_pprof_out_hndl             
ffffffff  __TI_prof_data_size             
ffffffff  __TI_prof_data_start            
ffffffff  __binit__                       
ffffffff  __c_args__                      
ffffffff  binit                           
UNDEFED   __mpu_init                      
UNDEFED   _system_post_cinit              

[277 symbols]
