<?xml version="1.0" encoding="ISO-8859-1" ?>
<link_info>
   <banner>TI ARM Linker PC v18.1.4.LTS</banner>
   <copyright>Copyright (c) 1996-2018 Texas Instruments Incorporated</copyright>
   <link_time>0x5c7dec0c</link_time>
   <link_errors>0x0</link_errors>
   <output_file>3-4.out</output_file>
   <entry_point>
      <name>_c_int00_noargs</name>
      <address>0x4a31</address>
   </entry_point>
   <input_file_list>
      <input_file id="fl-2">
         <path>.\</path>
         <kind>object</kind>
         <file>main.obj</file>
         <name>main.obj</name>
      </input_file>
      <input_file id="fl-3">
         <path>.\</path>
         <kind>object</kind>
         <file>tm4c123gh6pm_startup_ccs.obj</file>
         <name>tm4c123gh6pm_startup_ccs.obj</name>
      </input_file>
      <input_file id="fl-4">
         <path>.\driverlib\</path>
         <kind>object</kind>
         <file>adc.obj</file>
         <name>adc.obj</name>
      </input_file>
      <input_file id="fl-5">
         <path>.\driverlib\</path>
         <kind>object</kind>
         <file>aes.obj</file>
         <name>aes.obj</name>
      </input_file>
      <input_file id="fl-6">
         <path>.\driverlib\</path>
         <kind>object</kind>
         <file>can.obj</file>
         <name>can.obj</name>
      </input_file>
      <input_file id="fl-7">
         <path>.\driverlib\</path>
         <kind>object</kind>
         <file>comp.obj</file>
         <name>comp.obj</name>
      </input_file>
      <input_file id="fl-8">
         <path>.\driverlib\</path>
         <kind>object</kind>
         <file>cpu.obj</file>
         <name>cpu.obj</name>
      </input_file>
      <input_file id="fl-9">
         <path>.\driverlib\</path>
         <kind>object</kind>
         <file>crc.obj</file>
         <name>crc.obj</name>
      </input_file>
      <input_file id="fl-a">
         <path>.\driverlib\</path>
         <kind>object</kind>
         <file>des.obj</file>
         <name>des.obj</name>
      </input_file>
      <input_file id="fl-b">
         <path>.\driverlib\</path>
         <kind>object</kind>
         <file>eeprom.obj</file>
         <name>eeprom.obj</name>
      </input_file>
      <input_file id="fl-c">
         <path>.\driverlib\</path>
         <kind>object</kind>
         <file>emac.obj</file>
         <name>emac.obj</name>
      </input_file>
      <input_file id="fl-d">
         <path>.\driverlib\</path>
         <kind>object</kind>
         <file>epi.obj</file>
         <name>epi.obj</name>
      </input_file>
      <input_file id="fl-e">
         <path>.\driverlib\</path>
         <kind>object</kind>
         <file>epi_workaround_ccs.obj</file>
         <name>epi_workaround_ccs.obj</name>
      </input_file>
      <input_file id="fl-f">
         <path>.\driverlib\</path>
         <kind>object</kind>
         <file>flash.obj</file>
         <name>flash.obj</name>
      </input_file>
      <input_file id="fl-10">
         <path>.\driverlib\</path>
         <kind>object</kind>
         <file>fpu.obj</file>
         <name>fpu.obj</name>
      </input_file>
      <input_file id="fl-11">
         <path>.\driverlib\</path>
         <kind>object</kind>
         <file>gpio.obj</file>
         <name>gpio.obj</name>
      </input_file>
      <input_file id="fl-12">
         <path>.\driverlib\</path>
         <kind>object</kind>
         <file>hibernate.obj</file>
         <name>hibernate.obj</name>
      </input_file>
      <input_file id="fl-13">
         <path>.\driverlib\</path>
         <kind>object</kind>
         <file>i2c.obj</file>
         <name>i2c.obj</name>
      </input_file>
      <input_file id="fl-14">
         <path>.\driverlib\</path>
         <kind>object</kind>
         <file>interrupt.obj</file>
         <name>interrupt.obj</name>
      </input_file>
      <input_file id="fl-15">
         <path>.\driverlib\</path>
         <kind>object</kind>
         <file>lcd.obj</file>
         <name>lcd.obj</name>
      </input_file>
      <input_file id="fl-16">
         <path>.\driverlib\</path>
         <kind>object</kind>
         <file>mpu.obj</file>
         <name>mpu.obj</name>
      </input_file>
      <input_file id="fl-17">
         <path>.\driverlib\</path>
         <kind>object</kind>
         <file>onewire.obj</file>
         <name>onewire.obj</name>
      </input_file>
      <input_file id="fl-18">
         <path>.\driverlib\</path>
         <kind>object</kind>
         <file>pwm.obj</file>
         <name>pwm.obj</name>
      </input_file>
      <input_file id="fl-19">
         <path>.\driverlib\</path>
         <kind>object</kind>
         <file>qei.obj</file>
         <name>qei.obj</name>
      </input_file>
      <input_file id="fl-1a">
         <path>.\driverlib\</path>
         <kind>object</kind>
         <file>shamd5.obj</file>
         <name>shamd5.obj</name>
      </input_file>
      <input_file id="fl-1b">
         <path>.\driverlib\</path>
         <kind>object</kind>
         <file>ssi.obj</file>
         <name>ssi.obj</name>
      </input_file>
      <input_file id="fl-1c">
         <path>.\driverlib\</path>
         <kind>object</kind>
         <file>sw_crc.obj</file>
         <name>sw_crc.obj</name>
      </input_file>
      <input_file id="fl-1d">
         <path>.\driverlib\</path>
         <kind>object</kind>
         <file>sysctl.obj</file>
         <name>sysctl.obj</name>
      </input_file>
      <input_file id="fl-1e">
         <path>.\driverlib\</path>
         <kind>object</kind>
         <file>sysexc.obj</file>
         <name>sysexc.obj</name>
      </input_file>
      <input_file id="fl-1f">
         <path>.\driverlib\</path>
         <kind>object</kind>
         <file>systick.obj</file>
         <name>systick.obj</name>
      </input_file>
      <input_file id="fl-20">
         <path>.\driverlib\</path>
         <kind>object</kind>
         <file>timer.obj</file>
         <name>timer.obj</name>
      </input_file>
      <input_file id="fl-21">
         <path>.\driverlib\</path>
         <kind>object</kind>
         <file>uart.obj</file>
         <name>uart.obj</name>
      </input_file>
      <input_file id="fl-22">
         <path>.\driverlib\</path>
         <kind>object</kind>
         <file>udma.obj</file>
         <name>udma.obj</name>
      </input_file>
      <input_file id="fl-23">
         <path>.\driverlib\</path>
         <kind>object</kind>
         <file>usb.obj</file>
         <name>usb.obj</name>
      </input_file>
      <input_file id="fl-24">
         <path>.\driverlib\</path>
         <kind>object</kind>
         <file>watchdog.obj</file>
         <name>watchdog.obj</name>
      </input_file>
      <input_file id="fl-2c">
         <kind>object</kind>
         <file>&lt;internal&gt;</file>
         <name>&lt;internal&gt;</name>
      </input_file>
      <input_file id="fl-e2">
         <path>C:\ti\ccsv8\tools\compiler\ti-cgt-arm_18.1.4.LTS\lib\</path>
         <kind>archive</kind>
         <file>rtsv7M4_T_le_v4SPD16_eabi.lib</file>
         <name>s_sin.c.obj</name>
      </input_file>
      <input_file id="fl-e3">
         <path>C:\ti\ccsv8\tools\compiler\ti-cgt-arm_18.1.4.LTS\lib\</path>
         <kind>archive</kind>
         <file>rtsv7M4_T_le_v4SPD16_eabi.lib</file>
         <name>fd_add_t2.asm.obj</name>
      </input_file>
      <input_file id="fl-e4">
         <path>C:\ti\ccsv8\tools\compiler\ti-cgt-arm_18.1.4.LTS\lib\</path>
         <kind>archive</kind>
         <file>rtsv7M4_T_le_v4SPD16_eabi.lib</file>
         <name>fd_cmp_t2.asm.obj</name>
      </input_file>
      <input_file id="fl-e5">
         <path>C:\ti\ccsv8\tools\compiler\ti-cgt-arm_18.1.4.LTS\lib\</path>
         <kind>archive</kind>
         <file>rtsv7M4_T_le_v4SPD16_eabi.lib</file>
         <name>fd_div_t2.asm.obj</name>
      </input_file>
      <input_file id="fl-e6">
         <path>C:\ti\ccsv8\tools\compiler\ti-cgt-arm_18.1.4.LTS\lib\</path>
         <kind>archive</kind>
         <file>rtsv7M4_T_le_v4SPD16_eabi.lib</file>
         <name>fd_mul_t2.asm.obj</name>
      </input_file>
      <input_file id="fl-e7">
         <path>C:\ti\ccsv8\tools\compiler\ti-cgt-arm_18.1.4.LTS\lib\</path>
         <kind>archive</kind>
         <file>rtsv7M4_T_le_v4SPD16_eabi.lib</file>
         <name>fd_toi_t2.asm.obj</name>
      </input_file>
      <input_file id="fl-e8">
         <path>C:\ti\ccsv8\tools\compiler\ti-cgt-arm_18.1.4.LTS\lib\</path>
         <kind>archive</kind>
         <file>rtsv7M4_T_le_v4SPD16_eabi.lib</file>
         <name>fd_tou_t2.asm.obj</name>
      </input_file>
      <input_file id="fl-e9">
         <path>C:\ti\ccsv8\tools\compiler\ti-cgt-arm_18.1.4.LTS\lib\</path>
         <kind>archive</kind>
         <file>rtsv7M4_T_le_v4SPD16_eabi.lib</file>
         <name>i_tofd_t2.asm.obj</name>
      </input_file>
      <input_file id="fl-ea">
         <path>C:\ti\ccsv8\tools\compiler\ti-cgt-arm_18.1.4.LTS\lib\</path>
         <kind>archive</kind>
         <file>rtsv7M4_T_le_v4SPD16_eabi.lib</file>
         <name>u_tofd_t2.asm.obj</name>
      </input_file>
      <input_file id="fl-eb">
         <path>C:\ti\ccsv8\tools\compiler\ti-cgt-arm_18.1.4.LTS\lib\</path>
         <kind>archive</kind>
         <file>rtsv7M4_T_le_v4SPD16_eabi.lib</file>
         <name>copy_zero_init.c.obj</name>
      </input_file>
      <input_file id="fl-ec">
         <path>C:\ti\ccsv8\tools\compiler\ti-cgt-arm_18.1.4.LTS\lib\</path>
         <kind>archive</kind>
         <file>rtsv7M4_T_le_v4SPD16_eabi.lib</file>
         <name>copy_decompress_none.c.obj</name>
      </input_file>
      <input_file id="fl-ed">
         <path>C:\ti\ccsv8\tools\compiler\ti-cgt-arm_18.1.4.LTS\lib\</path>
         <kind>archive</kind>
         <file>rtsv7M4_T_le_v4SPD16_eabi.lib</file>
         <name>copy_decompress_lzss.c.obj</name>
      </input_file>
      <input_file id="fl-ee">
         <path>C:\ti\ccsv8\tools\compiler\ti-cgt-arm_18.1.4.LTS\lib\</path>
         <kind>archive</kind>
         <file>rtsv7M4_T_le_v4SPD16_eabi.lib</file>
         <name>boot_cortex_m.c.obj</name>
      </input_file>
      <input_file id="fl-ef">
         <path>C:\ti\ccsv8\tools\compiler\ti-cgt-arm_18.1.4.LTS\lib\</path>
         <kind>archive</kind>
         <file>rtsv7M4_T_le_v4SPD16_eabi.lib</file>
         <name>exit.c.obj</name>
      </input_file>
      <input_file id="fl-f0">
         <path>C:\ti\ccsv8\tools\compiler\ti-cgt-arm_18.1.4.LTS\lib\</path>
         <kind>archive</kind>
         <file>rtsv7M4_T_le_v4SPD16_eabi.lib</file>
         <name>_lock.c.obj</name>
      </input_file>
      <input_file id="fl-f1">
         <path>C:\ti\ccsv8\tools\compiler\ti-cgt-arm_18.1.4.LTS\lib\</path>
         <kind>archive</kind>
         <file>rtsv7M4_T_le_v4SPD16_eabi.lib</file>
         <name>args_main.c.obj</name>
      </input_file>
      <input_file id="fl-f2">
         <path>C:\ti\ccsv8\tools\compiler\ti-cgt-arm_18.1.4.LTS\lib\</path>
         <kind>archive</kind>
         <file>rtsv7M4_T_le_v4SPD16_eabi.lib</file>
         <name>k_rem_pio2.c.obj</name>
      </input_file>
      <input_file id="fl-f3">
         <path>C:\ti\ccsv8\tools\compiler\ti-cgt-arm_18.1.4.LTS\lib\</path>
         <kind>archive</kind>
         <file>rtsv7M4_T_le_v4SPD16_eabi.lib</file>
         <name>k_cos.c.obj</name>
      </input_file>
      <input_file id="fl-f4">
         <path>C:\ti\ccsv8\tools\compiler\ti-cgt-arm_18.1.4.LTS\lib\</path>
         <kind>archive</kind>
         <file>rtsv7M4_T_le_v4SPD16_eabi.lib</file>
         <name>k_sin.c.obj</name>
      </input_file>
      <input_file id="fl-f5">
         <path>C:\ti\ccsv8\tools\compiler\ti-cgt-arm_18.1.4.LTS\lib\</path>
         <kind>archive</kind>
         <file>rtsv7M4_T_le_v4SPD16_eabi.lib</file>
         <name>s_floor.c.obj</name>
      </input_file>
      <input_file id="fl-f6">
         <path>C:\ti\ccsv8\tools\compiler\ti-cgt-arm_18.1.4.LTS\lib\</path>
         <kind>archive</kind>
         <file>rtsv7M4_T_le_v4SPD16_eabi.lib</file>
         <name>s_scalbn.c.obj</name>
      </input_file>
      <input_file id="fl-f7">
         <path>C:\ti\ccsv8\tools\compiler\ti-cgt-arm_18.1.4.LTS\lib\</path>
         <kind>archive</kind>
         <file>rtsv7M4_T_le_v4SPD16_eabi.lib</file>
         <name>memcpy_t2.asm.obj</name>
      </input_file>
      <input_file id="fl-f8">
         <path>C:\ti\ccsv8\tools\compiler\ti-cgt-arm_18.1.4.LTS\lib\</path>
         <kind>archive</kind>
         <file>rtsv7M4_T_le_v4SPD16_eabi.lib</file>
         <name>memset_t2.asm.obj</name>
      </input_file>
      <input_file id="fl-f9">
         <path>C:\ti\ccsv8\tools\compiler\ti-cgt-arm_18.1.4.LTS\lib\</path>
         <kind>archive</kind>
         <file>rtsv7M4_T_le_v4SPD16_eabi.lib</file>
         <name>autoinit.c.obj</name>
      </input_file>
      <input_file id="fl-fa">
         <path>C:\ti\ccsv8\tools\compiler\ti-cgt-arm_18.1.4.LTS\lib\</path>
         <kind>archive</kind>
         <file>rtsv7M4_T_le_v4SPD16_eabi.lib</file>
         <name>pre_init.c.obj</name>
      </input_file>
      <input_file id="fl-fb">
         <path>C:\ti\ccsv8\tools\compiler\ti-cgt-arm_18.1.4.LTS\lib\</path>
         <kind>archive</kind>
         <file>rtsv7M4_T_le_v4SPD16_eabi.lib</file>
         <name>cpy_tbl.c.obj</name>
      </input_file>
      <input_file id="fl-fc">
         <path>C:\ti\ccsv8\tools\compiler\ti-cgt-arm_18.1.4.LTS\lib\</path>
         <kind>archive</kind>
         <file>rtsv7M4_T_le_v4SPD16_eabi.lib</file>
         <name>errno.c.obj</name>
      </input_file>
      <input_file id="fl-fd">
         <path>C:\ti\ccsv8\tools\compiler\ti-cgt-arm_18.1.4.LTS\lib\</path>
         <kind>archive</kind>
         <file>rtsv7M4_T_le_v4SPD16_eabi.lib</file>
         <name>s_copysign.c.obj</name>
      </input_file>
   </input_file_list>
   <object_component_list>
      <object_component id="oc-f">
         <name>.intvecs</name>
         <load_address>0x0</load_address>
         <run_address>0x0</run_address>
         <size>0x26c</size>
         <input_file_ref idref="fl-3"/>
      </object_component>
      <object_component id="oc-77">
         <name>.text</name>
         <load_address>0x26c</load_address>
         <run_address>0x26c</run_address>
         <size>0xf80</size>
         <input_file_ref idref="fl-1d"/>
      </object_component>
      <object_component id="oc-7d">
         <name>.text</name>
         <load_address>0x11ec</load_address>
         <run_address>0x11ec</run_address>
         <size>0xb94</size>
         <input_file_ref idref="fl-11"/>
      </object_component>
      <object_component id="oc-15c">
         <name>.text:__kernel_rem_pio2</name>
         <load_address>0x1d80</load_address>
         <run_address>0x1d80</run_address>
         <size>0x738</size>
         <input_file_ref idref="fl-f2"/>
      </object_component>
      <object_component id="oc-83">
         <name>.text</name>
         <load_address>0x24b8</load_address>
         <run_address>0x24b8</run_address>
         <size>0x718</size>
         <input_file_ref idref="fl-18"/>
      </object_component>
      <object_component id="oc-89">
         <name>.text</name>
         <load_address>0x2bd0</load_address>
         <run_address>0x2bd0</run_address>
         <size>0x642</size>
         <input_file_ref idref="fl-20"/>
      </object_component>
      <object_component id="oc-a4">
         <name>.text:sin</name>
         <load_address>0x3214</load_address>
         <run_address>0x3214</run_address>
         <size>0x5c4</size>
         <input_file_ref idref="fl-e2"/>
      </object_component>
      <object_component id="oc-8f">
         <name>.text</name>
         <load_address>0x37d8</load_address>
         <run_address>0x37d8</run_address>
         <size>0x3c0</size>
         <input_file_ref idref="fl-14"/>
      </object_component>
      <object_component id="oc-2a">
         <name>.text</name>
         <load_address>0x3b98</load_address>
         <run_address>0x3b98</run_address>
         <size>0x1e4</size>
         <input_file_ref idref="fl-2"/>
      </object_component>
      <object_component id="oc-aa">
         <name>.text</name>
         <load_address>0x3d7c</load_address>
         <run_address>0x3d7c</run_address>
         <size>0x1b6</size>
         <input_file_ref idref="fl-e3"/>
      </object_component>
      <object_component id="oc-14c">
         <name>.text:__kernel_sin</name>
         <load_address>0x3f34</load_address>
         <run_address>0x3f34</run_address>
         <size>0x174</size>
         <input_file_ref idref="fl-f4"/>
      </object_component>
      <object_component id="oc-162">
         <name>.text:__kernel_cos</name>
         <load_address>0x40a8</load_address>
         <run_address>0x40a8</run_address>
         <size>0x16c</size>
         <input_file_ref idref="fl-f3"/>
      </object_component>
      <object_component id="oc-9f">
         <name>.text</name>
         <load_address>0x4214</load_address>
         <run_address>0x4214</run_address>
         <size>0x136</size>
         <input_file_ref idref="fl-e5"/>
      </object_component>
      <object_component id="oc-1fa">
         <name>.text:scalbn</name>
         <load_address>0x434c</load_address>
         <run_address>0x434c</run_address>
         <size>0x110</size>
         <input_file_ref idref="fl-f6"/>
      </object_component>
      <object_component id="oc-9a">
         <name>.text</name>
         <load_address>0x445c</load_address>
         <run_address>0x445c</run_address>
         <size>0xfc</size>
         <input_file_ref idref="fl-e6"/>
      </object_component>
      <object_component id="oc-200">
         <name>.text:floor</name>
         <load_address>0x4558</load_address>
         <run_address>0x4558</run_address>
         <size>0xf8</size>
         <input_file_ref idref="fl-f5"/>
      </object_component>
      <object_component id="oc-71">
         <name>.text</name>
         <load_address>0x4650</load_address>
         <run_address>0x4650</run_address>
         <size>0xc0</size>
         <input_file_ref idref="fl-10"/>
      </object_component>
      <object_component id="oc-3e">
         <name>.text</name>
         <load_address>0x4710</load_address>
         <run_address>0x4710</run_address>
         <size>0x9c</size>
         <input_file_ref idref="fl-f7"/>
      </object_component>
      <object_component id="oc-157">
         <name>.text:__aeabi_cdcmple</name>
         <load_address>0x47ac</load_address>
         <run_address>0x47ac</run_address>
         <size>0x86</size>
         <input_file_ref idref="fl-e4"/>
      </object_component>
      <object_component id="oc-206">
         <name>.text:__aeabi_cdrcmple</name>
         <load_address>0x4832</load_address>
         <run_address>0x4832</run_address>
         <size>0x86</size>
         <input_file_ref idref="fl-e4"/>
      </object_component>
      <object_component id="oc-12">
         <name>.text:decompress:lzss:__TI_decompress_lzss</name>
         <load_address>0x48b8</load_address>
         <run_address>0x48b8</run_address>
         <size>0x68</size>
         <input_file_ref idref="fl-ed"/>
      </object_component>
      <object_component id="oc-147">
         <name>.text</name>
         <load_address>0x4920</load_address>
         <run_address>0x4920</run_address>
         <size>0x48</size>
         <input_file_ref idref="fl-e7"/>
      </object_component>
      <object_component id="oc-194">
         <name>.text:__TI_auto_init_nobinit_nopinit:__TI_auto_init_nobinit_nopinit</name>
         <load_address>0x4968</load_address>
         <run_address>0x4968</run_address>
         <size>0x44</size>
         <input_file_ref idref="fl-f9"/>
      </object_component>
      <object_component id="oc-af">
         <name>.text</name>
         <load_address>0x49ac</load_address>
         <run_address>0x49ac</run_address>
         <size>0x44</size>
         <input_file_ref idref="fl-e8"/>
      </object_component>
      <object_component id="oc-101">
         <name>.text</name>
         <load_address>0x49f0</load_address>
         <run_address>0x49f0</run_address>
         <size>0x3e</size>
         <input_file_ref idref="fl-8"/>
      </object_component>
      <object_component id="oc-5c">
         <name>.text:_c_int00_noargs:_c_int00_noargs</name>
         <load_address>0x4a30</load_address>
         <run_address>0x4a30</run_address>
         <size>0x38</size>
         <input_file_ref idref="fl-ee"/>
      </object_component>
      <object_component id="oc-152">
         <name>.text</name>
         <load_address>0x4a68</load_address>
         <run_address>0x4a68</run_address>
         <size>0x2e</size>
         <input_file_ref idref="fl-e9"/>
      </object_component>
      <object_component id="oc-95">
         <name>.text</name>
         <load_address>0x4a96</load_address>
         <run_address>0x4a96</run_address>
         <size>0x20</size>
         <input_file_ref idref="fl-ea"/>
      </object_component>
      <object_component id="oc-247">
         <name>.text:copysign</name>
         <load_address>0x4ab6</load_address>
         <run_address>0x4ab6</run_address>
         <size>0x14</size>
         <input_file_ref idref="fl-fd"/>
      </object_component>
      <object_component id="oc-4a">
         <name>.text:decompress:ZI:__TI_zero_init_nomemset:__TI_zero_init_nomemset</name>
         <load_address>0x4aca</load_address>
         <run_address>0x4aca</run_address>
         <size>0x12</size>
         <input_file_ref idref="fl-eb"/>
      </object_component>
      <object_component id="oc-18">
         <name>.text:decompress:none:__TI_decompress_none</name>
         <load_address>0x4adc</load_address>
         <run_address>0x4adc</run_address>
         <size>0xe</size>
         <input_file_ref idref="fl-ec"/>
      </object_component>
      <object_component id="oc-24">
         <name>.text</name>
         <load_address>0x4aea</load_address>
         <run_address>0x4aea</run_address>
         <size>0xc</size>
         <input_file_ref idref="fl-3"/>
      </object_component>
      <object_component id="oc-241">
         <name>.text:__aeabi_errno_addr</name>
         <load_address>0x4af8</load_address>
         <run_address>0x4af8</run_address>
         <size>0x8</size>
         <input_file_ref idref="fl-fc"/>
      </object_component>
      <object_component id="oc-110">
         <name>.text:SysCtlDelay</name>
         <load_address>0x4b00</load_address>
         <run_address>0x4b00</run_address>
         <size>0x6</size>
         <input_file_ref idref="fl-1d"/>
      </object_component>
      <object_component id="oc-eb">
         <name>.text:_system_pre_init</name>
         <load_address>0x4b06</load_address>
         <run_address>0x4b06</run_address>
         <size>0x4</size>
         <input_file_ref idref="fl-fa"/>
      </object_component>
      <object_component id="oc-188">
         <name>.text:abort:abort</name>
         <load_address>0x4b0a</load_address>
         <run_address>0x4b0a</run_address>
         <size>0x4</size>
         <input_file_ref idref="fl-ef"/>
      </object_component>
      <object_component id="oc-10d">
         <name>.const:g_pppui32XTALtoVCO</name>
         <load_address>0x4b10</load_address>
         <run_address>0x4b10</run_address>
         <size>0x1b0</size>
         <input_file_ref idref="fl-1d"/>
      </object_component>
      <object_component id="oc-20b">
         <name>.const:$O1$$</name>
         <load_address>0x4cc0</load_address>
         <run_address>0x4cc0</run_address>
         <size>0x158</size>
         <input_file_ref idref="fl-f2"/>
      </object_component>
      <object_component id="oc-11b">
         <name>.const:g_ppui32GPIOIntMapSnowflake</name>
         <load_address>0x4e18</load_address>
         <run_address>0x4e18</run_address>
         <size>0xd8</size>
         <input_file_ref idref="fl-11"/>
      </object_component>
      <object_component id="oc-118">
         <name>.const:g_ppui32GPIOIntMapBlizzard</name>
         <load_address>0x4ef0</load_address>
         <run_address>0x4ef0</run_address>
         <size>0xc0</size>
         <input_file_ref idref="fl-11"/>
      </object_component>
      <object_component id="oc-133">
         <name>.const:g_pui32Regs</name>
         <load_address>0x4fb0</load_address>
         <run_address>0x4fb0</run_address>
         <size>0x9c</size>
         <input_file_ref idref="fl-14"/>
      </object_component>
      <object_component id="oc-11e">
         <name>.const:g_pui32GPIOBaseAddrs</name>
         <load_address>0x504c</load_address>
         <run_address>0x504c</run_address>
         <size>0x90</size>
         <input_file_ref idref="fl-11"/>
      </object_component>
      <object_component id="oc-107">
         <name>.const:g_pui32Xtals</name>
         <load_address>0x50dc</load_address>
         <run_address>0x50dc</run_address>
         <size>0x6c</size>
         <input_file_ref idref="fl-1d"/>
      </object_component>
      <object_component id="oc-125">
         <name>.const:g_ppui32TimerIntMap</name>
         <load_address>0x5148</load_address>
         <run_address>0x5148</run_address>
         <size>0x60</size>
         <input_file_ref idref="fl-20"/>
      </object_component>
      <object_component id="oc-128">
         <name>.const:g_ppui32TimerIntMapSnowflake</name>
         <load_address>0x51a8</load_address>
         <run_address>0x51a8</run_address>
         <size>0x40</size>
         <input_file_ref idref="fl-20"/>
      </object_component>
      <object_component id="oc-fe">
         <name>.const:g_sXTALtoMEMTIM</name>
         <load_address>0x51e8</load_address>
         <run_address>0x51e8</run_address>
         <size>0x30</size>
         <input_file_ref idref="fl-1d"/>
      </object_component>
      <object_component id="oc-130">
         <name>.const:g_pui32Priority</name>
         <load_address>0x5218</load_address>
         <run_address>0x5218</run_address>
         <size>0x20</size>
         <input_file_ref idref="fl-14"/>
      </object_component>
      <object_component id="oc-139">
         <name>.const:g_pui32Dii16Regs</name>
         <load_address>0x5238</load_address>
         <run_address>0x5238</run_address>
         <size>0x14</size>
         <input_file_ref idref="fl-14"/>
      </object_component>
      <object_component id="oc-136">
         <name>.const:g_pui32EnRegs</name>
         <load_address>0x524c</load_address>
         <run_address>0x524c</run_address>
         <size>0x14</size>
         <input_file_ref idref="fl-14"/>
      </object_component>
      <object_component id="oc-13c">
         <name>.const:g_pui32PendRegs</name>
         <load_address>0x5260</load_address>
         <run_address>0x5260</run_address>
         <size>0x14</size>
         <input_file_ref idref="fl-14"/>
      </object_component>
      <object_component id="oc-13f">
         <name>.const:g_pui32UnpendRegs</name>
         <load_address>0x5274</load_address>
         <run_address>0x5274</run_address>
         <size>0x14</size>
         <input_file_ref idref="fl-14"/>
      </object_component>
      <object_component id="oc-10a">
         <name>.const:g_pui32VCOFrequencies</name>
         <load_address>0x5288</load_address>
         <run_address>0x5288</run_address>
         <size>0x8</size>
         <input_file_ref idref="fl-1d"/>
      </object_component>
      <object_component id="oc-2c2">
         <name>__TI_handler_table</name>
         <load_address>0x5290</load_address>
         <run_address>0x5290</run_address>
         <size>0xc</size>
      </object_component>
      <object_component id="oc-2c6">
         <name>.cinit..bss.load</name>
         <load_address>0x52a0</load_address>
         <run_address>0x52a0</run_address>
         <size>0x8</size>
      </object_component>
      <object_component id="oc-2c4">
         <name>.cinit..vtable.load</name>
         <load_address>0x52a8</load_address>
         <run_address>0x52a8</run_address>
         <size>0x8</size>
      </object_component>
      <object_component id="oc-2c5">
         <name>.cinit..data.load</name>
         <load_address>0x52b0</load_address>
         <run_address>0x52b0</run_address>
         <size>0x7</size>
      </object_component>
      <object_component id="oc-2c3">
         <name>__TI_cinit_table</name>
         <load_address>0x52b8</load_address>
         <run_address>0x52b8</run_address>
         <size>0x18</size>
      </object_component>
      <object_component id="oc-12d">
         <name>.vtable</name>
         <uninitialized>true</uninitialized>
         <run_address>0x20000000</run_address>
         <size>0x26c</size>
         <input_file_ref idref="fl-14"/>
      </object_component>
      <object_component id="oc-27e">
         <name>.data</name>
         <load_address>0x2000026c</load_address>
         <run_address>0x2000026c</run_address>
         <size>0x4</size>
         <input_file_ref idref="fl-fc"/>
      </object_component>
      <object_component id="oc-ba">
         <name>.common:ui32Period</name>
         <uninitialized>true</uninitialized>
         <run_address>0x20000484</run_address>
         <size>0x4</size>
      </object_component>
      <object_component id="oc-bb">
         <name>.common:ui32PWMPeriod</name>
         <uninitialized>true</uninitialized>
         <run_address>0x20000480</run_address>
         <size>0x4</size>
      </object_component>
      <object_component id="oc-bd">
         <name>.common:width</name>
         <uninitialized>true</uninitialized>
         <run_address>0x2000048c</run_address>
         <size>0x4</size>
      </object_component>
      <object_component id="oc-b9">
         <name>.common:count</name>
         <uninitialized>true</uninitialized>
         <run_address>0x20000478</run_address>
         <size>0x4</size>
      </object_component>
      <object_component id="oc-bc">
         <name>.common:ui32duty</name>
         <uninitialized>true</uninitialized>
         <run_address>0x20000488</run_address>
         <size>0x4</size>
      </object_component>
      <object_component id="oc-b4">
         <name>.common:sample</name>
         <uninitialized>true</uninitialized>
         <run_address>0x2000047c</run_address>
         <size>0x4</size>
      </object_component>
      <object_component id="oc-b7">
         <name>.common:base</name>
         <uninitialized>true</uninitialized>
         <run_address>0x20000474</run_address>
         <size>0x4</size>
      </object_component>
      <object_component id="oc-b8">
         <name>.common:amp</name>
         <uninitialized>true</uninitialized>
         <run_address>0x20000470</run_address>
         <size>0x4</size>
      </object_component>
      <object_component id="oc-21">
         <name>.stack</name>
         <uninitialized>true</uninitialized>
         <run_address>0x20000270</run_address>
         <size>0x4</size>
         <input_file_ref idref="fl-ee"/>
      </object_component>
      <object_component id="oc-2c7">
         <name>.stack</name>
         <uninitialized>true</uninitialized>
         <run_address>0x20000270</run_address>
         <size>0x0</size>
      </object_component>
      <object_component id="oc-b5">
         <name>.debug_info</name>
         <load_address>0x0</load_address>
         <run_address>0x0</run_address>
         <size>0x781</size>
         <input_file_ref idref="fl-2"/>
      </object_component>
      <object_component id="oc-2b">
         <name>.debug_info</name>
         <load_address>0x781</load_address>
         <run_address>0x781</run_address>
         <size>0x402</size>
         <input_file_ref idref="fl-2"/>
      </object_component>
      <object_component id="oc-c6">
         <name>.debug_info</name>
         <load_address>0xb83</load_address>
         <run_address>0xb83</run_address>
         <size>0x26b</size>
         <input_file_ref idref="fl-2"/>
      </object_component>
      <object_component id="oc-bf">
         <name>.debug_info</name>
         <load_address>0xdee</load_address>
         <run_address>0xdee</run_address>
         <size>0x8b</size>
         <input_file_ref idref="fl-2"/>
      </object_component>
      <object_component id="oc-173">
         <name>.debug_info</name>
         <load_address>0xe79</load_address>
         <run_address>0xe79</run_address>
         <size>0x297</size>
         <input_file_ref idref="fl-2"/>
      </object_component>
      <object_component id="oc-112">
         <name>.debug_info</name>
         <load_address>0x1110</load_address>
         <run_address>0x1110</run_address>
         <size>0xef</size>
         <input_file_ref idref="fl-2"/>
      </object_component>
      <object_component id="oc-cb">
         <name>.debug_info</name>
         <load_address>0x11ff</load_address>
         <run_address>0x11ff</run_address>
         <size>0xbb</size>
         <input_file_ref idref="fl-2"/>
      </object_component>
      <object_component id="oc-32">
         <name>.debug_info</name>
         <load_address>0x12ba</load_address>
         <run_address>0x12ba</run_address>
         <size>0x2cb</size>
         <input_file_ref idref="fl-3"/>
      </object_component>
      <object_component id="oc-10">
         <name>.debug_info</name>
         <load_address>0x1585</load_address>
         <run_address>0x1585</run_address>
         <size>0xe0</size>
         <input_file_ref idref="fl-3"/>
      </object_component>
      <object_component id="oc-25">
         <name>.debug_info</name>
         <load_address>0x1665</load_address>
         <run_address>0x1665</run_address>
         <size>0x25c</size>
         <input_file_ref idref="fl-3"/>
      </object_component>
      <object_component id="oc-39">
         <name>.debug_info</name>
         <load_address>0x18c1</load_address>
         <run_address>0x18c1</run_address>
         <size>0x84</size>
         <input_file_ref idref="fl-3"/>
      </object_component>
      <object_component id="oc-104">
         <name>.debug_info</name>
         <load_address>0x1945</load_address>
         <run_address>0x1945</run_address>
         <size>0x32d</size>
         <input_file_ref idref="fl-8"/>
      </object_component>
      <object_component id="oc-75">
         <name>.debug_info</name>
         <load_address>0x1c72</load_address>
         <run_address>0x1c72</run_address>
         <size>0x51d</size>
         <input_file_ref idref="fl-10"/>
      </object_component>
      <object_component id="oc-122">
         <name>.debug_info</name>
         <load_address>0x218f</load_address>
         <run_address>0x218f</run_address>
         <size>0x351</size>
         <input_file_ref idref="fl-11"/>
      </object_component>
      <object_component id="oc-119">
         <name>.debug_info</name>
         <load_address>0x24e0</load_address>
         <run_address>0x24e0</run_address>
         <size>0xf1</size>
         <input_file_ref idref="fl-11"/>
      </object_component>
      <object_component id="oc-11c">
         <name>.debug_info</name>
         <load_address>0x25d1</load_address>
         <run_address>0x25d1</run_address>
         <size>0xf3</size>
         <input_file_ref idref="fl-11"/>
      </object_component>
      <object_component id="oc-11f">
         <name>.debug_info</name>
         <load_address>0x26c4</load_address>
         <run_address>0x26c4</run_address>
         <size>0xe5</size>
         <input_file_ref idref="fl-11"/>
      </object_component>
      <object_component id="oc-80">
         <name>.debug_info</name>
         <load_address>0x27a9</load_address>
         <run_address>0x27a9</run_address>
         <size>0x3114</size>
         <input_file_ref idref="fl-11"/>
      </object_component>
      <object_component id="oc-143">
         <name>.debug_info</name>
         <load_address>0x58bd</load_address>
         <run_address>0x58bd</run_address>
         <size>0x32e</size>
         <input_file_ref idref="fl-14"/>
      </object_component>
      <object_component id="oc-131">
         <name>.debug_info</name>
         <load_address>0x5beb</load_address>
         <run_address>0x5beb</run_address>
         <size>0xe0</size>
         <input_file_ref idref="fl-14"/>
      </object_component>
      <object_component id="oc-134">
         <name>.debug_info</name>
         <load_address>0x5ccb</load_address>
         <run_address>0x5ccb</run_address>
         <size>0xd8</size>
         <input_file_ref idref="fl-14"/>
      </object_component>
      <object_component id="oc-137">
         <name>.debug_info</name>
         <load_address>0x5da3</load_address>
         <run_address>0x5da3</run_address>
         <size>0xdc</size>
         <input_file_ref idref="fl-14"/>
      </object_component>
      <object_component id="oc-13a">
         <name>.debug_info</name>
         <load_address>0x5e7f</load_address>
         <run_address>0x5e7f</run_address>
         <size>0xe2</size>
         <input_file_ref idref="fl-14"/>
      </object_component>
      <object_component id="oc-13d">
         <name>.debug_info</name>
         <load_address>0x5f61</load_address>
         <run_address>0x5f61</run_address>
         <size>0xe0</size>
         <input_file_ref idref="fl-14"/>
      </object_component>
      <object_component id="oc-140">
         <name>.debug_info</name>
         <load_address>0x6041</load_address>
         <run_address>0x6041</run_address>
         <size>0xe4</size>
         <input_file_ref idref="fl-14"/>
      </object_component>
      <object_component id="oc-12e">
         <name>.debug_info</name>
         <load_address>0x6125</load_address>
         <run_address>0x6125</run_address>
         <size>0xe1</size>
         <input_file_ref idref="fl-14"/>
      </object_component>
      <object_component id="oc-90">
         <name>.debug_info</name>
         <load_address>0x6206</load_address>
         <run_address>0x6206</run_address>
         <size>0xce1</size>
         <input_file_ref idref="fl-14"/>
      </object_component>
      <object_component id="oc-124">
         <name>.debug_info</name>
         <load_address>0x6ee7</load_address>
         <run_address>0x6ee7</run_address>
         <size>0x303</size>
         <input_file_ref idref="fl-18"/>
      </object_component>
      <object_component id="oc-86">
         <name>.debug_info</name>
         <load_address>0x71ea</load_address>
         <run_address>0x71ea</run_address>
         <size>0x2772</size>
         <input_file_ref idref="fl-18"/>
      </object_component>
      <object_component id="oc-117">
         <name>.debug_info</name>
         <load_address>0x995c</load_address>
         <run_address>0x995c</run_address>
         <size>0x3b3</size>
         <input_file_ref idref="fl-1d"/>
      </object_component>
      <object_component id="oc-108">
         <name>.debug_info</name>
         <load_address>0x9d0f</load_address>
         <run_address>0x9d0f</run_address>
         <size>0xd7</size>
         <input_file_ref idref="fl-1d"/>
      </object_component>
      <object_component id="oc-10e">
         <name>.debug_info</name>
         <load_address>0x9de6</load_address>
         <run_address>0x9de6</run_address>
         <size>0xe3</size>
         <input_file_ref idref="fl-1d"/>
      </object_component>
      <object_component id="oc-ff">
         <name>.debug_info</name>
         <load_address>0x9ec9</load_address>
         <run_address>0x9ec9</run_address>
         <size>0xdd</size>
         <input_file_ref idref="fl-1d"/>
      </object_component>
      <object_component id="oc-10b">
         <name>.debug_info</name>
         <load_address>0x9fa6</load_address>
         <run_address>0x9fa6</run_address>
         <size>0xea</size>
         <input_file_ref idref="fl-1d"/>
      </object_component>
      <object_component id="oc-78">
         <name>.debug_info</name>
         <load_address>0xa090</load_address>
         <run_address>0xa090</run_address>
         <size>0x2b27</size>
         <input_file_ref idref="fl-1d"/>
      </object_component>
      <object_component id="oc-1d1">
         <name>.debug_info</name>
         <load_address>0xcbb7</load_address>
         <run_address>0xcbb7</run_address>
         <size>0x51</size>
         <input_file_ref idref="fl-1d"/>
      </object_component>
      <object_component id="oc-12c">
         <name>.debug_info</name>
         <load_address>0xcc08</load_address>
         <run_address>0xcc08</run_address>
         <size>0x33e</size>
         <input_file_ref idref="fl-20"/>
      </object_component>
      <object_component id="oc-126">
         <name>.debug_info</name>
         <load_address>0xcf46</load_address>
         <run_address>0xcf46</run_address>
         <size>0xe4</size>
         <input_file_ref idref="fl-20"/>
      </object_component>
      <object_component id="oc-129">
         <name>.debug_info</name>
         <load_address>0xd02a</load_address>
         <run_address>0xd02a</run_address>
         <size>0xf6</size>
         <input_file_ref idref="fl-20"/>
      </object_component>
      <object_component id="oc-8a">
         <name>.debug_info</name>
         <load_address>0xd120</load_address>
         <run_address>0xd120</run_address>
         <size>0x246c</size>
         <input_file_ref idref="fl-20"/>
      </object_component>
      <object_component id="oc-169">
         <name>.debug_info</name>
         <load_address>0xf58c</load_address>
         <run_address>0xf58c</run_address>
         <size>0x39b</size>
         <input_file_ref idref="fl-e2"/>
      </object_component>
      <object_component id="oc-a5">
         <name>.debug_info</name>
         <load_address>0xf927</load_address>
         <run_address>0xf927</run_address>
         <size>0x796</size>
         <input_file_ref idref="fl-e2"/>
      </object_component>
      <object_component id="oc-21a">
         <name>.debug_info</name>
         <load_address>0x100bd</load_address>
         <run_address>0x100bd</run_address>
         <size>0x46</size>
         <input_file_ref idref="fl-e2"/>
      </object_component>
      <object_component id="oc-16a">
         <name>.debug_info</name>
         <load_address>0x10103</load_address>
         <run_address>0x10103</run_address>
         <size>0x39</size>
         <input_file_ref idref="fl-e2"/>
      </object_component>
      <object_component id="oc-ab">
         <name>.debug_info</name>
         <load_address>0x1013c</load_address>
         <run_address>0x1013c</run_address>
         <size>0x14f</size>
         <input_file_ref idref="fl-e3"/>
      </object_component>
      <object_component id="oc-159">
         <name>.debug_info</name>
         <load_address>0x1028b</load_address>
         <run_address>0x1028b</run_address>
         <size>0x12b</size>
         <input_file_ref idref="fl-e4"/>
      </object_component>
      <object_component id="oc-207">
         <name>.debug_info</name>
         <load_address>0x103b6</load_address>
         <run_address>0x103b6</run_address>
         <size>0x12d</size>
         <input_file_ref idref="fl-e4"/>
      </object_component>
      <object_component id="oc-a0">
         <name>.debug_info</name>
         <load_address>0x104e3</load_address>
         <run_address>0x104e3</run_address>
         <size>0x13d</size>
         <input_file_ref idref="fl-e5"/>
      </object_component>
      <object_component id="oc-9c">
         <name>.debug_info</name>
         <load_address>0x10620</load_address>
         <run_address>0x10620</run_address>
         <size>0x13d</size>
         <input_file_ref idref="fl-e6"/>
      </object_component>
      <object_component id="oc-148">
         <name>.debug_info</name>
         <load_address>0x1075d</load_address>
         <run_address>0x1075d</run_address>
         <size>0x131</size>
         <input_file_ref idref="fl-e7"/>
      </object_component>
      <object_component id="oc-b0">
         <name>.debug_info</name>
         <load_address>0x1088e</load_address>
         <run_address>0x1088e</run_address>
         <size>0x13c</size>
         <input_file_ref idref="fl-e8"/>
      </object_component>
      <object_component id="oc-153">
         <name>.debug_info</name>
         <load_address>0x109ca</load_address>
         <run_address>0x109ca</run_address>
         <size>0x12f</size>
         <input_file_ref idref="fl-e9"/>
      </object_component>
      <object_component id="oc-97">
         <name>.debug_info</name>
         <load_address>0x10af9</load_address>
         <run_address>0x10af9</run_address>
         <size>0x131</size>
         <input_file_ref idref="fl-ea"/>
      </object_component>
      <object_component id="oc-e4">
         <name>.debug_info</name>
         <load_address>0x10c2a</load_address>
         <run_address>0x10c2a</run_address>
         <size>0x31e</size>
         <input_file_ref idref="fl-eb"/>
      </object_component>
      <object_component id="oc-4b">
         <name>.debug_info</name>
         <load_address>0x10f48</load_address>
         <run_address>0x10f48</run_address>
         <size>0x1bf</size>
         <input_file_ref idref="fl-eb"/>
      </object_component>
      <object_component id="oc-df">
         <name>.debug_info</name>
         <load_address>0x11107</load_address>
         <run_address>0x11107</run_address>
         <size>0x46</size>
         <input_file_ref idref="fl-eb"/>
      </object_component>
      <object_component id="oc-17f">
         <name>.debug_info</name>
         <load_address>0x1114d</load_address>
         <run_address>0x1114d</run_address>
         <size>0x2c</size>
         <input_file_ref idref="fl-eb"/>
      </object_component>
      <object_component id="oc-49">
         <name>.debug_info</name>
         <load_address>0x11179</load_address>
         <run_address>0x11179</run_address>
         <size>0x2a8</size>
         <input_file_ref idref="fl-ec"/>
      </object_component>
      <object_component id="oc-19">
         <name>.debug_info</name>
         <load_address>0x11421</load_address>
         <run_address>0x11421</run_address>
         <size>0x1ea</size>
         <input_file_ref idref="fl-ec"/>
      </object_component>
      <object_component id="oc-44">
         <name>.debug_info</name>
         <load_address>0x1160b</load_address>
         <run_address>0x1160b</run_address>
         <size>0x46</size>
         <input_file_ref idref="fl-ec"/>
      </object_component>
      <object_component id="oc-d7">
         <name>.debug_info</name>
         <load_address>0x11651</load_address>
         <run_address>0x11651</run_address>
         <size>0x2c</size>
         <input_file_ref idref="fl-ec"/>
      </object_component>
      <object_component id="oc-d5">
         <name>.debug_info</name>
         <load_address>0x1167d</load_address>
         <run_address>0x1167d</run_address>
         <size>0x29e</size>
         <input_file_ref idref="fl-ed"/>
      </object_component>
      <object_component id="oc-13">
         <name>.debug_info</name>
         <load_address>0x1191b</load_address>
         <run_address>0x1191b</run_address>
         <size>0x250</size>
         <input_file_ref idref="fl-ed"/>
      </object_component>
      <object_component id="oc-34">
         <name>.debug_info</name>
         <load_address>0x11b6b</load_address>
         <run_address>0x11b6b</run_address>
         <size>0x60</size>
         <input_file_ref idref="fl-ed"/>
      </object_component>
      <object_component id="oc-178">
         <name>.debug_info</name>
         <load_address>0x11bcb</load_address>
         <run_address>0x11bcb</run_address>
         <size>0x46</size>
         <input_file_ref idref="fl-ed"/>
      </object_component>
      <object_component id="oc-d0">
         <name>.debug_info</name>
         <load_address>0x11c11</load_address>
         <run_address>0x11c11</run_address>
         <size>0x39</size>
         <input_file_ref idref="fl-ed"/>
      </object_component>
      <object_component id="oc-22">
         <name>.debug_info</name>
         <load_address>0x11c4a</load_address>
         <run_address>0x11c4a</run_address>
         <size>0x10b</size>
         <input_file_ref idref="fl-ee"/>
      </object_component>
      <object_component id="oc-5d">
         <name>.debug_info</name>
         <load_address>0x11d55</load_address>
         <run_address>0x11d55</run_address>
         <size>0x1af</size>
         <input_file_ref idref="fl-ee"/>
      </object_component>
      <object_component id="oc-18a">
         <name>.debug_info</name>
         <load_address>0x11f04</load_address>
         <run_address>0x11f04</run_address>
         <size>0x122</size>
         <input_file_ref idref="fl-ef"/>
      </object_component>
      <object_component id="oc-20f">
         <name>.debug_info</name>
         <load_address>0x12026</load_address>
         <run_address>0x12026</run_address>
         <size>0x3aa</size>
         <input_file_ref idref="fl-f2"/>
      </object_component>
      <object_component id="oc-20c">
         <name>.debug_info</name>
         <load_address>0x123d0</load_address>
         <run_address>0x123d0</run_address>
         <size>0x13a</size>
         <input_file_ref idref="fl-f2"/>
      </object_component>
      <object_component id="oc-160">
         <name>.debug_info</name>
         <load_address>0x1250a</load_address>
         <run_address>0x1250a</run_address>
         <size>0x72f</size>
         <input_file_ref idref="fl-f2"/>
      </object_component>
      <object_component id="oc-256">
         <name>.debug_info</name>
         <load_address>0x12c39</load_address>
         <run_address>0x12c39</run_address>
         <size>0x39</size>
         <input_file_ref idref="fl-f2"/>
      </object_component>
      <object_component id="oc-211">
         <name>.debug_info</name>
         <load_address>0x12c72</load_address>
         <run_address>0x12c72</run_address>
         <size>0x2c</size>
         <input_file_ref idref="fl-f2"/>
      </object_component>
      <object_component id="oc-217">
         <name>.debug_info</name>
         <load_address>0x12c9e</load_address>
         <run_address>0x12c9e</run_address>
         <size>0x28d</size>
         <input_file_ref idref="fl-f3"/>
      </object_component>
      <object_component id="oc-165">
         <name>.debug_info</name>
         <load_address>0x12f2b</load_address>
         <run_address>0x12f2b</run_address>
         <size>0x327</size>
         <input_file_ref idref="fl-f3"/>
      </object_component>
      <object_component id="oc-1f7">
         <name>.debug_info</name>
         <load_address>0x13252</load_address>
         <run_address>0x13252</run_address>
         <size>0x292</size>
         <input_file_ref idref="fl-f4"/>
      </object_component>
      <object_component id="oc-14f">
         <name>.debug_info</name>
         <load_address>0x134e4</load_address>
         <run_address>0x134e4</run_address>
         <size>0x380</size>
         <input_file_ref idref="fl-f4"/>
      </object_component>
      <object_component id="oc-250">
         <name>.debug_info</name>
         <load_address>0x13864</load_address>
         <run_address>0x13864</run_address>
         <size>0x28f</size>
         <input_file_ref idref="fl-f5"/>
      </object_component>
      <object_component id="oc-204">
         <name>.debug_info</name>
         <load_address>0x13af3</load_address>
         <run_address>0x13af3</run_address>
         <size>0x22a</size>
         <input_file_ref idref="fl-f5"/>
      </object_component>
      <object_component id="oc-24e">
         <name>.debug_info</name>
         <load_address>0x13d1d</load_address>
         <run_address>0x13d1d</run_address>
         <size>0x2fd</size>
         <input_file_ref idref="fl-f6"/>
      </object_component>
      <object_component id="oc-1fe">
         <name>.debug_info</name>
         <load_address>0x1401a</load_address>
         <run_address>0x1401a</run_address>
         <size>0x225</size>
         <input_file_ref idref="fl-f6"/>
      </object_component>
      <object_component id="oc-41">
         <name>.debug_info</name>
         <load_address>0x1423f</load_address>
         <run_address>0x1423f</run_address>
         <size>0x11c</size>
         <input_file_ref idref="fl-f7"/>
      </object_component>
      <object_component id="oc-22a">
         <name>.debug_info</name>
         <load_address>0x1435b</load_address>
         <run_address>0x1435b</run_address>
         <size>0x552</size>
         <input_file_ref idref="fl-f9"/>
      </object_component>
      <object_component id="oc-195">
         <name>.debug_info</name>
         <load_address>0x148ad</load_address>
         <run_address>0x148ad</run_address>
         <size>0x1a6</size>
         <input_file_ref idref="fl-f9"/>
      </object_component>
      <object_component id="oc-26d">
         <name>.debug_info</name>
         <load_address>0x14a53</load_address>
         <run_address>0x14a53</run_address>
         <size>0x39</size>
         <input_file_ref idref="fl-f9"/>
      </object_component>
      <object_component id="oc-28b">
         <name>.debug_info</name>
         <load_address>0x14a8c</load_address>
         <run_address>0x14a8c</run_address>
         <size>0x39</size>
         <input_file_ref idref="fl-f9"/>
      </object_component>
      <object_component id="oc-272">
         <name>.debug_info</name>
         <load_address>0x14ac5</load_address>
         <run_address>0x14ac5</run_address>
         <size>0x39</size>
         <input_file_ref idref="fl-f9"/>
      </object_component>
      <object_component id="oc-277">
         <name>.debug_info</name>
         <load_address>0x14afe</load_address>
         <run_address>0x14afe</run_address>
         <size>0xcd</size>
         <input_file_ref idref="fl-f9"/>
      </object_component>
      <object_component id="oc-ec">
         <name>.debug_info</name>
         <load_address>0x14bcb</load_address>
         <run_address>0x14bcb</run_address>
         <size>0x153</size>
         <input_file_ref idref="fl-fa"/>
      </object_component>
      <object_component id="oc-282">
         <name>.debug_info</name>
         <load_address>0x14d1e</load_address>
         <run_address>0x14d1e</run_address>
         <size>0x289</size>
         <input_file_ref idref="fl-fc"/>
      </object_component>
      <object_component id="oc-27f">
         <name>.debug_info</name>
         <load_address>0x14fa7</load_address>
         <run_address>0x14fa7</run_address>
         <size>0x10e</size>
         <input_file_ref idref="fl-fc"/>
      </object_component>
      <object_component id="oc-243">
         <name>.debug_info</name>
         <load_address>0x150b5</load_address>
         <run_address>0x150b5</run_address>
         <size>0x14e</size>
         <input_file_ref idref="fl-fc"/>
      </object_component>
      <object_component id="oc-248">
         <name>.debug_info</name>
         <load_address>0x15203</load_address>
         <run_address>0x15203</run_address>
         <size>0x161</size>
         <input_file_ref idref="fl-fd"/>
      </object_component>
      <object_component id="oc-2c8">
         <name>.debug_info</name>
         <load_address>0x15364</load_address>
         <run_address>0x15364</run_address>
         <size>0x96</size>
      </object_component>
      <object_component id="oc-172">
         <name>.debug_line</name>
         <load_address>0x0</load_address>
         <run_address>0x0</run_address>
         <size>0x100</size>
         <input_file_ref idref="fl-2"/>
      </object_component>
      <object_component id="oc-2e">
         <name>.debug_line</name>
         <load_address>0x100</load_address>
         <run_address>0x100</run_address>
         <size>0x81</size>
         <input_file_ref idref="fl-2"/>
      </object_component>
      <object_component id="oc-c9">
         <name>.debug_line</name>
         <load_address>0x181</load_address>
         <run_address>0x181</run_address>
         <size>0x69</size>
         <input_file_ref idref="fl-2"/>
      </object_component>
      <object_component id="oc-c2">
         <name>.debug_line</name>
         <load_address>0x1ea</load_address>
         <run_address>0x1ea</run_address>
         <size>0x20</size>
         <input_file_ref idref="fl-2"/>
      </object_component>
      <object_component id="oc-176">
         <name>.debug_line</name>
         <load_address>0x20a</load_address>
         <run_address>0x20a</run_address>
         <size>0x6d</size>
         <input_file_ref idref="fl-2"/>
      </object_component>
      <object_component id="oc-115">
         <name>.debug_line</name>
         <load_address>0x277</load_address>
         <run_address>0x277</run_address>
         <size>0x69</size>
         <input_file_ref idref="fl-2"/>
      </object_component>
      <object_component id="oc-ce">
         <name>.debug_line</name>
         <load_address>0x2e0</load_address>
         <run_address>0x2e0</run_address>
         <size>0x6a</size>
         <input_file_ref idref="fl-2"/>
      </object_component>
      <object_component id="oc-c5">
         <name>.debug_line</name>
         <load_address>0x34a</load_address>
         <run_address>0x34a</run_address>
         <size>0x41</size>
         <input_file_ref idref="fl-3"/>
      </object_component>
      <object_component id="oc-31">
         <name>.debug_line</name>
         <load_address>0x38b</load_address>
         <run_address>0x38b</run_address>
         <size>0x41</size>
         <input_file_ref idref="fl-3"/>
      </object_component>
      <object_component id="oc-28">
         <name>.debug_line</name>
         <load_address>0x3cc</load_address>
         <run_address>0x3cc</run_address>
         <size>0xa1</size>
         <input_file_ref idref="fl-3"/>
      </object_component>
      <object_component id="oc-3c">
         <name>.debug_line</name>
         <load_address>0x46d</load_address>
         <run_address>0x46d</run_address>
         <size>0x20</size>
         <input_file_ref idref="fl-3"/>
      </object_component>
      <object_component id="oc-102">
         <name>.debug_line</name>
         <load_address>0x48d</load_address>
         <run_address>0x48d</run_address>
         <size>0xd9</size>
         <input_file_ref idref="fl-8"/>
      </object_component>
      <object_component id="oc-74">
         <name>.debug_line</name>
         <load_address>0x566</load_address>
         <run_address>0x566</run_address>
         <size>0x126</size>
         <input_file_ref idref="fl-10"/>
      </object_component>
      <object_component id="oc-1dc">
         <name>.debug_line</name>
         <load_address>0x68c</load_address>
         <run_address>0x68c</run_address>
         <size>0x5b</size>
         <input_file_ref idref="fl-11"/>
      </object_component>
      <object_component id="oc-1d6">
         <name>.debug_line</name>
         <load_address>0x6e7</load_address>
         <run_address>0x6e7</run_address>
         <size>0x37</size>
         <input_file_ref idref="fl-11"/>
      </object_component>
      <object_component id="oc-1d8">
         <name>.debug_line</name>
         <load_address>0x71e</load_address>
         <run_address>0x71e</run_address>
         <size>0x37</size>
         <input_file_ref idref="fl-11"/>
      </object_component>
      <object_component id="oc-1da">
         <name>.debug_line</name>
         <load_address>0x755</load_address>
         <run_address>0x755</run_address>
         <size>0x37</size>
         <input_file_ref idref="fl-11"/>
      </object_component>
      <object_component id="oc-7e">
         <name>.debug_line</name>
         <load_address>0x78c</load_address>
         <run_address>0x78c</run_address>
         <size>0x632</size>
         <input_file_ref idref="fl-11"/>
      </object_component>
      <object_component id="oc-1f4">
         <name>.debug_line</name>
         <load_address>0xdbe</load_address>
         <run_address>0xdbe</run_address>
         <size>0x55</size>
         <input_file_ref idref="fl-14"/>
      </object_component>
      <object_component id="oc-1e8">
         <name>.debug_line</name>
         <load_address>0xe13</load_address>
         <run_address>0xe13</run_address>
         <size>0x3c</size>
         <input_file_ref idref="fl-14"/>
      </object_component>
      <object_component id="oc-1ea">
         <name>.debug_line</name>
         <load_address>0xe4f</load_address>
         <run_address>0xe4f</run_address>
         <size>0x3c</size>
         <input_file_ref idref="fl-14"/>
      </object_component>
      <object_component id="oc-1ec">
         <name>.debug_line</name>
         <load_address>0xe8b</load_address>
         <run_address>0xe8b</run_address>
         <size>0x3c</size>
         <input_file_ref idref="fl-14"/>
      </object_component>
      <object_component id="oc-1ee">
         <name>.debug_line</name>
         <load_address>0xec7</load_address>
         <run_address>0xec7</run_address>
         <size>0x3c</size>
         <input_file_ref idref="fl-14"/>
      </object_component>
      <object_component id="oc-1f0">
         <name>.debug_line</name>
         <load_address>0xf03</load_address>
         <run_address>0xf03</run_address>
         <size>0x3c</size>
         <input_file_ref idref="fl-14"/>
      </object_component>
      <object_component id="oc-1f2">
         <name>.debug_line</name>
         <load_address>0xf3f</load_address>
         <run_address>0xf3f</run_address>
         <size>0x3c</size>
         <input_file_ref idref="fl-14"/>
      </object_component>
      <object_component id="oc-1e6">
         <name>.debug_line</name>
         <load_address>0xf7b</load_address>
         <run_address>0xf7b</run_address>
         <size>0x3c</size>
         <input_file_ref idref="fl-14"/>
      </object_component>
      <object_component id="oc-93">
         <name>.debug_line</name>
         <load_address>0xfb7</load_address>
         <run_address>0xfb7</run_address>
         <size>0x2ed</size>
         <input_file_ref idref="fl-14"/>
      </object_component>
      <object_component id="oc-1de">
         <name>.debug_line</name>
         <load_address>0x12a4</load_address>
         <run_address>0x12a4</run_address>
         <size>0x5b</size>
         <input_file_ref idref="fl-18"/>
      </object_component>
      <object_component id="oc-85">
         <name>.debug_line</name>
         <load_address>0x12ff</load_address>
         <run_address>0x12ff</run_address>
         <size>0x557</size>
         <input_file_ref idref="fl-18"/>
      </object_component>
      <object_component id="oc-1d0">
         <name>.debug_line</name>
         <load_address>0x1856</load_address>
         <run_address>0x1856</run_address>
         <size>0xc8</size>
         <input_file_ref idref="fl-1d"/>
      </object_component>
      <object_component id="oc-1ca">
         <name>.debug_line</name>
         <load_address>0x191e</load_address>
         <run_address>0x191e</run_address>
         <size>0x39</size>
         <input_file_ref idref="fl-1d"/>
      </object_component>
      <object_component id="oc-1ce">
         <name>.debug_line</name>
         <load_address>0x1957</load_address>
         <run_address>0x1957</run_address>
         <size>0x39</size>
         <input_file_ref idref="fl-1d"/>
      </object_component>
      <object_component id="oc-1c7">
         <name>.debug_line</name>
         <load_address>0x1990</load_address>
         <run_address>0x1990</run_address>
         <size>0x39</size>
         <input_file_ref idref="fl-1d"/>
      </object_component>
      <object_component id="oc-1cc">
         <name>.debug_line</name>
         <load_address>0x19c9</load_address>
         <run_address>0x19c9</run_address>
         <size>0x39</size>
         <input_file_ref idref="fl-1d"/>
      </object_component>
      <object_component id="oc-7b">
         <name>.debug_line</name>
         <load_address>0x1a02</load_address>
         <run_address>0x1a02</run_address>
         <size>0x9b0</size>
         <input_file_ref idref="fl-1d"/>
      </object_component>
      <object_component id="oc-1d3">
         <name>.debug_line</name>
         <load_address>0x23b2</load_address>
         <run_address>0x23b2</run_address>
         <size>0x39</size>
         <input_file_ref idref="fl-1d"/>
      </object_component>
      <object_component id="oc-1e4">
         <name>.debug_line</name>
         <load_address>0x23eb</load_address>
         <run_address>0x23eb</run_address>
         <size>0x5b</size>
         <input_file_ref idref="fl-20"/>
      </object_component>
      <object_component id="oc-1e0">
         <name>.debug_line</name>
         <load_address>0x2446</load_address>
         <run_address>0x2446</run_address>
         <size>0x38</size>
         <input_file_ref idref="fl-20"/>
      </object_component>
      <object_component id="oc-1e2">
         <name>.debug_line</name>
         <load_address>0x247e</load_address>
         <run_address>0x247e</run_address>
         <size>0x38</size>
         <input_file_ref idref="fl-20"/>
      </object_component>
      <object_component id="oc-8e">
         <name>.debug_line</name>
         <load_address>0x24b6</load_address>
         <run_address>0x24b6</run_address>
         <size>0x519</size>
         <input_file_ref idref="fl-20"/>
      </object_component>
      <object_component id="oc-219">
         <name>.debug_line</name>
         <load_address>0x29cf</load_address>
         <run_address>0x29cf</run_address>
         <size>0x42</size>
         <input_file_ref idref="fl-e2"/>
      </object_component>
      <object_component id="oc-a8">
         <name>.debug_line</name>
         <load_address>0x2a11</load_address>
         <run_address>0x2a11</run_address>
         <size>0x212</size>
         <input_file_ref idref="fl-e2"/>
      </object_component>
      <object_component id="oc-21d">
         <name>.debug_line</name>
         <load_address>0x2c23</load_address>
         <run_address>0x2c23</run_address>
         <size>0x9d</size>
         <input_file_ref idref="fl-e2"/>
      </object_component>
      <object_component id="oc-16d">
         <name>.debug_line</name>
         <load_address>0x2cc0</load_address>
         <run_address>0x2cc0</run_address>
         <size>0x9a</size>
         <input_file_ref idref="fl-e2"/>
      </object_component>
      <object_component id="oc-ae">
         <name>.debug_line</name>
         <load_address>0x2d5a</load_address>
         <run_address>0x2d5a</run_address>
         <size>0xd2</size>
         <input_file_ref idref="fl-e3"/>
      </object_component>
      <object_component id="oc-158">
         <name>.debug_line</name>
         <load_address>0x2e2c</load_address>
         <run_address>0x2e2c</run_address>
         <size>0x77</size>
         <input_file_ref idref="fl-e4"/>
      </object_component>
      <object_component id="oc-20a">
         <name>.debug_line</name>
         <load_address>0x2ea3</load_address>
         <run_address>0x2ea3</run_address>
         <size>0x77</size>
         <input_file_ref idref="fl-e4"/>
      </object_component>
      <object_component id="oc-a3">
         <name>.debug_line</name>
         <load_address>0x2f1a</load_address>
         <run_address>0x2f1a</run_address>
         <size>0xa8</size>
         <input_file_ref idref="fl-e5"/>
      </object_component>
      <object_component id="oc-9e">
         <name>.debug_line</name>
         <load_address>0x2fc2</load_address>
         <run_address>0x2fc2</run_address>
         <size>0x8e</size>
         <input_file_ref idref="fl-e6"/>
      </object_component>
      <object_component id="oc-14b">
         <name>.debug_line</name>
         <load_address>0x3050</load_address>
         <run_address>0x3050</run_address>
         <size>0x5a</size>
         <input_file_ref idref="fl-e7"/>
      </object_component>
      <object_component id="oc-b3">
         <name>.debug_line</name>
         <load_address>0x30aa</load_address>
         <run_address>0x30aa</run_address>
         <size>0x59</size>
         <input_file_ref idref="fl-e8"/>
      </object_component>
      <object_component id="oc-156">
         <name>.debug_line</name>
         <load_address>0x3103</load_address>
         <run_address>0x3103</run_address>
         <size>0x50</size>
         <input_file_ref idref="fl-e9"/>
      </object_component>
      <object_component id="oc-96">
         <name>.debug_line</name>
         <load_address>0x3153</load_address>
         <run_address>0x3153</run_address>
         <size>0x4c</size>
         <input_file_ref idref="fl-ea"/>
      </object_component>
      <object_component id="oc-185">
         <name>.debug_line</name>
         <load_address>0x319f</load_address>
         <run_address>0x319f</run_address>
         <size>0xa9</size>
         <input_file_ref idref="fl-eb"/>
      </object_component>
      <object_component id="oc-4e">
         <name>.debug_line</name>
         <load_address>0x3248</load_address>
         <run_address>0x3248</run_address>
         <size>0x4f</size>
         <input_file_ref idref="fl-eb"/>
      </object_component>
      <object_component id="oc-e2">
         <name>.debug_line</name>
         <load_address>0x3297</load_address>
         <run_address>0x3297</run_address>
         <size>0x34</size>
         <input_file_ref idref="fl-eb"/>
      </object_component>
      <object_component id="oc-182">
         <name>.debug_line</name>
         <load_address>0x32cb</load_address>
         <run_address>0x32cb</run_address>
         <size>0x95</size>
         <input_file_ref idref="fl-eb"/>
      </object_component>
      <object_component id="oc-dd">
         <name>.debug_line</name>
         <load_address>0x3360</load_address>
         <run_address>0x3360</run_address>
         <size>0x20</size>
         <input_file_ref idref="fl-ec"/>
      </object_component>
      <object_component id="oc-1c">
         <name>.debug_line</name>
         <load_address>0x3380</load_address>
         <run_address>0x3380</run_address>
         <size>0x55</size>
         <input_file_ref idref="fl-ec"/>
      </object_component>
      <object_component id="oc-47">
         <name>.debug_line</name>
         <load_address>0x33d5</load_address>
         <run_address>0x33d5</run_address>
         <size>0x3a</size>
         <input_file_ref idref="fl-ec"/>
      </object_component>
      <object_component id="oc-da">
         <name>.debug_line</name>
         <load_address>0x340f</load_address>
         <run_address>0x340f</run_address>
         <size>0x95</size>
         <input_file_ref idref="fl-ec"/>
      </object_component>
      <object_component id="oc-17e">
         <name>.debug_line</name>
         <load_address>0x34a4</load_address>
         <run_address>0x34a4</run_address>
         <size>0x20</size>
         <input_file_ref idref="fl-ed"/>
      </object_component>
      <object_component id="oc-17">
         <name>.debug_line</name>
         <load_address>0x34c4</load_address>
         <run_address>0x34c4</run_address>
         <size>0xa9</size>
         <input_file_ref idref="fl-ed"/>
      </object_component>
      <object_component id="oc-37">
         <name>.debug_line</name>
         <load_address>0x356d</load_address>
         <run_address>0x356d</run_address>
         <size>0x3a</size>
         <input_file_ref idref="fl-ed"/>
      </object_component>
      <object_component id="oc-17b">
         <name>.debug_line</name>
         <load_address>0x35a7</load_address>
         <run_address>0x35a7</run_address>
         <size>0x9d</size>
         <input_file_ref idref="fl-ed"/>
      </object_component>
      <object_component id="oc-d3">
         <name>.debug_line</name>
         <load_address>0x3644</load_address>
         <run_address>0x3644</run_address>
         <size>0x99</size>
         <input_file_ref idref="fl-ed"/>
      </object_component>
      <object_component id="oc-6f">
         <name>.debug_line</name>
         <load_address>0x36dd</load_address>
         <run_address>0x36dd</run_address>
         <size>0x33</size>
         <input_file_ref idref="fl-ee"/>
      </object_component>
      <object_component id="oc-60">
         <name>.debug_line</name>
         <load_address>0x3710</load_address>
         <run_address>0x3710</run_address>
         <size>0x56</size>
         <input_file_ref idref="fl-ee"/>
      </object_component>
      <object_component id="oc-189">
         <name>.debug_line</name>
         <load_address>0x3766</load_address>
         <run_address>0x3766</run_address>
         <size>0x3c</size>
         <input_file_ref idref="fl-ef"/>
      </object_component>
      <object_component id="oc-255">
         <name>.debug_line</name>
         <load_address>0x37a2</load_address>
         <run_address>0x37a2</run_address>
         <size>0x2a</size>
         <input_file_ref idref="fl-f2"/>
      </object_component>
      <object_component id="oc-253">
         <name>.debug_line</name>
         <load_address>0x37cc</load_address>
         <run_address>0x37cc</run_address>
         <size>0x30</size>
         <input_file_ref idref="fl-f2"/>
      </object_component>
      <object_component id="oc-15e">
         <name>.debug_line</name>
         <load_address>0x37fc</load_address>
         <run_address>0x37fc</run_address>
         <size>0x402</size>
         <input_file_ref idref="fl-f2"/>
      </object_component>
      <object_component id="oc-259">
         <name>.debug_line</name>
         <load_address>0x3bfe</load_address>
         <run_address>0x3bfe</run_address>
         <size>0x9d</size>
         <input_file_ref idref="fl-f2"/>
      </object_component>
      <object_component id="oc-214">
         <name>.debug_line</name>
         <load_address>0x3c9b</load_address>
         <run_address>0x3c9b</run_address>
         <size>0x9a</size>
         <input_file_ref idref="fl-f2"/>
      </object_component>
      <object_component id="oc-25c">
         <name>.debug_line</name>
         <load_address>0x3d35</load_address>
         <run_address>0x3d35</run_address>
         <size>0x20</size>
         <input_file_ref idref="fl-f3"/>
      </object_component>
      <object_component id="oc-167">
         <name>.debug_line</name>
         <load_address>0x3d55</load_address>
         <run_address>0x3d55</run_address>
         <size>0x49</size>
         <input_file_ref idref="fl-f3"/>
      </object_component>
      <object_component id="oc-240">
         <name>.debug_line</name>
         <load_address>0x3d9e</load_address>
         <run_address>0x3d9e</run_address>
         <size>0x20</size>
         <input_file_ref idref="fl-f4"/>
      </object_component>
      <object_component id="oc-151">
         <name>.debug_line</name>
         <load_address>0x3dbe</load_address>
         <run_address>0x3dbe</run_address>
         <size>0x56</size>
         <input_file_ref idref="fl-f4"/>
      </object_component>
      <object_component id="oc-287">
         <name>.debug_line</name>
         <load_address>0x3e14</load_address>
         <run_address>0x3e14</run_address>
         <size>0x20</size>
         <input_file_ref idref="fl-f5"/>
      </object_component>
      <object_component id="oc-202">
         <name>.debug_line</name>
         <load_address>0x3e34</load_address>
         <run_address>0x3e34</run_address>
         <size>0xa8</size>
         <input_file_ref idref="fl-f5"/>
      </object_component>
      <object_component id="oc-285">
         <name>.debug_line</name>
         <load_address>0x3edc</load_address>
         <run_address>0x3edc</run_address>
         <size>0x9e</size>
         <input_file_ref idref="fl-f6"/>
      </object_component>
      <object_component id="oc-1fc">
         <name>.debug_line</name>
         <load_address>0x3f7a</load_address>
         <run_address>0x3f7a</run_address>
         <size>0x9c</size>
         <input_file_ref idref="fl-f6"/>
      </object_component>
      <object_component id="oc-3f">
         <name>.debug_line</name>
         <load_address>0x4016</load_address>
         <run_address>0x4016</run_address>
         <size>0x88</size>
         <input_file_ref idref="fl-f7"/>
      </object_component>
      <object_component id="oc-26c">
         <name>.debug_line</name>
         <load_address>0x409e</load_address>
         <run_address>0x409e</run_address>
         <size>0xc2</size>
         <input_file_ref idref="fl-f9"/>
      </object_component>
      <object_component id="oc-198">
         <name>.debug_line</name>
         <load_address>0x4160</load_address>
         <run_address>0x4160</run_address>
         <size>0x6c</size>
         <input_file_ref idref="fl-f9"/>
      </object_component>
      <object_component id="oc-270">
         <name>.debug_line</name>
         <load_address>0x41cc</load_address>
         <run_address>0x41cc</run_address>
         <size>0x2e</size>
         <input_file_ref idref="fl-f9"/>
      </object_component>
      <object_component id="oc-28e">
         <name>.debug_line</name>
         <load_address>0x41fa</load_address>
         <run_address>0x41fa</run_address>
         <size>0x9d</size>
         <input_file_ref idref="fl-f9"/>
      </object_component>
      <object_component id="oc-275">
         <name>.debug_line</name>
         <load_address>0x4297</load_address>
         <run_address>0x4297</run_address>
         <size>0x9a</size>
         <input_file_ref idref="fl-f9"/>
      </object_component>
      <object_component id="oc-27a">
         <name>.debug_line</name>
         <load_address>0x4331</load_address>
         <run_address>0x4331</run_address>
         <size>0x96</size>
         <input_file_ref idref="fl-f9"/>
      </object_component>
      <object_component id="oc-ef">
         <name>.debug_line</name>
         <load_address>0x43c7</load_address>
         <run_address>0x43c7</run_address>
         <size>0x40</size>
         <input_file_ref idref="fl-fa"/>
      </object_component>
      <object_component id="oc-29a">
         <name>.debug_line</name>
         <load_address>0x4407</load_address>
         <run_address>0x4407</run_address>
         <size>0x20</size>
         <input_file_ref idref="fl-fc"/>
      </object_component>
      <object_component id="oc-298">
         <name>.debug_line</name>
         <load_address>0x4427</load_address>
         <run_address>0x4427</run_address>
         <size>0x2b</size>
         <input_file_ref idref="fl-fc"/>
      </object_component>
      <object_component id="oc-242">
         <name>.debug_line</name>
         <load_address>0x4452</load_address>
         <run_address>0x4452</run_address>
         <size>0x40</size>
         <input_file_ref idref="fl-fc"/>
      </object_component>
      <object_component id="oc-24b">
         <name>.debug_line</name>
         <load_address>0x4492</load_address>
         <run_address>0x4492</run_address>
         <size>0x45</size>
         <input_file_ref idref="fl-fd"/>
      </object_component>
      <object_component id="oc-2f">
         <name>.debug_frame</name>
         <load_address>0x0</load_address>
         <run_address>0x0</run_address>
         <size>0x84</size>
         <input_file_ref idref="fl-2"/>
      </object_component>
      <object_component id="oc-29">
         <name>.debug_frame</name>
         <load_address>0x84</load_address>
         <run_address>0x84</run_address>
         <size>0x90</size>
         <input_file_ref idref="fl-3"/>
      </object_component>
      <object_component id="oc-103">
         <name>.debug_frame</name>
         <load_address>0x114</load_address>
         <run_address>0x114</run_address>
         <size>0xbc</size>
         <input_file_ref idref="fl-8"/>
      </object_component>
      <object_component id="oc-72">
         <name>.debug_frame</name>
         <load_address>0x1d0</load_address>
         <run_address>0x1d0</run_address>
         <size>0x104</size>
         <input_file_ref idref="fl-10"/>
      </object_component>
      <object_component id="oc-7f">
         <name>.debug_frame</name>
         <load_address>0x2d4</load_address>
[...]
         <value>0xbc9</value>
         <object_component_ref idref="oc-77"/>
      </symbol>
      <symbol id="sm-426">
         <name>SysCtlAltClkConfig</name>
         <value>0x11a9</value>
         <object_component_ref idref="oc-77"/>
      </symbol>
      <symbol id="sm-427">
         <name>SysCtlPeripheralClockGating</name>
         <value>0x6a1</value>
         <object_component_ref idref="oc-77"/>
      </symbol>
      <symbol id="sm-428">
         <name>SysCtlIntStatus</name>
         <value>0x759</value>
         <object_component_ref idref="oc-77"/>
      </symbol>
      <symbol id="sm-429">
         <name>SysCtlIntClear</name>
         <value>0x749</value>
         <object_component_ref idref="oc-77"/>
      </symbol>
      <symbol id="sm-42a">
         <name>SysCtlVoltageEventStatus</name>
         <value>0x107d</value>
         <object_component_ref idref="oc-77"/>
      </symbol>
      <symbol id="sm-42b">
         <name>SysCtlVoltageEventConfig</name>
         <value>0x106d</value>
         <object_component_ref idref="oc-77"/>
      </symbol>
      <symbol id="sm-42c">
         <name>SysCtlResetCauseGet</name>
         <value>0x7f1</value>
         <object_component_ref idref="oc-77"/>
      </symbol>
      <symbol id="sm-42d">
         <name>SysCtlSleep</name>
         <value>0x7cd</value>
         <object_component_ref idref="oc-77"/>
      </symbol>
      <symbol id="sm-42e">
         <name>SysCtlPWMClockGet</name>
         <value>0x1001</value>
         <object_component_ref idref="oc-77"/>
      </symbol>
      <symbol id="sm-42f">
         <name>SysCtlDeepSleepPowerSet</name>
         <value>0x7b5</value>
         <object_component_ref idref="oc-77"/>
      </symbol>
      <symbol id="sm-430">
         <name>SysCtlClockOutConfig</name>
         <value>0x118d</value>
         <object_component_ref idref="oc-77"/>
      </symbol>
      <symbol id="sm-431">
         <name>SysCtlNMIStatus</name>
         <value>0x115d</value>
         <object_component_ref idref="oc-77"/>
      </symbol>
      <symbol id="sm-432">
         <name>SysCtlDeepSleepClockConfigSet</name>
         <value>0xf5d</value>
         <object_component_ref idref="oc-77"/>
      </symbol>
      <symbol id="sm-433">
         <name>SysCtlDelay</name>
         <value>0x4b01</value>
         <object_component_ref idref="oc-110"/>
      </symbol>
      <symbol id="sm-434">
         <name>SysCtlVoltageEventClear</name>
         <value>0x1089</value>
         <object_component_ref idref="oc-77"/>
      </symbol>
      <symbol id="sm-435">
         <name>SysCtlLDOSleepSet</name>
         <value>0x775</value>
         <object_component_ref idref="oc-77"/>
      </symbol>
      <symbol id="sm-436">
         <name>SysCtlMOSCConfigSet</name>
         <value>0x80b</value>
         <object_component_ref idref="oc-77"/>
      </symbol>
      <symbol id="sm-437">
         <name>SysCtlPeripheralEnable</name>
         <value>0x509</value>
         <object_component_ref idref="oc-77"/>
      </symbol>
      <symbol id="sm-438">
         <name>SysCtlIntEnable</name>
         <value>0x71d</value>
         <object_component_ref idref="oc-77"/>
      </symbol>
      <symbol id="sm-439">
         <name>SysCtlNMIClear</name>
         <value>0x1171</value>
         <object_component_ref idref="oc-77"/>
      </symbol>
      <symbol id="sm-43a">
         <name>SysCtlPeripheralPowerOff</name>
         <value>0x445</value>
         <object_component_ref idref="oc-77"/>
      </symbol>
      <symbol id="sm-43b">
         <name>SysCtlSleepPowerSet</name>
         <value>0x7a1</value>
         <object_component_ref idref="oc-77"/>
      </symbol>
      <symbol id="sm-43c">
         <name>SysCtlDeepSleep</name>
         <value>0x7d5</value>
         <object_component_ref idref="oc-77"/>
      </symbol>
      <symbol id="sm-43d">
         <name>SysCtlLDODeepSleepSet</name>
         <value>0x78b</value>
         <object_component_ref idref="oc-77"/>
      </symbol>
      <symbol id="sm-43e">
         <name>SysCtlPeripheralPowerOn</name>
         <value>0x409</value>
         <object_component_ref idref="oc-77"/>
      </symbol>
      <symbol id="sm-43f">
         <name>SysCtlPeripheralDeepSleepDisable</name>
         <value>0x659</value>
         <object_component_ref idref="oc-77"/>
      </symbol>
      <symbol id="sm-440">
         <name>SysCtlPeripheralSleepDisable</name>
         <value>0x5cd</value>
         <object_component_ref idref="oc-77"/>
      </symbol>
      <symbol id="sm-441">
         <name>SysCtlVCOGet</name>
         <value>0x10a1</value>
         <object_component_ref idref="oc-77"/>
      </symbol>
      <symbol id="sm-442">
         <name>SysCtlResetBehaviorSet</name>
         <value>0x871</value>
         <object_component_ref idref="oc-77"/>
      </symbol>
      <symbol id="sm-443">
         <name>SysCtlReset</name>
         <value>0x7c5</value>
         <object_component_ref idref="oc-77"/>
      </symbol>
      <symbol id="sm-444">
         <name>SysCtlGPIOAHBDisable</name>
         <value>0x1033</value>
         <object_component_ref idref="oc-77"/>
      </symbol>
      <symbol id="sm-445">
         <name>SysCtlSRAMSizeGet</name>
         <value>0x32d</value>
         <object_component_ref idref="oc-77"/>
      </symbol>
      <symbol id="sm-446">
         <name>SysCtlClockGet</name>
         <value>0xd99</value>
         <object_component_ref idref="oc-77"/>
      </symbol>
      <symbol id="sm-447">
         <name>SysCtlPeripheralDisable</name>
         <value>0x545</value>
         <object_component_ref idref="oc-77"/>
      </symbol>
      <symbol id="sm-448">
         <name>SysCtlPWMClockSet</name>
         <value>0xfe7</value>
         <object_component_ref idref="oc-77"/>
      </symbol>
      <symbol id="sm-449">
         <name>SysCtlUSBPLLEnable</name>
         <value>0x104f</value>
         <object_component_ref idref="oc-77"/>
      </symbol>
      <symbol id="sm-44a">
         <name>SysCtlPeripheralSleepEnable</name>
         <value>0x589</value>
         <object_component_ref idref="oc-77"/>
      </symbol>
      <symbol id="sm-44b">
         <name>SysCtlIntUnregister</name>
         <value>0x70d</value>
         <object_component_ref idref="oc-77"/>
      </symbol>
      <symbol id="sm-44c">
         <name>SysCtlUSBPLLDisable</name>
         <value>0x105b</value>
         <object_component_ref idref="oc-77"/>
      </symbol>
      <symbol id="sm-44d">
         <name>SysCtlPeripheralReady</name>
         <value>0x3c9</value>
         <object_component_ref idref="oc-77"/>
      </symbol>
      <symbol id="sm-44e">
         <name>SysCtlPIOSCCalibrate</name>
         <value>0x821</value>
         <object_component_ref idref="oc-77"/>
      </symbol>
      <symbol id="sm-44f">
         <name>SysCtlResetCauseClear</name>
         <value>0x7f7</value>
         <object_component_ref idref="oc-77"/>
      </symbol>
      <symbol id="sm-450">
         <name>SysCtlLDOSleepGet</name>
         <value>0x785</value>
         <object_component_ref idref="oc-77"/>
      </symbol>
      <symbol id="sm-451">
         <name>SysCtlClockFreqSet</name>
         <value>0x8d1</value>
         <object_component_ref idref="oc-77"/>
      </symbol>
      <symbol id="sm-452">
         <name>SysCtlPeripheralReset</name>
         <value>0x481</value>
         <object_component_ref idref="oc-77"/>
      </symbol>
      <symbol id="sm-4cc">
         <name>TimerMatchSet</name>
         <value>0x3035</value>
         <object_component_ref idref="oc-89"/>
      </symbol>
      <symbol id="sm-4cd">
         <name>TimerLoadSet</name>
         <value>0x2f55</value>
         <object_component_ref idref="oc-89"/>
      </symbol>
      <symbol id="sm-4ce">
         <name>TimerDMAEventSet</name>
         <value>0x319f</value>
         <object_component_ref idref="oc-89"/>
      </symbol>
      <symbol id="sm-4cf">
         <name>TimerADCEventSet</name>
         <value>0x317f</value>
         <object_component_ref idref="oc-89"/>
      </symbol>
      <symbol id="sm-4d0">
         <name>TimerPrescaleMatchGet</name>
         <value>0x2f39</value>
         <object_component_ref idref="oc-89"/>
      </symbol>
      <symbol id="sm-4d1">
         <name>TimerPrescaleGet</name>
         <value>0x2eef</value>
         <object_component_ref idref="oc-89"/>
      </symbol>
      <symbol id="sm-4d2">
         <name>TimerControlLevel</name>
         <value>0x2cfb</value>
         <object_component_ref idref="oc-89"/>
      </symbol>
      <symbol id="sm-4d3">
         <name>TimerDisable</name>
         <value>0x2c61</value>
         <object_component_ref idref="oc-89"/>
      </symbol>
      <symbol id="sm-4d4">
         <name>TimerUpdateMode</name>
         <value>0x31bf</value>
         <object_component_ref idref="oc-89"/>
      </symbol>
      <symbol id="sm-4d5">
         <name>TimerIntRegister</name>
         <value>0x30c7</value>
         <object_component_ref idref="oc-89"/>
      </symbol>
      <symbol id="sm-4d6">
         <name>TimerMatchSet64</name>
         <value>0x307b</value>
         <object_component_ref idref="oc-89"/>
      </symbol>
      <symbol id="sm-4d7">
         <name>TimerEnable</name>
         <value>0x2c43</value>
         <object_component_ref idref="oc-89"/>
      </symbol>
      <symbol id="sm-4d8">
         <name>TimerLoadGet64</name>
         <value>0x2fb5</value>
         <object_component_ref idref="oc-89"/>
      </symbol>
      <symbol id="sm-4d9">
         <name>TimerIntUnregister</name>
         <value>0x30ef</value>
         <object_component_ref idref="oc-89"/>
      </symbol>
      <symbol id="sm-4da">
         <name>TimerValueGet64</name>
         <value>0x3003</value>
         <object_component_ref idref="oc-89"/>
      </symbol>
      <symbol id="sm-4db">
         <name>TimerMatchGet</name>
         <value>0x305f</value>
         <object_component_ref idref="oc-89"/>
      </symbol>
      <symbol id="sm-4dc">
         <name>TimerIntStatus</name>
         <value>0x313d</value>
         <object_component_ref idref="oc-89"/>
      </symbol>
      <symbol id="sm-4dd">
         <name>TimerClockSourceGet</name>
         <value>0x2eb5</value>
         <object_component_ref idref="oc-89"/>
      </symbol>
      <symbol id="sm-4de">
         <name>TimerIntDisable</name>
         <value>0x3125</value>
         <object_component_ref idref="oc-89"/>
      </symbol>
      <symbol id="sm-4df">
         <name>TimerValueGet</name>
         <value>0x2fe7</value>
         <object_component_ref idref="oc-89"/>
      </symbol>
      <symbol id="sm-4e0">
         <name>TimerControlTrigger</name>
         <value>0x2d31</value>
         <object_component_ref idref="oc-89"/>
      </symbol>
      <symbol id="sm-4e1">
         <name>TimerPrescaleSet</name>
         <value>0x2ec5</value>
         <object_component_ref idref="oc-89"/>
      </symbol>
      <symbol id="sm-4e2">
         <name>TimerControlStall</name>
         <value>0x2dc9</value>
         <object_component_ref idref="oc-89"/>
      </symbol>
      <symbol id="sm-4e3">
         <name>TimerMatchGet64</name>
         <value>0x3095</value>
         <object_component_ref idref="oc-89"/>
      </symbol>
      <symbol id="sm-4e4">
         <name>TimerRTCEnable</name>
         <value>0x2e5f</value>
         <object_component_ref idref="oc-89"/>
      </symbol>
      <symbol id="sm-4e5">
         <name>TimerLoadGet</name>
         <value>0x2f7f</value>
         <object_component_ref idref="oc-89"/>
      </symbol>
      <symbol id="sm-4e6">
         <name>TimerIntEnable</name>
         <value>0x310d</value>
         <object_component_ref idref="oc-89"/>
      </symbol>
      <symbol id="sm-4e7">
         <name>TimerClockSourceSet</name>
         <value>0x2e8b</value>
         <object_component_ref idref="oc-89"/>
      </symbol>
      <symbol id="sm-4e8">
         <name>TimerLoadSet64</name>
         <value>0x2f9b</value>
         <object_component_ref idref="oc-89"/>
      </symbol>
      <symbol id="sm-4e9">
         <name>TimerDMAEventGet</name>
         <value>0x31b1</value>
         <object_component_ref idref="oc-89"/>
      </symbol>
      <symbol id="sm-4ea">
         <name>TimerRTCDisable</name>
         <value>0x2e75</value>
         <object_component_ref idref="oc-89"/>
      </symbol>
      <symbol id="sm-4eb">
         <name>TimerADCEventGet</name>
         <value>0x3191</value>
         <object_component_ref idref="oc-89"/>
      </symbol>
      <symbol id="sm-4ec">
         <name>TimerPrescaleMatchSet</name>
         <value>0x2f0b</value>
         <object_component_ref idref="oc-89"/>
      </symbol>
      <symbol id="sm-4ed">
         <name>TimerControlWaitOnTrigger</name>
         <value>0x2dff</value>
         <object_component_ref idref="oc-89"/>
      </symbol>
      <symbol id="sm-4ee">
         <name>TimerConfigure</name>
         <value>0x2c7f</value>
         <object_component_ref idref="oc-89"/>
      </symbol>
      <symbol id="sm-4ef">
         <name>TimerControlEvent</name>
         <value>0x2d9f</value>
         <object_component_ref idref="oc-89"/>
      </symbol>
      <symbol id="sm-4f0">
         <name>TimerIntClear</name>
         <value>0x315b</value>
         <object_component_ref idref="oc-89"/>
      </symbol>
      <symbol id="sm-4f1">
         <name>TimerSynchronize</name>
         <value>0x316d</value>
         <object_component_ref idref="oc-89"/>
      </symbol>
      <symbol id="sm-54b">
         <name>sin</name>
         <value>0x3215</value>
         <object_component_ref idref="oc-a4"/>
      </symbol>
      <symbol id="sm-54c">
         <name>sinl</name>
         <value>0x3215</value>
         <object_component_ref idref="oc-a4"/>
      </symbol>
      <symbol id="sm-563">
         <name>__aeabi_dsub</name>
         <value>0x3d7d</value>
         <object_component_ref idref="oc-aa"/>
      </symbol>
      <symbol id="sm-564">
         <name>__aeabi_dadd</name>
         <value>0x3d87</value>
         <object_component_ref idref="oc-aa"/>
      </symbol>
      <symbol id="sm-586">
         <name>__aeabi_cdcmpeq</name>
         <value>0x47ad</value>
         <object_component_ref idref="oc-157"/>
      </symbol>
      <symbol id="sm-587">
         <name>__aeabi_cdcmple</name>
         <value>0x47ad</value>
         <object_component_ref idref="oc-157"/>
      </symbol>
      <symbol id="sm-588">
         <name>__aeabi_cdrcmple</name>
         <value>0x4833</value>
         <object_component_ref idref="oc-206"/>
      </symbol>
      <symbol id="sm-59c">
         <name>__aeabi_ddiv</name>
         <value>0x4215</value>
         <object_component_ref idref="oc-9f"/>
      </symbol>
      <symbol id="sm-5a7">
         <name>__aeabi_dmul</name>
         <value>0x445d</value>
         <object_component_ref idref="oc-9a"/>
      </symbol>
      <symbol id="sm-5b1">
         <name>__aeabi_d2iz</name>
         <value>0x4921</value>
         <object_component_ref idref="oc-147"/>
      </symbol>
      <symbol id="sm-5bb">
         <name>__aeabi_d2uiz</name>
         <value>0x49ad</value>
         <object_component_ref idref="oc-af"/>
      </symbol>
      <symbol id="sm-5c5">
         <name>__aeabi_i2d</name>
         <value>0x4a69</value>
         <object_component_ref idref="oc-152"/>
      </symbol>
      <symbol id="sm-5cf">
         <name>__aeabi_ui2d</name>
         <value>0x4a97</value>
         <object_component_ref idref="oc-95"/>
      </symbol>
      <symbol id="sm-5e8">
         <name>__TI_zero_init_nomemset</name>
         <value>0x4acb</value>
         <object_component_ref idref="oc-4a"/>
      </symbol>
      <symbol id="sm-5ff">
         <name>__TI_decompress_none</name>
         <value>0x4add</value>
         <object_component_ref idref="oc-18"/>
      </symbol>
      <symbol id="sm-622">
         <name>__TI_decompress_lzss</name>
         <value>0x48b9</value>
         <object_component_ref idref="oc-12"/>
      </symbol>
      <symbol id="sm-635">
         <name>__stack</name>
         <value>0x20000270</value>
         <object_component_ref idref="oc-21"/>
      </symbol>
      <symbol id="sm-636">
         <name>_c_int00_noargs</name>
         <value>0x4a31</value>
         <object_component_ref idref="oc-5c"/>
      </symbol>
      <symbol id="sm-641">
         <name>C$$EXIT</name>
         <value>0x4b0b</value>
         <object_component_ref idref="oc-188"/>
      </symbol>
      <symbol id="sm-642">
         <name>abort</name>
         <value>0x4b0b</value>
         <object_component_ref idref="oc-188"/>
      </symbol>
      <symbol id="sm-6b4">
         <name>__kernel_rem_pio2</name>
         <value>0x1d81</value>
         <object_component_ref idref="oc-15c"/>
      </symbol>
      <symbol id="sm-6ca">
         <name>__kernel_cos</name>
         <value>0x40a9</value>
         <object_component_ref idref="oc-162"/>
      </symbol>
      <symbol id="sm-6e1">
         <name>__kernel_sin</name>
         <value>0x3f35</value>
         <object_component_ref idref="oc-14c"/>
      </symbol>
      <symbol id="sm-6fe">
         <name>floorl</name>
         <value>0x4559</value>
         <object_component_ref idref="oc-200"/>
      </symbol>
      <symbol id="sm-6ff">
         <name>floor</name>
         <value>0x4559</value>
         <object_component_ref idref="oc-200"/>
      </symbol>
      <symbol id="sm-71c">
         <name>scalbn</name>
         <value>0x434d</value>
         <object_component_ref idref="oc-1fa"/>
      </symbol>
      <symbol id="sm-71d">
         <name>scalbnl</name>
         <value>0x434d</value>
         <object_component_ref idref="oc-1fa"/>
      </symbol>
      <symbol id="sm-71e">
         <name>ldexpl</name>
         <value>0x434d</value>
         <object_component_ref idref="oc-1fa"/>
      </symbol>
      <symbol id="sm-71f">
         <name>ldexp</name>
         <value>0x434d</value>
         <object_component_ref idref="oc-1fa"/>
      </symbol>
      <symbol id="sm-73a">
         <name>memcpy</name>
         <value>0x4711</value>
         <object_component_ref idref="oc-3e"/>
      </symbol>
      <symbol id="sm-73b">
         <name>__aeabi_memcpy</name>
         <value>0x4711</value>
         <object_component_ref idref="oc-3e"/>
      </symbol>
      <symbol id="sm-73c">
         <name>__aeabi_memcpy8</name>
         <value>0x4711</value>
         <object_component_ref idref="oc-3e"/>
      </symbol>
      <symbol id="sm-73d">
         <name>__aeabi_memcpy4</name>
         <value>0x4711</value>
         <object_component_ref idref="oc-3e"/>
      </symbol>
      <symbol id="sm-766">
         <name>__TI_auto_init_nobinit_nopinit</name>
         <value>0x4969</value>
         <object_component_ref idref="oc-194"/>
      </symbol>
      <symbol id="sm-770">
         <name>_system_pre_init</name>
         <value>0x4b07</value>
         <object_component_ref idref="oc-eb"/>
      </symbol>
      <symbol id="sm-787">
         <name>__aeabi_errno_addr</name>
         <value>0x4af9</value>
         <object_component_ref idref="oc-241"/>
      </symbol>
      <symbol id="sm-788">
         <name>errno</name>
         <value>0x2000026c</value>
         <object_component_ref idref="oc-27e"/>
      </symbol>
      <symbol id="sm-792">
         <name>copysign</name>
         <value>0x4ab7</value>
         <object_component_ref idref="oc-247"/>
      </symbol>
      <symbol id="sm-793">
         <name>copysignl</name>
         <value>0x4ab7</value>
         <object_component_ref idref="oc-247"/>
      </symbol>
      <symbol id="sm-794">
         <name>__TI_static_base__</name>
         <value>0x0</value>
      </symbol>
      <symbol id="sm-797">
         <name>__mpu_init</name>
         <value>0x0</value>
      </symbol>
      <symbol id="sm-798">
         <name>_system_post_cinit</name>
         <value>0x0</value>
      </symbol>
   </symbol_table>
   <title>Link successful</title>
</link_info>
