******************************************************************************
                  TI ARM Linker PC v18.1.4                     
******************************************************************************
>> Linked Tue Mar 12 14:18:22 2019

OUTPUT FILE NAME:   <2-1.out>
ENTRY POINT SYMBOL: "_c_int00_noargs"  address: 00003e61


MEMORY CONFIGURATION

         name            origin    length      used     unused   attr    fill
----------------------  --------  ---------  --------  --------  ----  --------
  FLASH                 00000000   00040000  000045de  0003ba22  R  X
  SRAM                  20000000   00008000  00000478  00007b88  RW X


SEGMENT ALLOCATION MAP

run origin  load origin   length   init length attrs members
----------  ----------- ---------- ----------- ----- -------
00000000    00000000    000045e4   000045e4    r-x
  00000000    00000000    0000026c   0000026c    r-- .intvecs
  0000026c    0000026c    00003ca6   00003ca6    r-x .text
  00003f14    00003f14    000006a8   000006a8    r-- .const
  000045c0    000045c0    00000024   00000024    r-- .cinit
20000000    20000000    0000047c   00000000    rw-
  20000000    20000000    0000026c   00000000    rw- .vtable
  20000270    20000270    00000200   00000000    rw- .stack
  20000470    20000470    0000000c   00000000    rw- .bss


SECTION ALLOCATION MAP

 output                                  attributes/
section   page    origin      length       input sections
--------  ----  ----------  ----------   ----------------
.intvecs   0    00000000    0000026c     
                  00000000    0000026c     tm4c123gh6pm_startup_ccs.obj (.intvecs)

.text      0    0000026c    00003ca6     
                  0000026c    00000f80     sysctl.obj (.text)
                  000011ec    00000b94     gpio.obj (.text)
                  00001d80    0000083a     adc.obj (.text)
                  000025ba    00000002     --HOLE-- [fill = 0]
                  000025bc    00000642     timer.obj (.text)
                  00002bfe    00000002     --HOLE-- [fill = 0]
                  00002c00    0000062e     uart.obj (.text)
                  0000322e    00000002     --HOLE-- [fill = 0]
                  00003230    000003c0     interrupt.obj (.text)
                  000035f0    000002fc     main.obj (.text)
                  000038ec    000001b6     rtsv7M4_T_le_v4SPD16_eabi.lib : fd_add_t2.asm.obj (.text)
                  00003aa2    00000136                                   : fd_div_t2.asm.obj (.text)
                  00003bd8    000000fc                                   : fd_mul_t2.asm.obj (.text)
                  00003cd4    000000c0     fpu.obj (.text)
                  00003d94    00000048     rtsv7M4_T_le_v4SPD16_eabi.lib : fd_toi_t2.asm.obj (.text)
                  00003ddc    00000044                                   : autoinit.c.obj (.text:__TI_auto_init_nobinit_nopinit:__TI_auto_init_nobinit_nopinit)
                  00003e20    0000003e     cpu.obj (.text)
                  00003e5e    00000002     --HOLE-- [fill = 0]
                  00003e60    00000038     rtsv7M4_T_le_v4SPD16_eabi.lib : boot_cortex_m.c.obj (.text:_c_int00_noargs:_c_int00_noargs)
                  00003e98    0000002e                                   : i_tofd_t2.asm.obj (.text)
                  00003ec6    00000020                                   : u_tofd_t2.asm.obj (.text)
                  00003ee6    00000012                                   : copy_zero_init.c.obj (.text:decompress:ZI:__TI_zero_init_nomemset:__TI_zero_init_nomemset)
                  00003ef8    0000000c     tm4c123gh6pm_startup_ccs.obj (.text)
                  00003f04    00000006     sysctl.obj (.text:SysCtlDelay)
                  00003f0a    00000004     rtsv7M4_T_le_v4SPD16_eabi.lib : pre_init.c.obj (.text:_system_pre_init)
                  00003f0e    00000004                                   : exit.c.obj (.text:abort:abort)

.const     0    00003f14    000006a8     
                  00003f14    000001b0     sysctl.obj (.const:g_pppui32XTALtoVCO)
                  000040c4    000000d8     gpio.obj (.const:g_ppui32GPIOIntMapSnowflake)
                  0000419c    000000c0     gpio.obj (.const:g_ppui32GPIOIntMapBlizzard)
                  0000425c    0000009c     interrupt.obj (.const:g_pui32Regs)
                  000042f8    00000090     gpio.obj (.const:g_pui32GPIOBaseAddrs)
                  00004388    0000006c     sysctl.obj (.const:g_pui32Xtals)
                  000043f4    00000060     timer.obj (.const:g_ppui32TimerIntMap)
                  00004454    00000040     timer.obj (.const:g_ppui32TimerIntMapSnowflake)
                  00004494    00000040     uart.obj (.const:g_ppui32UARTIntMap)
                  000044d4    00000040     uart.obj (.const:g_ppui32UARTIntMapSnowflake)
                  00004514    00000030     sysctl.obj (.const:g_sXTALtoMEMTIM)
                  00004544    00000020     interrupt.obj (.const:g_pui32Priority)
                  00004564    00000014     interrupt.obj (.const:g_pui32Dii16Regs)
                  00004578    00000014     interrupt.obj (.const:g_pui32EnRegs)
                  0000458c    00000014     interrupt.obj (.const:g_pui32PendRegs)
                  000045a0    00000014     interrupt.obj (.const:g_pui32UnpendRegs)
                  000045b4    00000008     sysctl.obj (.const:g_pui32VCOFrequencies)

.cinit     0    000045c0    00000024     
                  000045c0    00000008     (.cinit..bss.load) [load image, compression = zero_init]
                  000045c8    00000008     (.cinit..vtable.load) [load image, compression = zero_init]
                  000045d0    00000004     (__TI_handler_table)
                  000045d4    00000010     (__TI_cinit_table)

.init_array 
*          0    00000000    00000000     UNINITIALIZED

.vtable    0    20000000    0000026c     UNINITIALIZED
                  20000000    0000026c     interrupt.obj (.vtable)

.bss       0    20000470    0000000c     UNINITIALIZED
                  20000470    00000008     adc.obj (.bss:g_pui8OversampleFactor)
                  20000478    00000004     (.common:ui32Period)

.stack     0    20000270    00000200     UNINITIALIZED
                  20000270    00000004     rtsv7M4_T_le_v4SPD16_eabi.lib : boot_cortex_m.c.obj (.stack)
                  20000274    000001fc     --HOLE--

MODULE SUMMARY

       Module                         code    ro data   rw data
       ------                         ----    -------   -------
    .\
       main.obj                       764     0         4      
       tm4c123gh6pm_startup_ccs.obj   12      620       0      
    +--+------------------------------+-------+---------+---------+
       Total:                         776     620       4      
                                                               
    .\driverlib\
       sysctl.obj                     3974    596       0      
       gpio.obj                       2964    552       0      
       adc.obj                        2106    0         8      
       interrupt.obj                  960     268       620    
       timer.obj                      1602    160       0      
       uart.obj                       1582    128       0      
       fpu.obj                        192     0         0      
       cpu.obj                        62      0         0      
    +--+------------------------------+-------+---------+---------+
       Total:                         13442   1704      628    
                                                               
    C:\ti\ccsv8\tools\compiler\ti-cgt-arm_18.1.4.LTS\lib\rtsv7M4_T_le_v4SPD16_eabi.lib
       fd_add_t2.asm.obj              438     0         0      
       fd_div_t2.asm.obj              310     0         0      
       fd_mul_t2.asm.obj              252     0         0      
       fd_toi_t2.asm.obj              72      0         0      
       autoinit.c.obj                 68      0         0      
       boot_cortex_m.c.obj            56      0         0      
       i_tofd_t2.asm.obj              46      0         0      
       u_tofd_t2.asm.obj              32      0         0      
       copy_zero_init.c.obj           18      0         0      
       exit.c.obj                     4       0         0      
       pre_init.c.obj                 4       0         0      
    +--+------------------------------+-------+---------+---------+
       Total:                         1300    0         0      
                                                               
       Stack:                         0       0         512    
       Linker Generated:              0       36        0      
    +--+------------------------------+-------+---------+---------+
       Grand Total:                   15518   2360      1144   


LINKER GENERATED COPY TABLES

__TI_cinit_table @ 000045d4 records: 2, size/record: 8, table size: 16
	.bss: load addr=000045c0, load size=00000008 bytes, run addr=20000470, run size=0000000c bytes, compression=zero_init
	.vtable: load addr=000045c8, load size=00000008 bytes, run addr=20000000, run size=0000026c bytes, compression=zero_init


LINKER GENERATED HANDLER TABLE

__TI_handler_table @ 000045d0 records: 1, size/record: 4, table size: 4
	index: 0, handler: __TI_zero_init


GLOBAL SYMBOLS: SORTED ALPHABETICALLY BY Name 

address   name                              
-------   ----                              
00002531  ADCBusy                           
00002579  ADCClockConfigGet                 
0000254f  ADCClockConfigSet                 
0000234b  ADCComparatorConfigure            
00002425  ADCComparatorIntClear             
000023d1  ADCComparatorIntDisable           
000023ef  ADCComparatorIntEnable            
00002411  ADCComparatorIntStatus            
00002367  ADCComparatorRegionSet            
0000238b  ADCComparatorReset                
00002319  ADCHardwareOversampleConfigure    
00001ebb  ADCIntClear                       
00002499  ADCIntClearEx                     
00001e21  ADCIntDisable                     
00002437  ADCIntDisableEx                   
00001e3d  ADCIntEnable                      
0000244f  ADCIntEnableEx                    
00001ddb  ADCIntRegister                    
00001e63  ADCIntStatus                      
00002467  ADCIntStatusEx                    
00001e03  ADCIntUnregister                  
000024eb  ADCPhaseDelayGet                  
000024d9  ADCPhaseDelaySet                  
0000212d  ADCProcessorTrigger               
000024c7  ADCReferenceGet                   
000024ab  ADCReferenceSet                   
00001f05  ADCSequenceConfigure              
00002515  ADCSequenceDMADisable             
000024f9  ADCSequenceDMAEnable              
000020eb  ADCSequenceDataGet                
00001eeb  ADCSequenceDisable                
00001ed1  ADCSequenceEnable                 
0000208f  ADCSequenceOverflow               
000020a7  ADCSequenceOverflowClear          
00001fa1  ADCSequenceStepConfigure          
000020bd  ADCSequenceUnderflow              
000020d5  ADCSequenceUnderflowClear         
00002151  ADCSoftwareOversampleConfigure    
00002285  ADCSoftwareOversampleDataGet      
000021a3  ADCSoftwareOversampleStepConfigure
00003f0f  C$$EXIT                           
00003e55  CPUbasepriGet                     
00003e47  CPUbasepriSet                     
00003e21  CPUcpsid                          
00003e37  CPUcpsie                          
00003e2d  CPUprimask                        
00003e43  CPUwfi                            
00003ce7  FPUDisable                        
00003cd5  FPUEnable                         
00003d53  FPUFlushToZeroModeSet             
00003d1f  FPUHalfPrecisionModeSet           
00003d07  FPULazyStackingEnable             
00003d39  FPUNaNModeSet                     
00003d6d  FPURoundingModeSet                
00003d13  FPUStackingDisable                
00003cf5  FPUStackingEnable                 
00001d59  GPIOADCTriggerDisable             
00001d3b  GPIOADCTriggerEnable              
00001d1d  GPIODMATriggerDisable             
00001cff  GPIODMATriggerEnable              
000012a7  GPIODirModeGet                    
0000124b  GPIODirModeSet                    
0000180f  GPIOIntClear                      
000017d3  GPIOIntDisable                    
000017b9  GPIOIntEnable                     
00001823  GPIOIntRegister                   
0000185b  GPIOIntRegisterPin                
000017ed  GPIOIntStatus                     
00001397  GPIOIntTypeGet                    
000012f3  GPIOIntTypeSet                    
00001841  GPIOIntUnregister                 
00001889  GPIOIntUnregisterPin              
00001667  GPIOPadConfigGet                  
0000142d  GPIOPadConfigSet                  
00001ca1  GPIOPinConfigure                  
000018ad  GPIOPinRead                       
000018e5  GPIOPinTypeADC                    
00001909  GPIOPinTypeCAN                    
0000192d  GPIOPinTypeComparator             
00001951  GPIOPinTypeComparatorOutput       
00001975  GPIOPinTypeDIVSCLK                
00001999  GPIOPinTypeEPI                    
000019bd  GPIOPinTypeEthernetLED            
000019e1  GPIOPinTypeEthernetMII            
00001a05  GPIOPinTypeGPIOInput              
00001a29  GPIOPinTypeGPIOOutput             
00001a4d  GPIOPinTypeGPIOOutputOD           
00001a71  GPIOPinTypeHibernateRTCCLK        
00001a95  GPIOPinTypeI2C                    
00001ab9  GPIOPinTypeI2CSCL                 
00001add  GPIOPinTypeLCD                    
00001b01  GPIOPinTypeOneWire                
00001b25  GPIOPinTypePWM                    
00001b49  GPIOPinTypeQEI                    
00001b6d  GPIOPinTypeSSI                    
00001b91  GPIOPinTypeTimer                  
00001bb5  GPIOPinTypeTrace                  
00001bd9  GPIOPinTypeUART                   
00001bfd  GPIOPinTypeUSBAnalog              
00001c21  GPIOPinTypeUSBDigital             
00001c45  GPIOPinTypeWakeHigh               
00001c6b  GPIOPinTypeWakeLow                
00001c91  GPIOPinWakeStatus                 
000018c5  GPIOPinWrite                      
000033f1  IntDisable                        
0000337f  IntEnable                         
00003463  IntIsEnabled                      
00003243  IntMasterDisable                  
00003233  IntMasterEnable                   
00003559  IntPendClear                      
000034e9  IntPendSet                        
0000335b  IntPriorityGet                    
000032d3  IntPriorityGroupingGet            
000032b9  IntPriorityGroupingSet            
000035b3  IntPriorityMaskGet                
000035a7  IntPriorityMaskSet                
0000330b  IntPrioritySet                    
00003253  IntRegister                       
000035bb  IntTrigger                        
000032a5  IntUnregister                     
00003ef9  ResetISR                          
000011a9  SysCtlAltClkConfig                
000008d1  SysCtlClockFreqSet                
00000d99  SysCtlClockGet                    
0000118d  SysCtlClockOutConfig              
00000bc9  SysCtlClockSet                    
000007d5  SysCtlDeepSleep                   
00000f5d  SysCtlDeepSleepClockConfigSet     
00000f3f  SysCtlDeepSleepClockSet           
000007b5  SysCtlDeepSleepPowerSet           
00003f05  SysCtlDelay                       
00000363  SysCtlFlashSectorSizeGet          
00000337  SysCtlFlashSizeGet                
00001033  SysCtlGPIOAHBDisable              
00001017  SysCtlGPIOAHBEnable               
00000749  SysCtlIntClear                    
00000731  SysCtlIntDisable                  
0000071d  SysCtlIntEnable                   
000006f5  SysCtlIntRegister                 
00000759  SysCtlIntStatus                   
0000070d  SysCtlIntUnregister               
0000079b  SysCtlLDODeepSleepGet             
0000078b  SysCtlLDODeepSleepSet             
00000785  SysCtlLDOSleepGet                 
00000775  SysCtlLDOSleepSet                 
0000080b  SysCtlMOSCConfigSet               
00001171  SysCtlNMIClear                    
0000115d  SysCtlNMIStatus                   
00000821  SysCtlPIOSCCalibrate              
00001001  SysCtlPWMClockGet                 
00000fe7  SysCtlPWMClockSet                 
000006a1  SysCtlPeripheralClockGating       
00000659  SysCtlPeripheralDeepSleepDisable  
00000609  SysCtlPeripheralDeepSleepEnable   
00000545  SysCtlPeripheralDisable           
00000509  SysCtlPeripheralEnable            
00000445  SysCtlPeripheralPowerOff          
00000409  SysCtlPeripheralPowerOn           
00000389  SysCtlPeripheralPresent           
000003c9  SysCtlPeripheralReady             
00000481  SysCtlPeripheralReset             
000005cd  SysCtlPeripheralSleepDisable      
00000589  SysCtlPeripheralSleepEnable       
000007c5  SysCtlReset                       
00000881  SysCtlResetBehaviorGet            
00000871  SysCtlResetBehaviorSet            
000007f7  SysCtlResetCauseClear             
000007f1  SysCtlResetCauseGet               
0000032d  SysCtlSRAMSizeGet                 
000007cd  SysCtlSleep                       
000007a1  SysCtlSleepPowerSet               
0000105b  SysCtlUSBPLLDisable               
0000104f  SysCtlUSBPLLEnable                
000010a1  SysCtlVCOGet                      
00001089  SysCtlVoltageEventClear           
0000106d  SysCtlVoltageEventConfig          
0000107d  SysCtlVoltageEventStatus          
000036cb  Timer0IntHandler                  
00002b7d  TimerADCEventGet                  
00002b6b  TimerADCEventSet                  
000028a1  TimerClockSourceGet               
00002877  TimerClockSourceSet               
0000266b  TimerConfigure                    
0000278b  TimerControlEvent                 
000026e7  TimerControlLevel                 
000027b5  TimerControlStall                 
0000271d  TimerControlTrigger               
000027eb  TimerControlWaitOnTrigger         
00002b9d  TimerDMAEventGet                  
00002b8b  TimerDMAEventSet                  
0000264d  TimerDisable                      
0000262f  TimerEnable                       
00002b47  TimerIntClear                     
00002b11  TimerIntDisable                   
00002af9  TimerIntEnable                    
00002ab3  TimerIntRegister                  
00002b29  TimerIntStatus                    
00002adb  TimerIntUnregister                
0000296b  TimerLoadGet                      
000029a1  TimerLoadGet64                    
00002941  TimerLoadSet                      
00002987  TimerLoadSet64                    
00002a4b  TimerMatchGet                     
00002a81  TimerMatchGet64                   
00002a21  TimerMatchSet                     
00002a67  TimerMatchSet64                   
000028db  TimerPrescaleGet                  
00002925  TimerPrescaleMatchGet             
000028f7  TimerPrescaleMatchSet             
000028b1  TimerPrescaleSet                  
00002861  TimerRTCDisable                   
0000284b  TimerRTCEnable                    
00002b59  TimerSynchronize                  
00002bab  TimerUpdateMode                   
000029d3  TimerValueGet                     
000029ef  TimerValueGet64                   
000031d1  UART9BitAddrSend                  
000031ab  UART9BitAddrSet                   
00003195  UART9BitDisable                   
0000317f  UART9BitEnable                    
00003023  UARTBreakCtl                      
0000304d  UARTBusy                          
00002fcb  UARTCharGet                       
00002faf  UARTCharGetNonBlocking            
00003005  UARTCharPut                       
00002fe1  UARTCharPutNonBlocking            
00002f73  UARTCharsAvail                    
0000316f  UARTClockSourceGet                
0000315b  UARTClockSourceSet                
00002d43  UARTConfigGetExpClk               
00002ccd  UARTConfigSetExpClk               
00003121  UARTDMADisable                    
00003109  UARTDMAEnable                     
00002db3  UARTDisable                       
00002e37  UARTDisableSIR                    
00002d8f  UARTEnable                        
00002e09  UARTEnableSIR                     
00002df3  UARTFIFODisable                   
00002ddd  UARTFIFOEnable                    
00002ca5  UARTFIFOLevelGet                  
00002c8d  UARTFIFOLevelSet                  
00002f33  UARTFlowControlGet                
00002f17  UARTFlowControlSet                
000030f7  UARTIntClear                      
000030c1  UARTIntDisable                    
000030a9  UARTIntEnable                     
0000306b  UARTIntRegister                   
000030d9  UARTIntStatus                     
00003089  UARTIntUnregister                 
00003219  UARTLoopbackEnable                
00002ecd  UARTModemControlClear             
00002ef1  UARTModemControlGet               
00002e95  UARTModemControlSet               
00002f03  UARTModemStatusGet                
00002c7b  UARTParityModeGet                 
00002c5f  UARTParityModeSet                 
0000314b  UARTRxErrorClear                  
00003139  UARTRxErrorGet                    
00003887  UARTSend                          
00002e7f  UARTSmartCardDisable              
00002e4d  UARTSmartCardEnable               
00002f91  UARTSpaceAvail                    
00002f61  UARTTxIntModeGet                  
00002f45  UARTTxIntModeSet                  
20000470  __STACK_END                       
00000200  __STACK_SIZE                      
20000470  __STACK_TOP                       
000045d4  __TI_CINIT_Base                   
000045e4  __TI_CINIT_Limit                  
000045d0  __TI_Handler_Table_Base           
000045d4  __TI_Handler_Table_Limit          
00003ddd  __TI_auto_init_nobinit_nopinit    
ffffffff  __TI_pprof_out_hndl               
ffffffff  __TI_prof_data_size               
ffffffff  __TI_prof_data_start              
00000000  __TI_static_base__                
00003ee7  __TI_zero_init_nomemset           
00003d95  __aeabi_d2iz                      
000038f7  __aeabi_dadd                      
00003aa3  __aeabi_ddiv                      
00003bd9  __aeabi_dmul                      
000038ed  __aeabi_dsub                      
00003e99  __aeabi_i2d                       
00003ec7  __aeabi_ui2d                      
ffffffff  __binit__                         
ffffffff  __c_args__                        
UNDEFED   __mpu_init                        
20000270  __stack                           
00003e61  _c_int00_noargs                   
UNDEFED   _system_post_cinit                
00003f0b  _system_pre_init                  
00003f0f  abort                             
ffffffff  binit                             
20000000  g_pfnRAMVectors                   
00000000  g_pfnVectors                      
000035f1  main                              
20000478  ui32Period                        


GLOBAL SYMBOLS: SORTED BY Symbol Address 

address   name                              
-------   ----                              
00000000  __TI_static_base__                
00000000  g_pfnVectors                      
00000200  __STACK_SIZE                      
0000032d  SysCtlSRAMSizeGet                 
00000337  SysCtlFlashSizeGet                
00000363  SysCtlFlashSectorSizeGet          
00000389  SysCtlPeripheralPresent           
000003c9  SysCtlPeripheralReady             
00000409  SysCtlPeripheralPowerOn           
00000445  SysCtlPeripheralPowerOff          
00000481  SysCtlPeripheralReset             
00000509  SysCtlPeripheralEnable            
00000545  SysCtlPeripheralDisable           
00000589  SysCtlPeripheralSleepEnable       
000005cd  SysCtlPeripheralSleepDisable      
00000609  SysCtlPeripheralDeepSleepEnable   
00000659  SysCtlPeripheralDeepSleepDisable  
000006a1  SysCtlPeripheralClockGating       
000006f5  SysCtlIntRegister                 
0000070d  SysCtlIntUnregister               
0000071d  SysCtlIntEnable                   
00000731  SysCtlIntDisable                  
00000749  SysCtlIntClear                    
00000759  SysCtlIntStatus                   
00000775  SysCtlLDOSleepSet                 
00000785  SysCtlLDOSleepGet                 
0000078b  SysCtlLDODeepSleepSet             
0000079b  SysCtlLDODeepSleepGet             
000007a1  SysCtlSleepPowerSet               
000007b5  SysCtlDeepSleepPowerSet           
000007c5  SysCtlReset                       
000007cd  SysCtlSleep                       
000007d5  SysCtlDeepSleep                   
000007f1  SysCtlResetCauseGet               
000007f7  SysCtlResetCauseClear             
0000080b  SysCtlMOSCConfigSet               
00000821  SysCtlPIOSCCalibrate              
00000871  SysCtlResetBehaviorSet            
00000881  SysCtlResetBehaviorGet            
000008d1  SysCtlClockFreqSet                
00000bc9  SysCtlClockSet                    
00000d99  SysCtlClockGet                    
00000f3f  SysCtlDeepSleepClockSet           
00000f5d  SysCtlDeepSleepClockConfigSet     
00000fe7  SysCtlPWMClockSet                 
00001001  SysCtlPWMClockGet                 
00001017  SysCtlGPIOAHBEnable               
00001033  SysCtlGPIOAHBDisable              
0000104f  SysCtlUSBPLLEnable                
0000105b  SysCtlUSBPLLDisable               
0000106d  SysCtlVoltageEventConfig          
0000107d  SysCtlVoltageEventStatus          
00001089  SysCtlVoltageEventClear           
000010a1  SysCtlVCOGet                      
0000115d  SysCtlNMIStatus                   
00001171  SysCtlNMIClear                    
0000118d  SysCtlClockOutConfig              
000011a9  SysCtlAltClkConfig                
0000124b  GPIODirModeSet                    
000012a7  GPIODirModeGet                    
000012f3  GPIOIntTypeSet                    
00001397  GPIOIntTypeGet                    
0000142d  GPIOPadConfigSet                  
00001667  GPIOPadConfigGet                  
000017b9  GPIOIntEnable                     
000017d3  GPIOIntDisable                    
000017ed  GPIOIntStatus                     
0000180f  GPIOIntClear                      
00001823  GPIOIntRegister                   
00001841  GPIOIntUnregister                 
0000185b  GPIOIntRegisterPin                
00001889  GPIOIntUnregisterPin              
000018ad  GPIOPinRead                       
000018c5  GPIOPinWrite                      
000018e5  GPIOPinTypeADC                    
00001909  GPIOPinTypeCAN                    
0000192d  GPIOPinTypeComparator             
00001951  GPIOPinTypeComparatorOutput       
00001975  GPIOPinTypeDIVSCLK                
00001999  GPIOPinTypeEPI                    
000019bd  GPIOPinTypeEthernetLED            
000019e1  GPIOPinTypeEthernetMII            
00001a05  GPIOPinTypeGPIOInput              
00001a29  GPIOPinTypeGPIOOutput             
00001a4d  GPIOPinTypeGPIOOutputOD           
00001a71  GPIOPinTypeHibernateRTCCLK        
00001a95  GPIOPinTypeI2C                    
00001ab9  GPIOPinTypeI2CSCL                 
00001add  GPIOPinTypeLCD                    
00001b01  GPIOPinTypeOneWire                
00001b25  GPIOPinTypePWM                    
00001b49  GPIOPinTypeQEI                    
00001b6d  GPIOPinTypeSSI                    
00001b91  GPIOPinTypeTimer                  
00001bb5  GPIOPinTypeTrace                  
00001bd9  GPIOPinTypeUART                   
00001bfd  GPIOPinTypeUSBAnalog              
00001c21  GPIOPinTypeUSBDigital             
00001c45  GPIOPinTypeWakeHigh               
00001c6b  GPIOPinTypeWakeLow                
00001c91  GPIOPinWakeStatus                 
00001ca1  GPIOPinConfigure                  
00001cff  GPIODMATriggerEnable              
00001d1d  GPIODMATriggerDisable             
00001d3b  GPIOADCTriggerEnable              
00001d59  GPIOADCTriggerDisable             
00001ddb  ADCIntRegister                    
00001e03  ADCIntUnregister                  
00001e21  ADCIntDisable                     
00001e3d  ADCIntEnable                      
00001e63  ADCIntStatus                      
00001ebb  ADCIntClear                       
00001ed1  ADCSequenceEnable                 
00001eeb  ADCSequenceDisable                
00001f05  ADCSequenceConfigure              
00001fa1  ADCSequenceStepConfigure          
0000208f  ADCSequenceOverflow               
000020a7  ADCSequenceOverflowClear          
000020bd  ADCSequenceUnderflow              
000020d5  ADCSequenceUnderflowClear         
000020eb  ADCSequenceDataGet                
0000212d  ADCProcessorTrigger               
00002151  ADCSoftwareOversampleConfigure    
000021a3  ADCSoftwareOversampleStepConfigure
00002285  ADCSoftwareOversampleDataGet      
00002319  ADCHardwareOversampleConfigure    
0000234b  ADCComparatorConfigure            
00002367  ADCComparatorRegionSet            
0000238b  ADCComparatorReset                
000023d1  ADCComparatorIntDisable           
000023ef  ADCComparatorIntEnable            
00002411  ADCComparatorIntStatus            
00002425  ADCComparatorIntClear             
00002437  ADCIntDisableEx                   
0000244f  ADCIntEnableEx                    
00002467  ADCIntStatusEx                    
00002499  ADCIntClearEx                     
000024ab  ADCReferenceSet                   
000024c7  ADCReferenceGet                   
000024d9  ADCPhaseDelaySet                  
000024eb  ADCPhaseDelayGet                  
000024f9  ADCSequenceDMAEnable              
00002515  ADCSequenceDMADisable             
00002531  ADCBusy                           
0000254f  ADCClockConfigSet                 
00002579  ADCClockConfigGet                 
0000262f  TimerEnable                       
0000264d  TimerDisable                      
0000266b  TimerConfigure                    
000026e7  TimerControlLevel                 
0000271d  TimerControlTrigger               
0000278b  TimerControlEvent                 
000027b5  TimerControlStall                 
000027eb  TimerControlWaitOnTrigger         
0000284b  TimerRTCEnable                    
00002861  TimerRTCDisable                   
00002877  TimerClockSourceSet               
000028a1  TimerClockSourceGet               
000028b1  TimerPrescaleSet                  
000028db  TimerPrescaleGet                  
000028f7  TimerPrescaleMatchSet             
00002925  TimerPrescaleMatchGet             
00002941  TimerLoadSet                      
0000296b  TimerLoadGet                      
00002987  TimerLoadSet64                    
000029a1  TimerLoadGet64                    
000029d3  TimerValueGet                     
000029ef  TimerValueGet64                   
00002a21  TimerMatchSet                     
00002a4b  TimerMatchGet                     
00002a67  TimerMatchSet64                   
00002a81  TimerMatchGet64                   
00002ab3  TimerIntRegister                  
00002adb  TimerIntUnregister                
00002af9  TimerIntEnable                    
00002b11  TimerIntDisable                   
00002b29  TimerIntStatus                    
00002b47  TimerIntClear                     
00002b59  TimerSynchronize                  
00002b6b  TimerADCEventSet                  
00002b7d  TimerADCEventGet                  
00002b8b  TimerDMAEventSet                  
00002b9d  TimerDMAEventGet                  
00002bab  TimerUpdateMode                   
00002c5f  UARTParityModeSet                 
00002c7b  UARTParityModeGet                 
00002c8d  UARTFIFOLevelSet                  
00002ca5  UARTFIFOLevelGet                  
00002ccd  UARTConfigSetExpClk               
00002d43  UARTConfigGetExpClk               
00002d8f  UARTEnable                        
00002db3  UARTDisable                       
00002ddd  UARTFIFOEnable                    
00002df3  UARTFIFODisable                   
00002e09  UARTEnableSIR                     
00002e37  UARTDisableSIR                    
00002e4d  UARTSmartCardEnable               
00002e7f  UARTSmartCardDisable              
00002e95  UARTModemControlSet               
00002ecd  UARTModemControlClear             
00002ef1  UARTModemControlGet               
00002f03  UARTModemStatusGet                
00002f17  UARTFlowControlSet                
00002f33  UARTFlowControlGet                
00002f45  UARTTxIntModeSet                  
00002f61  UARTTxIntModeGet                  
00002f73  UARTCharsAvail                    
00002f91  UARTSpaceAvail                    
00002faf  UARTCharGetNonBlocking            
00002fcb  UARTCharGet                       
00002fe1  UARTCharPutNonBlocking            
00003005  UARTCharPut                       
00003023  UARTBreakCtl                      
0000304d  UARTBusy                          
0000306b  UARTIntRegister                   
00003089  UARTIntUnregister                 
000030a9  UARTIntEnable                     
000030c1  UARTIntDisable                    
000030d9  UARTIntStatus                     
000030f7  UARTIntClear                      
00003109  UARTDMAEnable                     
00003121  UARTDMADisable                    
00003139  UARTRxErrorGet                    
0000314b  UARTRxErrorClear                  
0000315b  UARTClockSourceSet                
0000316f  UARTClockSourceGet                
0000317f  UART9BitEnable                    
00003195  UART9BitDisable                   
000031ab  UART9BitAddrSet                   
000031d1  UART9BitAddrSend                  
00003219  UARTLoopbackEnable                
00003233  IntMasterEnable                   
00003243  IntMasterDisable                  
00003253  IntRegister                       
000032a5  IntUnregister                     
000032b9  IntPriorityGroupingSet            
000032d3  IntPriorityGroupingGet            
0000330b  IntPrioritySet                    
0000335b  IntPriorityGet                    
0000337f  IntEnable                         
000033f1  IntDisable                        
00003463  IntIsEnabled                      
000034e9  IntPendSet                        
00003559  IntPendClear                      
000035a7  IntPriorityMaskSet                
000035b3  IntPriorityMaskGet                
000035bb  IntTrigger                        
000035f1  main                              
000036cb  Timer0IntHandler                  
00003887  UARTSend                          
000038ed  __aeabi_dsub                      
000038f7  __aeabi_dadd                      
00003aa3  __aeabi_ddiv                      
00003bd9  __aeabi_dmul                      
00003cd5  FPUEnable                         
00003ce7  FPUDisable                        
00003cf5  FPUStackingEnable                 
00003d07  FPULazyStackingEnable             
00003d13  FPUStackingDisable                
00003d1f  FPUHalfPrecisionModeSet           
00003d39  FPUNaNModeSet                     
00003d53  FPUFlushToZeroModeSet             
00003d6d  FPURoundingModeSet                
00003d95  __aeabi_d2iz                      
00003ddd  __TI_auto_init_nobinit_nopinit    
00003e21  CPUcpsid                          
00003e2d  CPUprimask                        
00003e37  CPUcpsie                          
00003e43  CPUwfi                            
00003e47  CPUbasepriSet                     
00003e55  CPUbasepriGet                     
00003e61  _c_int00_noargs                   
00003e99  __aeabi_i2d                       
00003ec7  __aeabi_ui2d                      
00003ee7  __TI_zero_init_nomemset           
00003ef9  ResetISR                          
00003f05  SysCtlDelay                       
00003f0b  _system_pre_init                  
00003f0f  C$$EXIT                           
00003f0f  abort                             
000045d0  __TI_Handler_Table_Base           
000045d4  __TI_CINIT_Base                   
000045d4  __TI_Handler_Table_Limit          
000045e4  __TI_CINIT_Limit                  
20000000  g_pfnRAMVectors                   
20000270  __stack                           
20000470  __STACK_END                       
20000470  __STACK_TOP                       
20000478  ui32Period                        
ffffffff  __TI_pprof_out_hndl               
ffffffff  __TI_prof_data_size               
ffffffff  __TI_prof_data_start              
ffffffff  __binit__                         
ffffffff  __c_args__                        
ffffffff  binit                             
UNDEFED   __mpu_init                        
UNDEFED   _system_post_cinit                

[297 symbols]
