******************************************************************************
                  TI ARM Linker PC v18.1.4                     
******************************************************************************
>> Linked Wed Mar 13 11:49:52 2019

OUTPUT FILE NAME:   <UART_TEST.out>
ENTRY POINT SYMBOL: "_c_int00_noargs"  address: 000033b9


MEMORY CONFIGURATION

         name            origin    length      used     unused   attr    fill
----------------------  --------  ---------  --------  --------  ----  --------
  FLASH                 00000000   00040000  00003ac0  0003c540  R  X
  SRAM                  20000000   00008000  00000471  00007b8f  RW X


SEGMENT ALLOCATION MAP

run origin  load origin   length   init length attrs members
----------  ----------- ---------- ----------- ----- -------
00000000    00000000    00003ac0   00003ac0    r-x
  00000000    00000000    0000026c   0000026c    r-- .intvecs
  0000026c    0000026c    000031ec   000031ec    r-x .text
  00003458    00003458    00000638   00000638    r-- .const
  00003a90    00003a90    00000030   00000030    r-- .cinit
20000000    20000000    00000475   00000000    rw-
  20000000    20000000    0000026c   00000000    rw- .vtable
  20000270    20000270    00000200   00000000    rw- .stack
  20000470    20000470    00000005   00000000    rw- .data


SECTION ALLOCATION MAP

 output                                  attributes/
section   page    origin      length       input sections
--------  ----  ----------  ----------   ----------------
.intvecs   0    00000000    0000026c     
                  00000000    0000026c     tm4c123gh6pm_startup_ccs.obj (.intvecs)

.text      0    0000026c    000031ec     
                  0000026c    00000f80     sysctl.obj (.text)
                  000011ec    00000b94     gpio.obj (.text)
                  00001d80    0000062e     uart.obj (.text)
                  000023ae    00000002     rtsv7M4_T_le_v4SPD16_eabi.lib : div0.asm.obj (.text)
                  000023b0    0000049c     uartstdio.obj (.text)
                  0000284c    000003c0     interrupt.obj (.text)
                  00002c0c    000001b6     rtsv7M4_T_le_v4SPD16_eabi.lib : fd_add_t2.asm.obj (.text)
                  00002dc2    00000002     --HOLE-- [fill = 0]
                  00002dc4    000001a0     main.obj (.text)
                  00002f64    000000fc     rtsv7M4_T_le_v4SPD16_eabi.lib : fd_mul_t2.asm.obj (.text)
                  00003060    000000c0     fpu.obj (.text)
                  00003120    0000009c     rtsv7M4_T_le_v4SPD16_eabi.lib : memcpy_t2.asm.obj (.text)
                  000031bc    00000086                                   : fd_cmp_t2.asm.obj (.text:__aeabi_cdrcmple)
                  00003242    00000068                                   : copy_decompress_lzss.c.obj (.text:decompress:lzss:__TI_decompress_lzss)
                  000032aa    00000048                                   : fd_toi_t2.asm.obj (.text)
                  000032f2    00000002     --HOLE-- [fill = 0]
                  000032f4    00000044                                   : autoinit.c.obj (.text:__TI_auto_init_nobinit_nopinit:__TI_auto_init_nobinit_nopinit)
                  00003338    00000040                                   : u_divt2.asm.obj (.text)
                  00003378    0000003e     cpu.obj (.text)
                  000033b6    00000002     --HOLE-- [fill = 0]
                  000033b8    00000038     rtsv7M4_T_le_v4SPD16_eabi.lib : boot_cortex_m.c.obj (.text:_c_int00_noargs:_c_int00_noargs)
                  000033f0    0000002e                                   : i_tofd_t2.asm.obj (.text)
                  0000341e    00000012                                   : copy_zero_init.c.obj (.text:decompress:ZI:__TI_zero_init_nomemset:__TI_zero_init_nomemset)
                  00003430    0000000e                                   : copy_decompress_none.c.obj (.text:decompress:none:__TI_decompress_none)
                  0000343e    0000000c     tm4c123gh6pm_startup_ccs.obj (.text)
                  0000344a    00000006     sysctl.obj (.text:SysCtlDelay)
                  00003450    00000004     rtsv7M4_T_le_v4SPD16_eabi.lib : pre_init.c.obj (.text:_system_pre_init)
                  00003454    00000004                                   : exit.c.obj (.text:abort:abort)

.const     0    00003458    00000638     
                  00003458    000001b0     sysctl.obj (.const:g_pppui32XTALtoVCO)
                  00003608    000000d8     gpio.obj (.const:g_ppui32GPIOIntMapSnowflake)
                  000036e0    000000c0     gpio.obj (.const:g_ppui32GPIOIntMapBlizzard)
                  000037a0    0000009c     interrupt.obj (.const:g_pui32Regs)
                  0000383c    00000090     gpio.obj (.const:g_pui32GPIOBaseAddrs)
                  000038cc    0000006c     sysctl.obj (.const:g_pui32Xtals)
                  00003938    00000040     uart.obj (.const:g_ppui32UARTIntMap)
                  00003978    00000040     uart.obj (.const:g_ppui32UARTIntMapSnowflake)
                  000039b8    00000030     sysctl.obj (.const:g_sXTALtoMEMTIM)
                  000039e8    00000020     interrupt.obj (.const:g_pui32Priority)
                  00003a08    00000014     interrupt.obj (.const:g_pui32Dii16Regs)
                  00003a1c    00000014     interrupt.obj (.const:g_pui32EnRegs)
                  00003a30    00000014     interrupt.obj (.const:g_pui32PendRegs)
                  00003a44    00000014     interrupt.obj (.const:g_pui32UnpendRegs)
                  00003a58    00000012     uartstdio.obj (.const:.string)
                  00003a6a    00000002     --HOLE-- [fill = 0]
                  00003a6c    0000000c     uartstdio.obj (.const:g_ui32UARTBase)
                  00003a78    0000000c     uartstdio.obj (.const:g_ui32UARTPeriph)
                  00003a84    00000008     sysctl.obj (.const:g_pui32VCOFrequencies)
                  00003a8c    00000004     uartstdio.obj (.const)

.cinit     0    00003a90    00000030     
                  00003a90    0000000c     (__TI_handler_table)
                  00003a9c    00000004     --HOLE-- [fill = 0]
                  00003aa0    00000008     (.cinit..vtable.load) [load image, compression = zero_init]
                  00003aa8    00000007     (.cinit..data.load) [load image, compression = lzss]
                  00003aaf    00000001     --HOLE-- [fill = 0]
                  00003ab0    00000010     (__TI_cinit_table)

.init_array 
*          0    00000000    00000000     UNINITIALIZED

.vtable    0    20000000    0000026c     UNINITIALIZED
                  20000000    0000026c     interrupt.obj (.vtable)

.data      0    20000470    00000005     UNINITIALIZED
                  20000470    00000005     uartstdio.obj (.data)

.stack     0    20000270    00000200     UNINITIALIZED
                  20000270    00000004     rtsv7M4_T_le_v4SPD16_eabi.lib : boot_cortex_m.c.obj (.stack)
                  20000274    000001fc     --HOLE--

MODULE SUMMARY

       Module                         code    ro data   rw data
       ------                         ----    -------   -------
    .\
       tm4c123gh6pm_startup_ccs.obj   12      620       0      
       main.obj                       416     0         0      
    +--+------------------------------+-------+---------+---------+
       Total:                         428     620       0      
                                                               
    .\driverlib\
       sysctl.obj                     3974    596       0      
       gpio.obj                       2964    552       0      
       interrupt.obj                  960     268       620    
       uart.obj                       1582    128       0      
       fpu.obj                        192     0         0      
       cpu.obj                        62      0         0      
    +--+------------------------------+-------+---------+---------+
       Total:                         9734    1544      620    
                                                               
    .\utils\
       uartstdio.obj                  1180    46        5      
    +--+------------------------------+-------+---------+---------+
       Total:                         1180    46        5      
                                                               
    C:\ti\ccsv8\tools\compiler\ti-cgt-arm_18.1.4.LTS\lib\rtsv7M4_T_le_v4SPD16_eabi.lib
       fd_add_t2.asm.obj              438     0         0      
       fd_mul_t2.asm.obj              252     0         0      
       memcpy_t2.asm.obj              156     0         0      
       fd_cmp_t2.asm.obj              134     0         0      
       copy_decompress_lzss.c.obj     104     0         0      
       fd_toi_t2.asm.obj              72      0         0      
       autoinit.c.obj                 68      0         0      
       u_divt2.asm.obj                64      0         0      
       boot_cortex_m.c.obj            56      0         0      
       i_tofd_t2.asm.obj              46      0         0      
       copy_zero_init.c.obj           18      0         0      
       copy_decompress_none.c.obj     14      0         0      
       exit.c.obj                     4       0         0      
       pre_init.c.obj                 4       0         0      
       div0.asm.obj                   2       0         0      
    +--+------------------------------+-------+---------+---------+
       Total:                         1432    0         0      
                                                               
       Stack:                         0       0         512    
       Linker Generated:              0       43        0      
    +--+------------------------------+-------+---------+---------+
       Grand Total:                   12774   2253      1137   


LINKER GENERATED COPY TABLES

__TI_cinit_table @ 00003ab0 records: 2, size/record: 8, table size: 16
	.vtable: load addr=00003aa0, load size=00000008 bytes, run addr=20000000, run size=0000026c bytes, compression=zero_init
	.data: load addr=00003aa8, load size=00000007 bytes, run addr=20000470, run size=00000005 bytes, compression=lzss


LINKER GENERATED HANDLER TABLE

__TI_handler_table @ 00003a90 records: 3, size/record: 4, table size: 12
	index: 0, handler: __TI_zero_init
	index: 1, handler: __TI_decompress_lzss
	index: 2, handler: __TI_decompress_none


GLOBAL SYMBOLS: SORTED ALPHABETICALLY BY Name 

address   name                            
-------   ----                            
00003455  C$$EXIT                         
000033ad  CPUbasepriGet                   
0000339f  CPUbasepriSet                   
00003379  CPUcpsid                        
0000338f  CPUcpsie                        
00003385  CPUprimask                      
0000339b  CPUwfi                          
00003073  FPUDisable                      
00003061  FPUEnable                       
000030df  FPUFlushToZeroModeSet           
000030ab  FPUHalfPrecisionModeSet         
00003093  FPULazyStackingEnable           
000030c5  FPUNaNModeSet                   
000030f9  FPURoundingModeSet              
0000309f  FPUStackingDisable              
00003081  FPUStackingEnable               
00001d59  GPIOADCTriggerDisable           
00001d3b  GPIOADCTriggerEnable            
00001d1d  GPIODMATriggerDisable           
00001cff  GPIODMATriggerEnable            
000012a7  GPIODirModeGet                  
0000124b  GPIODirModeSet                  
0000180f  GPIOIntClear                    
000017d3  GPIOIntDisable                  
000017b9  GPIOIntEnable                   
00001823  GPIOIntRegister                 
0000185b  GPIOIntRegisterPin              
000017ed  GPIOIntStatus                   
00001397  GPIOIntTypeGet                  
000012f3  GPIOIntTypeSet                  
00001841  GPIOIntUnregister               
00001889  GPIOIntUnregisterPin            
00001667  GPIOPadConfigGet                
0000142d  GPIOPadConfigSet                
00001ca1  GPIOPinConfigure                
000018ad  GPIOPinRead                     
000018e5  GPIOPinTypeADC                  
00001909  GPIOPinTypeCAN                  
0000192d  GPIOPinTypeComparator           
00001951  GPIOPinTypeComparatorOutput     
00001975  GPIOPinTypeDIVSCLK              
00001999  GPIOPinTypeEPI                  
000019bd  GPIOPinTypeEthernetLED          
000019e1  GPIOPinTypeEthernetMII          
00001a05  GPIOPinTypeGPIOInput            
00001a29  GPIOPinTypeGPIOOutput           
00001a4d  GPIOPinTypeGPIOOutputOD         
00001a71  GPIOPinTypeHibernateRTCCLK      
00001a95  GPIOPinTypeI2C                  
00001ab9  GPIOPinTypeI2CSCL               
00001add  GPIOPinTypeLCD                  
00001b01  GPIOPinTypeOneWire              
00001b25  GPIOPinTypePWM                  
00001b49  GPIOPinTypeQEI                  
00001b6d  GPIOPinTypeSSI                  
00001b91  GPIOPinTypeTimer                
00001bb5  GPIOPinTypeTrace                
00001bd9  GPIOPinTypeUART                 
00001bfd  GPIOPinTypeUSBAnalog            
00001c21  GPIOPinTypeUSBDigital           
00001c45  GPIOPinTypeWakeHigh             
00001c6b  GPIOPinTypeWakeLow              
00001c91  GPIOPinWakeStatus               
000018c5  GPIOPinWrite                    
00002a0d  IntDisable                      
0000299b  IntEnable                       
00002a7f  IntIsEnabled                    
0000285f  IntMasterDisable                
0000284f  IntMasterEnable                 
00002b75  IntPendClear                    
00002b05  IntPendSet                      
00002977  IntPriorityGet                  
000028ef  IntPriorityGroupingGet          
000028d5  IntPriorityGroupingSet          
00002bcf  IntPriorityMaskGet              
00002bc3  IntPriorityMaskSet              
00002927  IntPrioritySet                  
0000286f  IntRegister                     
00002bd7  IntTrigger                      
000028c1  IntUnregister                   
0000343f  ResetISR                        
000011a9  SysCtlAltClkConfig              
000008d1  SysCtlClockFreqSet              
00000d99  SysCtlClockGet                  
0000118d  SysCtlClockOutConfig            
00000bc9  SysCtlClockSet                  
000007d5  SysCtlDeepSleep                 
00000f5d  SysCtlDeepSleepClockConfigSet   
00000f3f  SysCtlDeepSleepClockSet         
000007b5  SysCtlDeepSleepPowerSet         
0000344b  SysCtlDelay                     
00000363  SysCtlFlashSectorSizeGet        
00000337  SysCtlFlashSizeGet              
00001033  SysCtlGPIOAHBDisable            
00001017  SysCtlGPIOAHBEnable             
00000749  SysCtlIntClear                  
00000731  SysCtlIntDisable                
0000071d  SysCtlIntEnable                 
000006f5  SysCtlIntRegister               
00000759  SysCtlIntStatus                 
0000070d  SysCtlIntUnregister             
0000079b  SysCtlLDODeepSleepGet           
0000078b  SysCtlLDODeepSleepSet           
00000785  SysCtlLDOSleepGet               
00000775  SysCtlLDOSleepSet               
0000080b  SysCtlMOSCConfigSet             
00001171  SysCtlNMIClear                  
0000115d  SysCtlNMIStatus                 
00000821  SysCtlPIOSCCalibrate            
00001001  SysCtlPWMClockGet               
00000fe7  SysCtlPWMClockSet               
000006a1  SysCtlPeripheralClockGating     
00000659  SysCtlPeripheralDeepSleepDisable
00000609  SysCtlPeripheralDeepSleepEnable 
00000545  SysCtlPeripheralDisable         
00000509  SysCtlPeripheralEnable          
00000445  SysCtlPeripheralPowerOff        
00000409  SysCtlPeripheralPowerOn         
00000389  SysCtlPeripheralPresent         
000003c9  SysCtlPeripheralReady           
00000481  SysCtlPeripheralReset           
000005cd  SysCtlPeripheralSleepDisable    
00000589  SysCtlPeripheralSleepEnable     
000007c5  SysCtlReset                     
00000881  SysCtlResetBehaviorGet          
00000871  SysCtlResetBehaviorSet          
000007f7  SysCtlResetCauseClear           
000007f1  SysCtlResetCauseGet             
0000032d  SysCtlSRAMSizeGet               
000007cd  SysCtlSleep                     
000007a1  SysCtlSleepPowerSet             
0000105b  SysCtlUSBPLLDisable             
0000104f  SysCtlUSBPLLEnable              
000010a1  SysCtlVCOGet                    
00001089  SysCtlVoltageEventClear         
0000106d  SysCtlVoltageEventConfig        
0000107d  SysCtlVoltageEventStatus        
00002351  UART9BitAddrSend                
0000232b  UART9BitAddrSet                 
00002315  UART9BitDisable                 
000022ff  UART9BitEnable                  
000021a3  UARTBreakCtl                    
000021cd  UARTBusy                        
0000214b  UARTCharGet                     
0000212f  UARTCharGetNonBlocking          
00002185  UARTCharPut                     
00002161  UARTCharPutNonBlocking          
000020f3  UARTCharsAvail                  
000022ef  UARTClockSourceGet              
000022db  UARTClockSourceSet              
00001ec3  UARTConfigGetExpClk             
00001e4d  UARTConfigSetExpClk             
000022a1  UARTDMADisable                  
00002289  UARTDMAEnable                   
00001f33  UARTDisable                     
00001fb7  UARTDisableSIR                  
00001f0f  UARTEnable                      
00001f89  UARTEnableSIR                   
00001f73  UARTFIFODisable                 
00001f5d  UARTFIFOEnable                  
00001e25  UARTFIFOLevelGet                
00001e0d  UARTFIFOLevelSet                
000020b3  UARTFlowControlGet              
00002097  UARTFlowControlSet              
00002277  UARTIntClear                    
00002241  UARTIntDisable                  
00002229  UARTIntEnable                   
00002e4f  UARTIntHandler                  
000021eb  UARTIntRegister                 
00002259  UARTIntStatus                   
00002209  UARTIntUnregister               
00002399  UARTLoopbackEnable              
0000204d  UARTModemControlClear           
00002071  UARTModemControlGet             
00002015  UARTModemControlSet             
00002083  UARTModemStatusGet              
00001dfb  UARTParityModeGet               
00001ddf  UARTParityModeSet               
000022cb  UARTRxErrorClear                
000022b9  UARTRxErrorGet                  
00002e27  UARTSend                        
00001fff  UARTSmartCardDisable            
00001fcd  UARTSmartCardEnable             
00002111  UARTSpaceAvail                  
000023b1  UARTStdioConfig                 
000020e1  UARTTxIntModeGet                
000020c5  UARTTxIntModeSet                
000024f7  UARTgetc                        
0000243d  UARTgets                        
00002817  UARTprintf                      
0000251d  UARTvprintf                     
000023f7  UARTwrite                       
20000470  __STACK_END                     
00000200  __STACK_SIZE                    
20000470  __STACK_TOP                     
00003ab0  __TI_CINIT_Base                 
00003ac0  __TI_CINIT_Limit                
00003a90  __TI_Handler_Table_Base         
00003a9c  __TI_Handler_Table_Limit        
000032f5  __TI_auto_init_nobinit_nopinit  
00003243  __TI_decompress_lzss            
00003431  __TI_decompress_none            
ffffffff  __TI_pprof_out_hndl             
ffffffff  __TI_prof_data_size             
ffffffff  __TI_prof_data_start            
00000000  __TI_static_base__              
0000341f  __TI_zero_init_nomemset         
000031bd  __aeabi_cdrcmple                
000032ab  __aeabi_d2iz                    
00002c17  __aeabi_dadd                    
00002f65  __aeabi_dmul                    
00002c0d  __aeabi_dsub                    
000033f1  __aeabi_i2d                     
000023af  __aeabi_idiv0                   
000023af  __aeabi_ldiv0                   
00003121  __aeabi_memcpy                  
00003121  __aeabi_memcpy4                 
00003121  __aeabi_memcpy8                 
00003339  __aeabi_uidiv                   
00003339  __aeabi_uidivmod                
ffffffff  __binit__                       
ffffffff  __c_args__                      
UNDEFED   __mpu_init                      
20000270  __stack                         
000033b9  _c_int00_noargs                 
UNDEFED   _system_post_cinit              
00003451  _system_pre_init                
00003455  abort                           
ffffffff  binit                           
20000000  g_pfnRAMVectors                 
00000000  g_pfnVectors                    
00002dc5  main                            
00003121  memcpy                          


GLOBAL SYMBOLS: SORTED BY Symbol Address 

address   name                            
-------   ----                            
00000000  __TI_static_base__              
00000000  g_pfnVectors                    
00000200  __STACK_SIZE                    
0000032d  SysCtlSRAMSizeGet               
00000337  SysCtlFlashSizeGet              
00000363  SysCtlFlashSectorSizeGet        
00000389  SysCtlPeripheralPresent         
000003c9  SysCtlPeripheralReady           
00000409  SysCtlPeripheralPowerOn         
00000445  SysCtlPeripheralPowerOff        
00000481  SysCtlPeripheralReset           
00000509  SysCtlPeripheralEnable          
00000545  SysCtlPeripheralDisable         
00000589  SysCtlPeripheralSleepEnable     
000005cd  SysCtlPeripheralSleepDisable    
00000609  SysCtlPeripheralDeepSleepEnable 
00000659  SysCtlPeripheralDeepSleepDisable
000006a1  SysCtlPeripheralClockGating     
000006f5  SysCtlIntRegister               
0000070d  SysCtlIntUnregister             
0000071d  SysCtlIntEnable                 
00000731  SysCtlIntDisable                
00000749  SysCtlIntClear                  
00000759  SysCtlIntStatus                 
00000775  SysCtlLDOSleepSet               
00000785  SysCtlLDOSleepGet               
0000078b  SysCtlLDODeepSleepSet           
0000079b  SysCtlLDODeepSleepGet           
000007a1  SysCtlSleepPowerSet             
000007b5  SysCtlDeepSleepPowerSet         
000007c5  SysCtlReset                     
000007cd  SysCtlSleep                     
000007d5  SysCtlDeepSleep                 
000007f1  SysCtlResetCauseGet             
000007f7  SysCtlResetCauseClear           
0000080b  SysCtlMOSCConfigSet             
00000821  SysCtlPIOSCCalibrate            
00000871  SysCtlResetBehaviorSet          
00000881  SysCtlResetBehaviorGet          
000008d1  SysCtlClockFreqSet              
00000bc9  SysCtlClockSet                  
00000d99  SysCtlClockGet                  
00000f3f  SysCtlDeepSleepClockSet         
00000f5d  SysCtlDeepSleepClockConfigSet   
00000fe7  SysCtlPWMClockSet               
00001001  SysCtlPWMClockGet               
00001017  SysCtlGPIOAHBEnable             
00001033  SysCtlGPIOAHBDisable            
0000104f  SysCtlUSBPLLEnable              
0000105b  SysCtlUSBPLLDisable             
0000106d  SysCtlVoltageEventConfig        
0000107d  SysCtlVoltageEventStatus        
00001089  SysCtlVoltageEventClear         
000010a1  SysCtlVCOGet                    
0000115d  SysCtlNMIStatus                 
00001171  SysCtlNMIClear                  
0000118d  SysCtlClockOutConfig            
000011a9  SysCtlAltClkConfig              
0000124b  GPIODirModeSet                  
000012a7  GPIODirModeGet                  
000012f3  GPIOIntTypeSet                  
00001397  GPIOIntTypeGet                  
0000142d  GPIOPadConfigSet                
00001667  GPIOPadConfigGet                
000017b9  GPIOIntEnable                   
000017d3  GPIOIntDisable                  
000017ed  GPIOIntStatus                   
0000180f  GPIOIntClear                    
00001823  GPIOIntRegister                 
00001841  GPIOIntUnregister               
0000185b  GPIOIntRegisterPin              
00001889  GPIOIntUnregisterPin            
000018ad  GPIOPinRead                     
000018c5  GPIOPinWrite                    
000018e5  GPIOPinTypeADC                  
00001909  GPIOPinTypeCAN                  
0000192d  GPIOPinTypeComparator           
00001951  GPIOPinTypeComparatorOutput     
00001975  GPIOPinTypeDIVSCLK              
00001999  GPIOPinTypeEPI                  
000019bd  GPIOPinTypeEthernetLED          
000019e1  GPIOPinTypeEthernetMII          
00001a05  GPIOPinTypeGPIOInput            
00001a29  GPIOPinTypeGPIOOutput           
00001a4d  GPIOPinTypeGPIOOutputOD         
00001a71  GPIOPinTypeHibernateRTCCLK      
00001a95  GPIOPinTypeI2C                  
00001ab9  GPIOPinTypeI2CSCL               
00001add  GPIOPinTypeLCD                  
00001b01  GPIOPinTypeOneWire              
00001b25  GPIOPinTypePWM                  
00001b49  GPIOPinTypeQEI                  
00001b6d  GPIOPinTypeSSI                  
00001b91  GPIOPinTypeTimer                
00001bb5  GPIOPinTypeTrace                
00001bd9  GPIOPinTypeUART                 
00001bfd  GPIOPinTypeUSBAnalog            
00001c21  GPIOPinTypeUSBDigital           
00001c45  GPIOPinTypeWakeHigh             
00001c6b  GPIOPinTypeWakeLow              
00001c91  GPIOPinWakeStatus               
00001ca1  GPIOPinConfigure                
00001cff  GPIODMATriggerEnable            
00001d1d  GPIODMATriggerDisable           
00001d3b  GPIOADCTriggerEnable            
00001d59  GPIOADCTriggerDisable           
00001ddf  UARTParityModeSet               
00001dfb  UARTParityModeGet               
00001e0d  UARTFIFOLevelSet                
00001e25  UARTFIFOLevelGet                
00001e4d  UARTConfigSetExpClk             
00001ec3  UARTConfigGetExpClk             
00001f0f  UARTEnable                      
00001f33  UARTDisable                     
00001f5d  UARTFIFOEnable                  
00001f73  UARTFIFODisable                 
00001f89  UARTEnableSIR                   
00001fb7  UARTDisableSIR                  
00001fcd  UARTSmartCardEnable             
00001fff  UARTSmartCardDisable            
00002015  UARTModemControlSet             
0000204d  UARTModemControlClear           
00002071  UARTModemControlGet             
00002083  UARTModemStatusGet              
00002097  UARTFlowControlSet              
000020b3  UARTFlowControlGet              
000020c5  UARTTxIntModeSet                
000020e1  UARTTxIntModeGet                
000020f3  UARTCharsAvail                  
00002111  UARTSpaceAvail                  
0000212f  UARTCharGetNonBlocking          
0000214b  UARTCharGet                     
00002161  UARTCharPutNonBlocking          
00002185  UARTCharPut                     
000021a3  UARTBreakCtl                    
000021cd  UARTBusy                        
000021eb  UARTIntRegister                 
00002209  UARTIntUnregister               
00002229  UARTIntEnable                   
00002241  UARTIntDisable                  
00002259  UARTIntStatus                   
00002277  UARTIntClear                    
00002289  UARTDMAEnable                   
000022a1  UARTDMADisable                  
000022b9  UARTRxErrorGet                  
000022cb  UARTRxErrorClear                
000022db  UARTClockSourceSet              
000022ef  UARTClockSourceGet              
000022ff  UART9BitEnable                  
00002315  UART9BitDisable                 
0000232b  UART9BitAddrSet                 
00002351  UART9BitAddrSend                
00002399  UARTLoopbackEnable              
000023af  __aeabi_idiv0                   
000023af  __aeabi_ldiv0                   
000023b1  UARTStdioConfig                 
000023f7  UARTwrite                       
0000243d  UARTgets                        
000024f7  UARTgetc                        
0000251d  UARTvprintf                     
00002817  UARTprintf                      
0000284f  IntMasterEnable                 
0000285f  IntMasterDisable                
0000286f  IntRegister                     
000028c1  IntUnregister                   
000028d5  IntPriorityGroupingSet          
000028ef  IntPriorityGroupingGet          
00002927  IntPrioritySet                  
00002977  IntPriorityGet                  
0000299b  IntEnable                       
00002a0d  IntDisable                      
00002a7f  IntIsEnabled                    
00002b05  IntPendSet                      
00002b75  IntPendClear                    
00002bc3  IntPriorityMaskSet              
00002bcf  IntPriorityMaskGet              
00002bd7  IntTrigger                      
00002c0d  __aeabi_dsub                    
00002c17  __aeabi_dadd                    
00002dc5  main                            
00002e27  UARTSend                        
00002e4f  UARTIntHandler                  
00002f65  __aeabi_dmul                    
00003061  FPUEnable                       
00003073  FPUDisable                      
00003081  FPUStackingEnable               
00003093  FPULazyStackingEnable           
0000309f  FPUStackingDisable              
000030ab  FPUHalfPrecisionModeSet         
000030c5  FPUNaNModeSet                   
000030df  FPUFlushToZeroModeSet           
000030f9  FPURoundingModeSet              
00003121  __aeabi_memcpy                  
00003121  __aeabi_memcpy4                 
00003121  __aeabi_memcpy8                 
00003121  memcpy                          
000031bd  __aeabi_cdrcmple                
00003243  __TI_decompress_lzss            
000032ab  __aeabi_d2iz                    
000032f5  __TI_auto_init_nobinit_nopinit  
00003339  __aeabi_uidiv                   
00003339  __aeabi_uidivmod                
00003379  CPUcpsid                        
00003385  CPUprimask                      
0000338f  CPUcpsie                        
0000339b  CPUwfi                          
0000339f  CPUbasepriSet                   
000033ad  CPUbasepriGet                   
000033b9  _c_int00_noargs                 
000033f1  __aeabi_i2d                     
0000341f  __TI_zero_init_nomemset         
00003431  __TI_decompress_none            
0000343f  ResetISR                        
0000344b  SysCtlDelay                     
00003451  _system_pre_init                
00003455  C$$EXIT                         
00003455  abort                           
00003a90  __TI_Handler_Table_Base         
00003a9c  __TI_Handler_Table_Limit        
00003ab0  __TI_CINIT_Base                 
00003ac0  __TI_CINIT_Limit                
20000000  g_pfnRAMVectors                 
20000270  __stack                         
20000470  __STACK_END                     
20000470  __STACK_TOP                     
ffffffff  __TI_pprof_out_hndl             
ffffffff  __TI_prof_data_size             
ffffffff  __TI_prof_data_start            
ffffffff  __binit__                       
ffffffff  __c_args__                      
ffffffff  binit                           
UNDEFED   __mpu_init                      
UNDEFED   _system_post_cinit              

[233 symbols]
