******************************************************************************
                  TI ARM Linker PC v18.1.4                     
******************************************************************************
>> Linked Sun Mar 10 09:50:51 2019

OUTPUT FILE NAME:   <1-3.out>
ENTRY POINT SYMBOL: "_c_int00_noargs"  address: 0000289d


MEMORY CONFIGURATION

         name            origin    length      used     unused   attr    fill
----------------------  --------  ---------  --------  --------  ----  --------
  FLASH                 00000000   00040000  00002f3c  0003d0c4  R  X
  SRAM                  20000000   00008000  0000046c  00007b94  RW X


SEGMENT ALLOCATION MAP

run origin  load origin   length   init length attrs members
----------  ----------- ---------- ----------- ----- -------
00000000    00000000    00002f3c   00002f3c    r-x
  00000000    00000000    0000026c   0000026c    r-- .intvecs
  0000026c    0000026c    00002694   00002694    r-x .text
  00002900    00002900    00000628   00000628    r-- .const
  00002f28    00002f28    00000014   00000014    r-- .cinit
20000000    20000000    00000470   00000000    rw-
  20000000    20000000    0000026c   00000000    rw- .vtable
  20000270    20000270    00000200   00000000    rw- .stack


SECTION ALLOCATION MAP

 output                                  attributes/
section   page    origin      length       input sections
--------  ----  ----------  ----------   ----------------
.intvecs   0    00000000    0000026c     
                  00000000    0000026c     tm4c123gh6pm_startup_ccs.obj (.intvecs)

.text      0    0000026c    00002694     
                  0000026c    00000f80     sysctl.obj (.text)
                  000011ec    00000b94     gpio.obj (.text)
                  00001d80    00000642     timer.obj (.text)
                  000023c2    00000002     --HOLE-- [fill = 0]
                  000023c4    000003c0     interrupt.obj (.text)
                  00002784    00000094     main.obj (.text)
                  00002818    00000044     rtsv7M4_T_le_v4SPD16_eabi.lib : autoinit.c.obj (.text:__TI_auto_init_nobinit_nopinit:__TI_auto_init_nobinit_nopinit)
                  0000285c    0000003e     cpu.obj (.text)
                  0000289a    00000002     --HOLE-- [fill = 0]
                  0000289c    00000038     rtsv7M4_T_le_v4SPD16_eabi.lib : boot_cortex_m.c.obj (.text:_c_int00_noargs:_c_int00_noargs)
                  000028d4    00000012                                   : copy_zero_init.c.obj (.text:decompress:ZI:__TI_zero_init_nomemset:__TI_zero_init_nomemset)
                  000028e6    0000000c     tm4c123gh6pm_startup_ccs.obj (.text)
                  000028f2    00000006     sysctl.obj (.text:SysCtlDelay)
                  000028f8    00000004     rtsv7M4_T_le_v4SPD16_eabi.lib : pre_init.c.obj (.text:_system_pre_init)
                  000028fc    00000004                                   : exit.c.obj (.text:abort:abort)

.const     0    00002900    00000628     
                  00002900    000001b0     sysctl.obj (.const:g_pppui32XTALtoVCO)
                  00002ab0    000000d8     gpio.obj (.const:g_ppui32GPIOIntMapSnowflake)
                  00002b88    000000c0     gpio.obj (.const:g_ppui32GPIOIntMapBlizzard)
                  00002c48    0000009c     interrupt.obj (.const:g_pui32Regs)
                  00002ce4    00000090     gpio.obj (.const:g_pui32GPIOBaseAddrs)
                  00002d74    0000006c     sysctl.obj (.const:g_pui32Xtals)
                  00002de0    00000060     timer.obj (.const:g_ppui32TimerIntMap)
                  00002e40    00000040     timer.obj (.const:g_ppui32TimerIntMapSnowflake)
                  00002e80    00000030     sysctl.obj (.const:g_sXTALtoMEMTIM)
                  00002eb0    00000020     interrupt.obj (.const:g_pui32Priority)
                  00002ed0    00000014     interrupt.obj (.const:g_pui32Dii16Regs)
                  00002ee4    00000014     interrupt.obj (.const:g_pui32EnRegs)
                  00002ef8    00000014     interrupt.obj (.const:g_pui32PendRegs)
                  00002f0c    00000014     interrupt.obj (.const:g_pui32UnpendRegs)
                  00002f20    00000008     sysctl.obj (.const:g_pui32VCOFrequencies)

.cinit     0    00002f28    00000014     
                  00002f28    00000008     (.cinit..vtable.load) [load image, compression = zero_init]
                  00002f30    00000004     (__TI_handler_table)
                  00002f34    00000008     (__TI_cinit_table)

.init_array 
*          0    00000000    00000000     UNINITIALIZED

.vtable    0    20000000    0000026c     UNINITIALIZED
                  20000000    0000026c     interrupt.obj (.vtable)

.stack     0    20000270    00000200     UNINITIALIZED
                  20000270    00000004     rtsv7M4_T_le_v4SPD16_eabi.lib : boot_cortex_m.c.obj (.stack)
                  20000274    000001fc     --HOLE--

MODULE SUMMARY

       Module                         code   ro data   rw data
       ------                         ----   -------   -------
    .\
       tm4c123gh6pm_startup_ccs.obj   12     620       0      
       main.obj                       148    0         0      
    +--+------------------------------+------+---------+---------+
       Total:                         160    620       0      
                                                              
    .\driverlib\
       sysctl.obj                     3974   596       0      
       gpio.obj                       2964   552       0      
       interrupt.obj                  960    268       620    
       timer.obj                      1602   160       0      
       cpu.obj                        62     0         0      
    +--+------------------------------+------+---------+---------+
       Total:                         9562   1576      620    
                                                              
    C:\ti\ccsv8\tools\compiler\ti-cgt-arm_18.1.4.LTS\lib\rtsv7M4_T_le_v4SPD16_eabi.lib
       autoinit.c.obj                 68     0         0      
       boot_cortex_m.c.obj            56     0         0      
       copy_zero_init.c.obj           18     0         0      
       exit.c.obj                     4      0         0      
       pre_init.c.obj                 4      0         0      
    +--+------------------------------+------+---------+---------+
       Total:                         150    0         0      
                                                              
       Stack:                         0      0         512    
       Linker Generated:              0      20        0      
    +--+------------------------------+------+---------+---------+
       Grand Total:                   9872   2216      1132   


LINKER GENERATED COPY TABLES

__TI_cinit_table @ 00002f34 records: 1, size/record: 8, table size: 8
	.vtable: load addr=00002f28, load size=00000008 bytes, run addr=20000000, run size=0000026c bytes, compression=zero_init


LINKER GENERATED HANDLER TABLE

__TI_handler_table @ 00002f30 records: 1, size/record: 4, table size: 4
	index: 0, handler: __TI_zero_init


GLOBAL SYMBOLS: SORTED ALPHABETICALLY BY Name 

address   name                            
-------   ----                            
000028fd  C$$EXIT                         
00002891  CPUbasepriGet                   
00002883  CPUbasepriSet                   
0000285d  CPUcpsid                        
00002873  CPUcpsie                        
00002869  CPUprimask                      
0000287f  CPUwfi                          
00001d59  GPIOADCTriggerDisable           
00001d3b  GPIOADCTriggerEnable            
00001d1d  GPIODMATriggerDisable           
00001cff  GPIODMATriggerEnable            
000012a7  GPIODirModeGet                  
0000124b  GPIODirModeSet                  
0000180f  GPIOIntClear                    
000017d3  GPIOIntDisable                  
000017b9  GPIOIntEnable                   
00001823  GPIOIntRegister                 
0000185b  GPIOIntRegisterPin              
000017ed  GPIOIntStatus                   
00001397  GPIOIntTypeGet                  
000012f3  GPIOIntTypeSet                  
00001841  GPIOIntUnregister               
00001889  GPIOIntUnregisterPin            
00001667  GPIOPadConfigGet                
0000142d  GPIOPadConfigSet                
00001ca1  GPIOPinConfigure                
000018ad  GPIOPinRead                     
000018e5  GPIOPinTypeADC                  
00001909  GPIOPinTypeCAN                  
0000192d  GPIOPinTypeComparator           
00001951  GPIOPinTypeComparatorOutput     
00001975  GPIOPinTypeDIVSCLK              
00001999  GPIOPinTypeEPI                  
000019bd  GPIOPinTypeEthernetLED          
000019e1  GPIOPinTypeEthernetMII          
00001a05  GPIOPinTypeGPIOInput            
00001a29  GPIOPinTypeGPIOOutput           
00001a4d  GPIOPinTypeGPIOOutputOD         
00001a71  GPIOPinTypeHibernateRTCCLK      
00001a95  GPIOPinTypeI2C                  
00001ab9  GPIOPinTypeI2CSCL               
00001add  GPIOPinTypeLCD                  
00001b01  GPIOPinTypeOneWire              
00001b25  GPIOPinTypePWM                  
00001b49  GPIOPinTypeQEI                  
00001b6d  GPIOPinTypeSSI                  
00001b91  GPIOPinTypeTimer                
00001bb5  GPIOPinTypeTrace                
00001bd9  GPIOPinTypeUART                 
00001bfd  GPIOPinTypeUSBAnalog            
00001c21  GPIOPinTypeUSBDigital           
00001c45  GPIOPinTypeWakeHigh             
00001c6b  GPIOPinTypeWakeLow              
00001c91  GPIOPinWakeStatus               
000018c5  GPIOPinWrite                    
00002585  IntDisable                      
00002513  IntEnable                       
000025f7  IntIsEnabled                    
000023d7  IntMasterDisable                
000023c7  IntMasterEnable                 
000026ed  IntPendClear                    
0000267d  IntPendSet                      
000024ef  IntPriorityGet                  
00002467  IntPriorityGroupingGet          
0000244d  IntPriorityGroupingSet          
00002747  IntPriorityMaskGet              
0000273b  IntPriorityMaskSet              
0000249f  IntPrioritySet                  
000023e7  IntRegister                     
0000274f  IntTrigger                      
00002439  IntUnregister                   
000028e7  ResetISR                        
000011a9  SysCtlAltClkConfig              
000008d1  SysCtlClockFreqSet              
00000d99  SysCtlClockGet                  
0000118d  SysCtlClockOutConfig            
00000bc9  SysCtlClockSet                  
000007d5  SysCtlDeepSleep                 
00000f5d  SysCtlDeepSleepClockConfigSet   
00000f3f  SysCtlDeepSleepClockSet         
000007b5  SysCtlDeepSleepPowerSet         
000028f3  SysCtlDelay                     
00000363  SysCtlFlashSectorSizeGet        
00000337  SysCtlFlashSizeGet              
00001033  SysCtlGPIOAHBDisable            
00001017  SysCtlGPIOAHBEnable             
00000749  SysCtlIntClear                  
00000731  SysCtlIntDisable                
0000071d  SysCtlIntEnable                 
000006f5  SysCtlIntRegister               
00000759  SysCtlIntStatus                 
0000070d  SysCtlIntUnregister             
0000079b  SysCtlLDODeepSleepGet           
0000078b  SysCtlLDODeepSleepSet           
00000785  SysCtlLDOSleepGet               
00000775  SysCtlLDOSleepSet               
0000080b  SysCtlMOSCConfigSet             
00001171  SysCtlNMIClear                  
0000115d  SysCtlNMIStatus                 
00000821  SysCtlPIOSCCalibrate            
00001001  SysCtlPWMClockGet               
00000fe7  SysCtlPWMClockSet               
000006a1  SysCtlPeripheralClockGating     
00000659  SysCtlPeripheralDeepSleepDisable
00000609  SysCtlPeripheralDeepSleepEnable 
00000545  SysCtlPeripheralDisable         
00000509  SysCtlPeripheralEnable          
00000445  SysCtlPeripheralPowerOff        
00000409  SysCtlPeripheralPowerOn         
00000389  SysCtlPeripheralPresent         
000003c9  SysCtlPeripheralReady           
00000481  SysCtlPeripheralReset           
000005cd  SysCtlPeripheralSleepDisable    
00000589  SysCtlPeripheralSleepEnable     
000007c5  SysCtlReset                     
00000881  SysCtlResetBehaviorGet          
00000871  SysCtlResetBehaviorSet          
000007f7  SysCtlResetCauseClear           
000007f1  SysCtlResetCauseGet             
0000032d  SysCtlSRAMSizeGet               
000007cd  SysCtlSleep                     
000007a1  SysCtlSleepPowerSet             
0000105b  SysCtlUSBPLLDisable             
0000104f  SysCtlUSBPLLEnable              
000010a1  SysCtlVCOGet                    
00001089  SysCtlVoltageEventClear         
0000106d  SysCtlVoltageEventConfig        
0000107d  SysCtlVoltageEventStatus        
000027d9  Timer0IntHandler                
00002341  TimerADCEventGet                
0000232f  TimerADCEventSet                
00002065  TimerClockSourceGet             
0000203b  TimerClockSourceSet             
00001e2f  TimerConfigure                  
00001f4f  TimerControlEvent               
00001eab  TimerControlLevel               
00001f79  TimerControlStall               
00001ee1  TimerControlTrigger             
00001faf  TimerControlWaitOnTrigger       
00002361  TimerDMAEventGet                
0000234f  TimerDMAEventSet                
00001e11  TimerDisable                    
00001df3  TimerEnable                     
0000230b  TimerIntClear                   
000022d5  TimerIntDisable                 
000022bd  TimerIntEnable                  
00002277  TimerIntRegister                
000022ed  TimerIntStatus                  
0000229f  TimerIntUnregister              
0000212f  TimerLoadGet                    
00002165  TimerLoadGet64                  
00002105  TimerLoadSet                    
0000214b  TimerLoadSet64                  
0000220f  TimerMatchGet                   
00002245  TimerMatchGet64                 
000021e5  TimerMatchSet                   
0000222b  TimerMatchSet64                 
0000209f  TimerPrescaleGet                
000020e9  TimerPrescaleMatchGet           
000020bb  TimerPrescaleMatchSet           
00002075  TimerPrescaleSet                
00002025  TimerRTCDisable                 
0000200f  TimerRTCEnable                  
0000231d  TimerSynchronize                
0000236f  TimerUpdateMode                 
00002197  TimerValueGet                   
000021b3  TimerValueGet64                 
20000470  __STACK_END                     
00000200  __STACK_SIZE                    
20000470  __STACK_TOP                     
00002f34  __TI_CINIT_Base                 
00002f3c  __TI_CINIT_Limit                
00002f30  __TI_Handler_Table_Base         
00002f34  __TI_Handler_Table_Limit        
00002819  __TI_auto_init_nobinit_nopinit  
ffffffff  __TI_pprof_out_hndl             
ffffffff  __TI_prof_data_size             
ffffffff  __TI_prof_data_start            
00000000  __TI_static_base__              
000028d5  __TI_zero_init_nomemset         
ffffffff  __binit__                       
ffffffff  __c_args__                      
UNDEFED   __mpu_init                      
20000270  __stack                         
0000289d  _c_int00_noargs                 
UNDEFED   _system_post_cinit              
000028f9  _system_pre_init                
000028fd  abort                           
ffffffff  binit                           
20000000  g_pfnRAMVectors                 
00000000  g_pfnVectors                    
00002785  main                            


GLOBAL SYMBOLS: SORTED BY Symbol Address 

address   name                            
-------   ----                            
00000000  __TI_static_base__              
00000000  g_pfnVectors                    
00000200  __STACK_SIZE                    
0000032d  SysCtlSRAMSizeGet               
00000337  SysCtlFlashSizeGet              
00000363  SysCtlFlashSectorSizeGet        
00000389  SysCtlPeripheralPresent         
000003c9  SysCtlPeripheralReady           
00000409  SysCtlPeripheralPowerOn         
00000445  SysCtlPeripheralPowerOff        
00000481  SysCtlPeripheralReset           
00000509  SysCtlPeripheralEnable          
00000545  SysCtlPeripheralDisable         
00000589  SysCtlPeripheralSleepEnable     
000005cd  SysCtlPeripheralSleepDisable    
00000609  SysCtlPeripheralDeepSleepEnable 
00000659  SysCtlPeripheralDeepSleepDisable
000006a1  SysCtlPeripheralClockGating     
000006f5  SysCtlIntRegister               
0000070d  SysCtlIntUnregister             
0000071d  SysCtlIntEnable                 
00000731  SysCtlIntDisable                
00000749  SysCtlIntClear                  
00000759  SysCtlIntStatus                 
00000775  SysCtlLDOSleepSet               
00000785  SysCtlLDOSleepGet               
0000078b  SysCtlLDODeepSleepSet           
0000079b  SysCtlLDODeepSleepGet           
000007a1  SysCtlSleepPowerSet             
000007b5  SysCtlDeepSleepPowerSet         
000007c5  SysCtlReset                     
000007cd  SysCtlSleep                     
000007d5  SysCtlDeepSleep                 
000007f1  SysCtlResetCauseGet             
000007f7  SysCtlResetCauseClear           
0000080b  SysCtlMOSCConfigSet             
00000821  SysCtlPIOSCCalibrate            
00000871  SysCtlResetBehaviorSet          
00000881  SysCtlResetBehaviorGet          
000008d1  SysCtlClockFreqSet              
00000bc9  SysCtlClockSet                  
00000d99  SysCtlClockGet                  
00000f3f  SysCtlDeepSleepClockSet         
00000f5d  SysCtlDeepSleepClockConfigSet   
00000fe7  SysCtlPWMClockSet               
00001001  SysCtlPWMClockGet               
00001017  SysCtlGPIOAHBEnable             
00001033  SysCtlGPIOAHBDisable            
0000104f  SysCtlUSBPLLEnable              
0000105b  SysCtlUSBPLLDisable             
0000106d  SysCtlVoltageEventConfig        
0000107d  SysCtlVoltageEventStatus        
00001089  SysCtlVoltageEventClear         
000010a1  SysCtlVCOGet                    
0000115d  SysCtlNMIStatus                 
00001171  SysCtlNMIClear                  
0000118d  SysCtlClockOutConfig            
000011a9  SysCtlAltClkConfig              
0000124b  GPIODirModeSet                  
000012a7  GPIODirModeGet                  
000012f3  GPIOIntTypeSet                  
00001397  GPIOIntTypeGet                  
0000142d  GPIOPadConfigSet                
00001667  GPIOPadConfigGet                
000017b9  GPIOIntEnable                   
000017d3  GPIOIntDisable                  
000017ed  GPIOIntStatus                   
0000180f  GPIOIntClear                    
00001823  GPIOIntRegister                 
00001841  GPIOIntUnregister               
0000185b  GPIOIntRegisterPin              
00001889  GPIOIntUnregisterPin            
000018ad  GPIOPinRead                     
000018c5  GPIOPinWrite                    
000018e5  GPIOPinTypeADC                  
00001909  GPIOPinTypeCAN                  
0000192d  GPIOPinTypeComparator           
00001951  GPIOPinTypeComparatorOutput     
00001975  GPIOPinTypeDIVSCLK              
00001999  GPIOPinTypeEPI                  
000019bd  GPIOPinTypeEthernetLED          
000019e1  GPIOPinTypeEthernetMII          
00001a05  GPIOPinTypeGPIOInput            
00001a29  GPIOPinTypeGPIOOutput           
00001a4d  GPIOPinTypeGPIOOutputOD         
00001a71  GPIOPinTypeHibernateRTCCLK      
00001a95  GPIOPinTypeI2C                  
00001ab9  GPIOPinTypeI2CSCL               
00001add  GPIOPinTypeLCD                  
00001b01  GPIOPinTypeOneWire              
00001b25  GPIOPinTypePWM                  
00001b49  GPIOPinTypeQEI                  
00001b6d  GPIOPinTypeSSI                  
00001b91  GPIOPinTypeTimer                
00001bb5  GPIOPinTypeTrace                
00001bd9  GPIOPinTypeUART                 
00001bfd  GPIOPinTypeUSBAnalog            
00001c21  GPIOPinTypeUSBDigital           
00001c45  GPIOPinTypeWakeHigh             
00001c6b  GPIOPinTypeWakeLow              
00001c91  GPIOPinWakeStatus               
00001ca1  GPIOPinConfigure                
00001cff  GPIODMATriggerEnable            
00001d1d  GPIODMATriggerDisable           
00001d3b  GPIOADCTriggerEnable            
00001d59  GPIOADCTriggerDisable           
00001df3  TimerEnable                     
00001e11  TimerDisable                    
00001e2f  TimerConfigure                  
00001eab  TimerControlLevel               
00001ee1  TimerControlTrigger             
00001f4f  TimerControlEvent               
00001f79  TimerControlStall               
00001faf  TimerControlWaitOnTrigger       
0000200f  TimerRTCEnable                  
00002025  TimerRTCDisable                 
0000203b  TimerClockSourceSet             
00002065  TimerClockSourceGet             
00002075  TimerPrescaleSet                
0000209f  TimerPrescaleGet                
000020bb  TimerPrescaleMatchSet           
000020e9  TimerPrescaleMatchGet           
00002105  TimerLoadSet                    
0000212f  TimerLoadGet                    
0000214b  TimerLoadSet64                  
00002165  TimerLoadGet64                  
00002197  TimerValueGet                   
000021b3  TimerValueGet64                 
000021e5  TimerMatchSet                   
0000220f  TimerMatchGet                   
0000222b  TimerMatchSet64                 
00002245  TimerMatchGet64                 
00002277  TimerIntRegister                
0000229f  TimerIntUnregister              
000022bd  TimerIntEnable                  
000022d5  TimerIntDisable                 
000022ed  TimerIntStatus                  
0000230b  TimerIntClear                   
0000231d  TimerSynchronize                
0000232f  TimerADCEventSet                
00002341  TimerADCEventGet                
0000234f  TimerDMAEventSet                
00002361  TimerDMAEventGet                
0000236f  TimerUpdateMode                 
000023c7  IntMasterEnable                 
000023d7  IntMasterDisable                
000023e7  IntRegister                     
00002439  IntUnregister                   
0000244d  IntPriorityGroupingSet          
00002467  IntPriorityGroupingGet          
0000249f  IntPrioritySet                  
000024ef  IntPriorityGet                  
00002513  IntEnable                       
00002585  IntDisable                      
000025f7  IntIsEnabled                    
0000267d  IntPendSet                      
000026ed  IntPendClear                    
0000273b  IntPriorityMaskSet              
00002747  IntPriorityMaskGet              
0000274f  IntTrigger                      
00002785  main                            
000027d9  Timer0IntHandler                
00002819  __TI_auto_init_nobinit_nopinit  
0000285d  CPUcpsid                        
00002869  CPUprimask                      
00002873  CPUcpsie                        
0000287f  CPUwfi                          
00002883  CPUbasepriSet                   
00002891  CPUbasepriGet                   
0000289d  _c_int00_noargs                 
000028d5  __TI_zero_init_nomemset         
000028e7  ResetISR                        
000028f3  SysCtlDelay                     
000028f9  _system_pre_init                
000028fd  C$$EXIT                         
000028fd  abort                           
00002f30  __TI_Handler_Table_Base         
00002f34  __TI_CINIT_Base                 
00002f34  __TI_Handler_Table_Limit        
00002f3c  __TI_CINIT_Limit                
20000000  g_pfnRAMVectors                 
20000270  __stack                         
20000470  __STACK_END                     
20000470  __STACK_TOP                     
ffffffff  __TI_pprof_out_hndl             
ffffffff  __TI_prof_data_size             
ffffffff  __TI_prof_data_start            
ffffffff  __binit__                       
ffffffff  __c_args__                      
ffffffff  binit                           
UNDEFED   __mpu_init                      
UNDEFED   _system_post_cinit              

[192 symbols]
